Archive member included to satisfy reference by file (symbol)

d:/logiciels/altera_lite/16.0/nios2eds/bin/gnu/h-x86_64-mingw32/bin/../lib/gcc/nios2-elf/5.2.0\libgcc.a(lib2-divmod.o)
                              obj/default/i2c/i2c.o (__udivsi3)
d:/logiciels/altera_lite/16.0/nios2eds/bin/gnu/h-x86_64-mingw32/bin/../lib/gcc/nios2-elf/5.2.0/../../../../../H-x86_64-mingw32/nios2-elf/lib\libc.a(lib_a-fclose.o)
                              obj/default/hello_world.o (fclose)
d:/logiciels/altera_lite/16.0/nios2eds/bin/gnu/h-x86_64-mingw32/bin/../lib/gcc/nios2-elf/5.2.0/../../../../../H-x86_64-mingw32/nios2-elf/lib\libc.a(lib_a-fflush.o)
                              d:/logiciels/altera_lite/16.0/nios2eds/bin/gnu/h-x86_64-mingw32/bin/../lib/gcc/nios2-elf/5.2.0/../../../../../H-x86_64-mingw32/nios2-elf/lib\libc.a(lib_a-fclose.o) (__sflush_r)
d:/logiciels/altera_lite/16.0/nios2eds/bin/gnu/h-x86_64-mingw32/bin/../lib/gcc/nios2-elf/5.2.0/../../../../../H-x86_64-mingw32/nios2-elf/lib\libc.a(lib_a-findfp.o)
                              d:/logiciels/altera_lite/16.0/nios2eds/bin/gnu/h-x86_64-mingw32/bin/../lib/gcc/nios2-elf/5.2.0/../../../../../H-x86_64-mingw32/nios2-elf/lib\libc.a(lib_a-fclose.o) (__sinit)
d:/logiciels/altera_lite/16.0/nios2eds/bin/gnu/h-x86_64-mingw32/bin/../lib/gcc/nios2-elf/5.2.0/../../../../../H-x86_64-mingw32/nios2-elf/lib\libc.a(lib_a-fopen.o)
                              obj/default/hello_world.o (fopen)
d:/logiciels/altera_lite/16.0/nios2eds/bin/gnu/h-x86_64-mingw32/bin/../lib/gcc/nios2-elf/5.2.0/../../../../../H-x86_64-mingw32/nios2-elf/lib\libc.a(lib_a-fprintf.o)
                              obj/default/hello_world.o (fprintf)
d:/logiciels/altera_lite/16.0/nios2eds/bin/gnu/h-x86_64-mingw32/bin/../lib/gcc/nios2-elf/5.2.0/../../../../../H-x86_64-mingw32/nios2-elf/lib\libc.a(lib_a-freer.o)
                              d:/logiciels/altera_lite/16.0/nios2eds/bin/gnu/h-x86_64-mingw32/bin/../lib/gcc/nios2-elf/5.2.0/../../../../../H-x86_64-mingw32/nios2-elf/lib\libc.a(lib_a-fclose.o) (_free_r)
d:/logiciels/altera_lite/16.0/nios2eds/bin/gnu/h-x86_64-mingw32/bin/../lib/gcc/nios2-elf/5.2.0/../../../../../H-x86_64-mingw32/nios2-elf/lib\libc.a(lib_a-fseek.o)
                              d:/logiciels/altera_lite/16.0/nios2eds/bin/gnu/h-x86_64-mingw32/bin/../lib/gcc/nios2-elf/5.2.0/../../../../../H-x86_64-mingw32/nios2-elf/lib\libc.a(lib_a-fopen.o) (_fseek_r)
d:/logiciels/altera_lite/16.0/nios2eds/bin/gnu/h-x86_64-mingw32/bin/../lib/gcc/nios2-elf/5.2.0/../../../../../H-x86_64-mingw32/nios2-elf/lib\libc.a(lib_a-fseeko.o)
                              d:/logiciels/altera_lite/16.0/nios2eds/bin/gnu/h-x86_64-mingw32/bin/../lib/gcc/nios2-elf/5.2.0/../../../../../H-x86_64-mingw32/nios2-elf/lib\libc.a(lib_a-fseek.o) (_fseeko_r)
d:/logiciels/altera_lite/16.0/nios2eds/bin/gnu/h-x86_64-mingw32/bin/../lib/gcc/nios2-elf/5.2.0/../../../../../H-x86_64-mingw32/nios2-elf/lib\libc.a(lib_a-fstatr.o)
                              d:/logiciels/altera_lite/16.0/nios2eds/bin/gnu/h-x86_64-mingw32/bin/../lib/gcc/nios2-elf/5.2.0/../../../../../H-x86_64-mingw32/nios2-elf/lib\libc.a(lib_a-fseeko.o) (_fstat_r)
d:/logiciels/altera_lite/16.0/nios2eds/bin/gnu/h-x86_64-mingw32/bin/../lib/gcc/nios2-elf/5.2.0/../../../../../H-x86_64-mingw32/nios2-elf/lib\libc.a(lib_a-fwalk.o)
                              d:/logiciels/altera_lite/16.0/nios2eds/bin/gnu/h-x86_64-mingw32/bin/../lib/gcc/nios2-elf/5.2.0/../../../../../H-x86_64-mingw32/nios2-elf/lib\libc.a(lib_a-findfp.o) (_fwalk)
d:/logiciels/altera_lite/16.0/nios2eds/bin/gnu/h-x86_64-mingw32/bin/../lib/gcc/nios2-elf/5.2.0/../../../../../H-x86_64-mingw32/nios2-elf/lib\libc.a(lib_a-impure.o)
                              d:/logiciels/altera_lite/16.0/nios2eds/bin/gnu/h-x86_64-mingw32/bin/../lib/gcc/nios2-elf/5.2.0/../../../../../H-x86_64-mingw32/nios2-elf/lib\libc.a(lib_a-fflush.o) (_global_impure_ptr)
d:/logiciels/altera_lite/16.0/nios2eds/bin/gnu/h-x86_64-mingw32/bin/../lib/gcc/nios2-elf/5.2.0/../../../../../H-x86_64-mingw32/nios2-elf/lib\libc.a(lib_a-int_errno.o)
                              d:/logiciels/altera_lite/16.0/nios2eds/bin/gnu/h-x86_64-mingw32/bin/../lib/gcc/nios2-elf/5.2.0/../../../../../H-x86_64-mingw32/nios2-elf/lib\libc.a(lib_a-fstatr.o) (errno)
d:/logiciels/altera_lite/16.0/nios2eds/bin/gnu/h-x86_64-mingw32/bin/../lib/gcc/nios2-elf/5.2.0/../../../../../H-x86_64-mingw32/nios2-elf/lib\libc.a(lib_a-makebuf.o)
                              d:/logiciels/altera_lite/16.0/nios2eds/bin/gnu/h-x86_64-mingw32/bin/../lib/gcc/nios2-elf/5.2.0/../../../../../H-x86_64-mingw32/nios2-elf/lib\libc.a(lib_a-fseeko.o) (__smakebuf_r)
d:/logiciels/altera_lite/16.0/nios2eds/bin/gnu/h-x86_64-mingw32/bin/../lib/gcc/nios2-elf/5.2.0/../../../../../H-x86_64-mingw32/nios2-elf/lib\libc.a(lib_a-mallocr.o)
[...]
Memory Configuration

Name             Origin             Length             Attributes
reset            0x0000000010100000 0x0000000000000020
onchip_memory2_0 0x0000000010100020 0x000000000001ffe0
*default*        0x0000000000000000 0xffffffffffffffff

Linker script and memory map

LOAD D:/Temp/EmbeddedProject_EPFL/Camera/lab_4_project_template/sw/nios/camera_controller_bsp//obj/HAL/src/crt0.o
LOAD obj/default/cmos_sensor_output_generator/cmos_sensor_output_generator.o
LOAD obj/default/hello_world.o
LOAD obj/default/i2c/i2c.o
LOAD d:/logiciels/altera_lite/16.0/nios2eds/bin/gnu/h-x86_64-mingw32/bin/../lib/gcc/nios2-elf/5.2.0/../../../../../H-x86_64-mingw32/nios2-elf/lib\libstdc++.a
LOAD d:/logiciels/altera_lite/16.0/nios2eds/bin/gnu/h-x86_64-mingw32/bin/../lib/gcc/nios2-elf/5.2.0/../../../../../H-x86_64-mingw32/nios2-elf/lib\libm.a
LOAD d:/logiciels/altera_lite/16.0/nios2eds/bin/gnu/h-x86_64-mingw32/bin/../lib/gcc/nios2-elf/5.2.0\libgcc.a
START GROUP
LOAD d:/logiciels/altera_lite/16.0/nios2eds/bin/gnu/h-x86_64-mingw32/bin/../lib/gcc/nios2-elf/5.2.0/../../../../../H-x86_64-mingw32/nios2-elf/lib\libc.a
LOAD d:/logiciels/altera_lite/16.0/nios2eds/bin/gnu/h-x86_64-mingw32/bin/../lib/gcc/nios2-elf/5.2.0\libgcc.a
LOAD D:/Temp/EmbeddedProject_EPFL/Camera/lab_4_project_template/sw/nios/camera_controller_bsp/\libhal_bsp.a
LOAD d:/logiciels/altera_lite/16.0/nios2eds/bin/gnu/h-x86_64-mingw32/bin/../lib/gcc/nios2-elf/5.2.0/../../../../../H-x86_64-mingw32/nios2-elf/lib\libm.a
END GROUP
LOAD d:/logiciels/altera_lite/16.0/nios2eds/bin/gnu/h-x86_64-mingw32/bin/../lib/gcc/nios2-elf/5.2.0\libgcc.a
                0x0000000010100000                __alt_mem_onchip_memory2_0 = 0x10100000

.entry          0x0000000010100000       0x20
 *(.entry)
 .entry         0x0000000010100000       0x20 D:/Temp/EmbeddedProject_EPFL/Camera/lab_4_project_template/sw/nios/camera_controller_bsp//obj/HAL/src/crt0.o
                0x0000000010100000                __reset

.exceptions     0x0000000010100020      0x224
                0x0000000010100020                PROVIDE (__ram_exceptions_start, ABSOLUTE (.))
                0x0000000010100020                . = ALIGN (0x20)
 *(.irq)
 *(.exceptions.entry.label)
 .exceptions.entry.label
                0x0000000010100020        0x0 D:/Temp/EmbeddedProject_EPFL/Camera/lab_4_project_template/sw/nios/camera_controller_bsp/\libhal_bsp.a(alt_irq_entry.o)
                0x0000000010100020                alt_irq_entry
 .exceptions.entry.label
                0x0000000010100020        0x0 D:/Temp/EmbeddedProject_EPFL/Camera/lab_4_project_template/sw/nios/camera_controller_bsp/\libhal_bsp.a(alt_exception_entry.o)
                0x0000000010100020                alt_exception
 *(.exceptions.entry.user)
 *(.exceptions.entry.ecc_fatal)
 *(.exceptions.entry)
 .exceptions.entry
                0x0000000010100020       0x54 D:/Temp/EmbeddedProject_EPFL/Camera/lab_4_project_template/sw/nios/camera_controller_bsp/\libhal_bsp.a(alt_exception_entry.o)
 *(.exceptions.irqtest.user)
 *(.exceptions.irqtest)
 .exceptions.irqtest
                0x0000000010100074       0x10 D:/Temp/EmbeddedProject_EPFL/Camera/lab_4_project_template/sw/nios/camera_controller_bsp/\libhal_bsp.a(alt_irq_entry.o)
 *(.exceptions.irqhandler.user)
 *(.exceptions.irqhandler)
 .exceptions.irqhandler
                0x0000000010100084        0x4 D:/Temp/EmbeddedProject_EPFL/Camera/lab_4_project_template/sw/nios/camera_controller_bsp/\libhal_bsp.a(alt_irq_entry.o)
 *(.exceptions.irqreturn.user)
 *(.exceptions.irqreturn)
 .exceptions.irqreturn
                0x0000000010100088        0x4 D:/Temp/EmbeddedProject_EPFL/Camera/lab_4_project_template/sw/nios/camera_controller_bsp/\libhal_bsp.a(alt_irq_entry.o)
 *(.exceptions.notirq.label)
 .exceptions.notirq.label
                0x000000001010008c        0x0 D:/Temp/EmbeddedProject_EPFL/Camera/lab_4_project_template/sw/nios/camera_controller_bsp/\libhal_bsp.a(alt_irq_entry.o)
 *(.exceptions.notirq.user)
 *(.exceptions.notirq)
 .exceptions.notirq
                0x000000001010008c        0x8 D:/Temp/EmbeddedProject_EPFL/Camera/lab_4_project_template/sw/nios/camera_controller_bsp/\libhal_bsp.a(alt_exception_entry.o)
 *(.exceptions.soft.user)
 *(.exceptions.soft)
 *(.exceptions.unknown.user)
 *(.exceptions.unknown)
 .exceptions.unknown
                0x0000000010100094       0x14 D:/Temp/EmbeddedProject_EPFL/Camera/lab_4_project_template/sw/nios/camera_controller_bsp/\libhal_bsp.a(alt_exception_entry.o)
 *(.exceptions.exit.label)
 .exceptions.exit.label
                0x00000000101000a8        0x0 D:/Temp/EmbeddedProject_EPFL/Camera/lab_4_project_template/sw/nios/camera_controller_bsp/\libhal_bsp.a(alt_irq_entry.o)
 .exceptions.exit.label
                0x00000000101000a8        0x0 D:/Temp/EmbeddedProject_EPFL/Camera/lab_4_project_template/sw/nios/camera_controller_bsp/\libhal_bsp.a(alt_exception_entry.o)
 *(.exceptions.exit.user)
 *(.exceptions.exit)
 .exceptions.exit
                0x00000000101000a8       0x54 D:/Temp/EmbeddedProject_EPFL/Camera/lab_4_project_template/sw/nios/camera_controller_bsp/\libhal_bsp.a(alt_exception_entry.o)
 *(.exceptions)
 .exceptions    0x00000000101000fc       0xd4 D:/Temp/EmbeddedProject_EPFL/Camera/lab_4_project_template/sw/nios/camera_controller_bsp/\libhal_bsp.a(alt_irq_handler.o)
                0x00000000101000fc                alt_irq_handler
 .exceptions    0x00000000101001d0       0x74 D:/Temp/EmbeddedProject_EPFL/Camera/lab_4_project_template/sw/nios/camera_controller_bsp/\libhal_bsp.a(alt_instruction_exception_entry.o)
                0x00000000101001d0                alt_instruction_exception_entry
                0x0000000010100244                PROVIDE (__ram_exceptions_end, ABSOLUTE (.))
                0x0000000010100020                PROVIDE (__flash_exceptions_start, LOADADDR (.exceptions))

.text           0x0000000010100244    0x116bc
                [!provide]                        PROVIDE (stext, ABSOLUTE (.))
 *(.interp)
 *(.hash)
 *(.dynsym)
 *(.dynstr)
 *(.gnu.version)
 *(.gnu.version_d)
 *(.gnu.version_r)
 *(.rel.init)
 *(.rela.init)
 *(.rel.text .rel.text.* .rel.gnu.linkonce.t.*)
 *(.rela.text .rela.text.* .rela.gnu.linkonce.t.*)
 *(.rel.fini)
 *(.rela.fini)
 *(.rel.rodata .rel.rodata.* .rel.gnu.linkonce.r.*)
 *(.rela.rodata .rela.rodata.* .rela.gnu.linkonce.r.*)
 *(.rel.data .rel.data.* .rel.gnu.linkonce.d.*)
 *(.rela.data .rela.data.* .rela.gnu.linkonce.d.*)
 *(.rel.tdata .rel.tdata.* .rel.gnu.linkonce.td.*)
 *(.rela.tdata .rela.tdata.* .rela.gnu.linkonce.td.*)
 *(.rel.tbss .rel.tbss.* .rel.gnu.linkonce.tb.*)
 *(.rela.tbss .rela.tbss.* .rela.gnu.linkonce.tb.*)
 *(.rel.ctors)
 *(.rela.ctors)
 *(.rel.dtors)
 *(.rela.dtors)
 *(.rel.got)
 *(.rela.got)
 *(.rel.sdata .rel.sdata.* .rel.gnu.linkonce.s.*)
 *(.rela.sdata .rela.sdata.* .rela.gnu.linkonce.s.*)
 *(.rel.sbss .rel.sbss.* .rel.gnu.linkonce.sb.*)
 *(.rela.sbss .rela.sbss.* .rela.gnu.linkonce.sb.*)
 *(.rel.sdata2 .rel.sdata2.* .rel.gnu.linkonce.s2.*)
 *(.rela.sdata2 .rela.sdata2.* .rela.gnu.linkonce.s2.*)
 *(.rel.sbss2 .rel.sbss2.* .rel.gnu.linkonce.sb2.*)
 *(.rela.sbss2 .rela.sbss2.* .rela.gnu.linkonce.sb2.*)
 *(.rel.bss .rel.bss.* .rel.gnu.linkonce.b.*)
 *(.rela.bss .rela.bss.* .rela.gnu.linkonce.b.*)
 *(.rel.plt)
 *(.rela.plt)
 *(.rel.dyn)
 *(.init)
 *(.plt)
 *(.text .stub .text.* .gnu.linkonce.t.*)
 .text          0x0000000010100244       0x4c D:/Temp/EmbeddedProject_EPFL/Camera/lab_4_project_template/sw/nios/camera_controller_bsp//obj/HAL/src/crt0.o
                0x0000000010100244                _start
 .text          0x0000000010100290      0x8b4 obj/default/cmos_sensor_output_generator/cmos_sensor_output_generator.o
                0x00000000101008d8                cmos_sensor_output_generator_inst
                0x0000000010100950                cmos_sensor_output_generator_init
                0x00000000101009cc                cmos_sensor_output_generator_configure
                0x0000000010100ad4                cmos_sensor_output_generator_start
                0x0000000010100b0c                cmos_sensor_output_generator_stop
 .text          0x0000000010100b44      0x560 obj/default/hello_world.o
                0x0000000010100b44                main
 .text          0x00000000101010a4      0x80c obj/default/i2c/i2c.o
                0x00000000101011f0                i2c_inst
                0x000000001010121c                i2c_init
                0x0000000010101280                i2c_configure
                0x0000000010101300                i2c_write
                0x000000001010142c                i2c_read
                0x0000000010101574                i2c_write_array
                0x0000000010101708                i2c_read_array
 .text          0x00000000101018b0      0x1b4 d:/logiciels/altera_lite/16.0/nios2eds/bin/gnu/h-x86_64-mingw32/bin/../lib/gcc/nios2-elf/5.2.0\libgcc.a(lib2-divmod.o)
                0x00000000101018b0                __divsi3
                0x0000000010101934                __modsi3
                0x00000000101019a8                __udivsi3
                0x0000000010101a0c                __umodsi3
 .text          0x0000000010101a64        0x0 d:/logiciels/altera_lite/16.0/nios2eds/bin/gnu/h-x86_64-mingw32/bin/../lib/gcc/nios2-elf/5.2.0/../../../../../H-x86_64-mingw32/nios2-elf/lib\libc.a(lib_a-fclose.o)
 .text._fclose_r
                0x0000000010101a64       0xf0 d:/logiciels/altera_lite/16.0/nios2eds/bin/gnu/h-x86_64-mingw32/bin/../lib/gcc/nios2-elf/5.2.0/../../../../../H-x86_64-mingw32/nios2-elf/lib\libc.a(lib_a-fclose.o)
                0x0000000010101a64                _fclose_r
 .text.fclose   0x0000000010101b54       0x14 d:/logiciels/altera_lite/16.0/nios2eds/bin/gnu/h-x86_64-mingw32/bin/../lib/gcc/nios2-elf/5.2.0/../../../../../H-x86_64-mingw32/nios2-elf/lib\libc.a(lib_a-fclose.o)
                0x0000000010101b54                fclose
 .text          0x0000000010101b68        0x0 d:/logiciels/altera_lite/16.0/nios2eds/bin/gnu/h-x86_64-mingw32/bin/../lib/gcc/nios2-elf/5.2.0/../../../../../H-x86_64-mingw32/nios2-elf/lib\libc.a(lib_a-fflush.o)
 .text.__sflush_r
                0x0000000010101b68      0x21c d:/logiciels/altera_lite/16.0/nios2eds/bin/gnu/h-x86_64-mingw32/bin/../lib/gcc/nios2-elf/5.2.0/../../../../../H-x86_64-mingw32/nios2-elf/lib\libc.a(lib_a-fflush.o)
                0x0000000010101b68                __sflush_r
 .text._fflush_r
                0x0000000010101d84       0x5c d:/logiciels/altera_lite/16.0/nios2eds/bin/gnu/h-x86_64-mingw32/bin/../lib/gcc/nios2-elf/5.2.0/../../../../../H-x86_64-mingw32/nios2-elf/lib\libc.a(lib_a-fflush.o)
                0x0000000010101d84                _fflush_r
 .text.fflush   0x0000000010101de0       0x30 d:/logiciels/altera_lite/16.0/nios2eds/bin/gnu/h-x86_64-mingw32/bin/../lib/gcc/nios2-elf/5.2.0/../../../../../H-x86_64-mingw32/nios2-elf/lib\libc.a(lib_a-fflush.o)
                0x0000000010101de0                fflush
 .text          0x0000000010101e10        0x0 d:/logiciels/altera_lite/16.0/nios2eds/bin/gnu/h-x86_64-mingw32/bin/../lib/gcc/nios2-elf/5.2.0/../../../../../H-x86_64-mingw32/nios2-elf/lib\libc.a(lib_a-findfp.o)
 .text.__fp_unlock
                0x0000000010101e10        0x8 d:/logiciels/altera_lite/16.0/nios2eds/bin/gnu/h-x86_64-mingw32/bin/../lib/gcc/nios2-elf/5.2.0/../../../../../H-x86_64-mingw32/nios2-elf/lib\libc.a(lib_a-findfp.o)
 .text._cleanup_r
                0x0000000010101e18        0xc d:/logiciels/altera_lite/16.0/nios2eds/bin/gnu/h-x86_64-mingw32/bin/../lib/gcc/nios2-elf/5.2.0/../../../../../H-x86_64-mingw32/nios2-elf/lib\libc.a(lib_a-findfp.o)
                0x0000000010101e18                _cleanup_r
 .text.__sinit.part.1
                0x0000000010101e24      0x19c d:/logiciels/altera_lite/16.0/nios2eds/bin/gnu/h-x86_64-mingw32/bin/../lib/gcc/nios2-elf/5.2.0/../../../../../H-x86_64-mingw32/nios2-elf/lib\libc.a(lib_a-findfp.o)
 .text.__fp_lock
                0x0000000010101fc0        0x8 d:/logiciels/altera_lite/16.0/nios2eds/bin/gnu/h-x86_64-mingw32/bin/../lib/gcc/nios2-elf/5.2.0/../../../../../H-x86_64-mingw32/nios2-elf/lib\libc.a(lib_a-findfp.o)
 .text.__sfmoreglue
                0x0000000010101fc8       0x68 d:/logiciels/altera_lite/16.0/nios2eds/bin/gnu/h-x86_64-mingw32/bin/../lib/gcc/nios2-elf/5.2.0/../../../../../H-x86_64-mingw32/nios2-elf/lib\libc.a(lib_a-findfp.o)
                0x0000000010101fc8                __sfmoreglue
 .text.__sfp    0x0000000010102030      0x118 d:/logiciels/altera_lite/16.0/nios2eds/bin/gnu/h-x86_64-mingw32/bin/../lib/gcc/nios2-elf/5.2.0/../../../../../H-x86_64-mingw32/nios2-elf/lib\libc.a(lib_a-findfp.o)
                0x0000000010102030                __sfp
 .text._cleanup
                0x0000000010102148       0x18 d:/logiciels/altera_lite/16.0/nios2eds/bin/gnu/h-x86_64-mingw32/bin/../lib/gcc/nios2-elf/5.2.0/../../../../../H-x86_64-mingw32/nios2-elf/lib\libc.a(lib_a-findfp.o)
                0x0000000010102148                _cleanup
 .text.__sinit  0x0000000010102160       0x10 d:/logiciels/altera_lite/16.0/nios2eds/bin/gnu/h-x86_64-mingw32/bin/../lib/gcc/nios2-elf/5.2.0/../../../../../H-x86_64-mingw32/nios2-elf/lib\libc.a(lib_a-findfp.o)
                0x0000000010102160                __sinit
 .text.__sfp_lock_acquire
                0x0000000010102170        0x4 d:/logiciels/altera_lite/16.0/nios2eds/bin/gnu/h-x86_64-mingw32/bin/../lib/gcc/nios2-elf/5.2.0/../../../../../H-x86_64-mingw32/nios2-elf/lib\libc.a(lib_a-findfp.o)
                0x0000000010102170                __sfp_lock_acquire
 .text.__sfp_lock_release
                0x0000000010102174        0x4 d:/logiciels/altera_lite/16.0/nios2eds/bin/gnu/h-x86_64-mingw32/bin/../lib/gcc/nios2-elf/5.2.0/../../../../../H-x86_64-mingw32/nios2-elf/lib\libc.a(lib_a-findfp.o)
                0x0000000010102174                __sfp_lock_release
 .text.__sinit_lock_acquire
                0x0000000010102178        0x4 d:/logiciels/altera_lite/16.0/nios2eds/bin/gnu/h-x86_64-mingw32/bin/../lib/gcc/nios2-elf/5.2.0/../../../../../H-x86_64-mingw32/nios2-elf/lib\libc.a(lib_a-findfp.o)
                0x0000000010102178                __sinit_lock_acquire
 .text.__sinit_lock_release
                0x000000001010217c        0x4 d:/logiciels/altera_lite/16.0/nios2eds/bin/gnu/h-x86_64-mingw32/bin/../lib/gcc/nios2-elf/5.2.0/../../../../../H-x86_64-mingw32/nios2-elf/lib\libc.a(lib_a-findfp.o)
                0x000000001010217c                __sinit_lock_release
 .text.__fp_lock_all
                0x0000000010102180       0x18 d:/logiciels/altera_lite/16.0/nios2eds/bin/gnu/h-x86_64-mingw32/bin/../lib/gcc/nios2-elf/5.2.0/../../../../../H-x86_64-mingw32/nios2-elf/lib\libc.a(lib_a-findfp.o)
                0x0000000010102180                __fp_lock_all
 .text.__fp_unlock_all
                0x0000000010102198       0x18 d:/logiciels/altera_lite/16.0/nios2eds/bin/gnu/h-x86_64-mingw32/bin/../lib/gcc/nios2-elf/5.2.0/../../../../../H-x86_64-mingw32/nios2-elf/lib\libc.a(lib_a-findfp.o)
                0x0000000010102198                __fp_unlock_all
 .text          0x00000000101021b0        0x0 d:/logiciels/altera_lite/16.0/nios2eds/bin/gnu/h-x86_64-mingw32/bin/../lib/gcc/nios2-elf/5.2.0/../../../../../H-x86_64-mingw32/nios2-elf/lib\libc.a(lib_a-fopen.o)
 .text._fopen_r
                0x00000000101021b0       0xf4 d:/logiciels/altera_lite/16.0/nios2eds/bin/gnu/h-x86_64-mingw32/bin/../lib/gcc/nios2-elf/5.2.0/../../../../../H-x86_64-mingw32/nios2-elf/lib\libc.a(lib_a-fopen.o)
                0x00000000101021b0                _fopen_r
 .text.fopen    0x00000000101022a4       0x18 d:/logiciels/altera_lite/16.0/nios2eds/bin/gnu/h-x86_64-mingw32/bin/../lib/gcc/nios2-elf/5.2.0/../../../../../H-x86_64-mingw32/nios2-elf/lib\libc.a(lib_a-fopen.o)
                0x00000000101022a4                fopen
 .text          0x00000000101022bc        0x0 d:/logiciels/altera_lite/16.0/nios2eds/bin/gnu/h-x86_64-mingw32/bin/../lib/gcc/nios2-elf/5.2.0/../../../../../H-x86_64-mingw32/nios2-elf/lib\libc.a(lib_a-fprintf.o)
 .text._fprintf_r
                0x00000000101022bc       0x28 d:/logiciels/altera_lite/16.0/nios2eds/bin/gnu/h-x86_64-mingw32/bin/../lib/gcc/nios2-elf/5.2.0/../../../../../H-x86_64-mingw32/nios2-elf/lib\libc.a(lib_a-fprintf.o)
                0x00000000101022bc                _fprintf_r
 .text.fprintf  0x00000000101022e4       0x24 d:/logiciels/altera_lite/16.0/nios2eds/bin/gnu/h-x86_64-mingw32/bin/../lib/gcc/nios2-elf/5.2.0/../../../../../H-x86_64-mingw32/nios2-elf/lib\libc.a(lib_a-fprintf.o)
                0x00000000101022e4                fprintf
 .text          0x0000000010102308        0x0 d:/logiciels/altera_lite/16.0/nios2eds/bin/gnu/h-x86_64-mingw32/bin/../lib/gcc/nios2-elf/5.2.0/../../../../../H-x86_64-mingw32/nios2-elf/lib\libc.a(lib_a-freer.o)
 .text._malloc_trim_r
                0x0000000010102308      0x124 d:/logiciels/altera_lite/16.0/nios2eds/bin/gnu/h-x86_64-mingw32/bin/../lib/gcc/nios2-elf/5.2.0/../../../../../H-x86_64-mingw32/nios2-elf/lib\libc.a(lib_a-freer.o)
                0x0000000010102308                _malloc_trim_r
 .text._free_r  0x000000001010242c      0x310 d:/logiciels/altera_lite/16.0/nios2eds/bin/gnu/h-x86_64-mingw32/bin/../lib/gcc/nios2-elf/5.2.0/../../../../../H-x86_64-mingw32/nios2-elf/lib\libc.a(lib_a-freer.o)
                0x000000001010242c                _free_r
 .text          0x000000001010273c        0x0 d:/logiciels/altera_lite/16.0/nios2eds/bin/gnu/h-x86_64-mingw32/bin/../lib/gcc/nios2-elf/5.2.0/../../../../../H-x86_64-mingw32/nios2-elf/lib\libc.a(lib_a-fseek.o)
 .text._fseek_r
                0x000000001010273c        0x4 d:/logiciels/altera_lite/16.0/nios2eds/bin/gnu/h-x86_64-mingw32/bin/../lib/gcc/nios2-elf/5.2.0/../../../../../H-x86_64-mingw32/nios2-elf/lib\libc.a(lib_a-fseek.o)
                0x000000001010273c                _fseek_r
 .text.fseek    0x0000000010102740       0x1c d:/logiciels/altera_lite/16.0/nios2eds/bin/gnu/h-x86_64-mingw32/bin/../lib/gcc/nios2-elf/5.2.0/../../../../../H-x86_64-mingw32/nios2-elf/lib\libc.a(lib_a-fseek.o)
                0x0000000010102740                fseek
 .text          0x000000001010275c        0x0 d:/logiciels/altera_lite/16.0/nios2eds/bin/gnu/h-x86_64-mingw32/bin/../lib/gcc/nios2-elf/5.2.0/../../../../../H-x86_64-mingw32/nios2-elf/lib\libc.a(lib_a-fseeko.o)
 .text._fseeko_r
                0x000000001010275c      0x444 d:/logiciels/altera_lite/16.0/nios2eds/bin/gnu/h-x86_64-mingw32/bin/../lib/gcc/nios2-elf/5.2.0/../../../../../H-x86_64-mingw32/nios2-elf/lib\libc.a(lib_a-fseeko.o)
                0x000000001010275c                _fseeko_r
 .text.fseeko   0x0000000010102ba0       0x1c d:/logiciels/altera_lite/16.0/nios2eds/bin/gnu/h-x86_64-mingw32/bin/../lib/gcc/nios2-elf/5.2.0/../../../../../H-x86_64-mingw32/nios2-elf/lib\libc.a(lib_a-fseeko.o)
                0x0000000010102ba0                fseeko
 .text          0x0000000010102bbc        0x0 d:/logiciels/altera_lite/16.0/nios2eds/bin/gnu/h-x86_64-mingw32/bin/../lib/gcc/nios2-elf/5.2.0/../../../../../H-x86_64-mingw32/nios2-elf/lib\libc.a(lib_a-fstatr.o)
 .text._fstat_r
                0x0000000010102bbc       0x5c d:/logiciels/altera_lite/16.0/nios2eds/bin/gnu/h-x86_64-mingw32/bin/../lib/gcc/nios2-elf/5.2.0/../../../../../H-x86_64-mingw32/nios2-elf/lib\libc.a(lib_a-fstatr.o)
                0x0000000010102bbc                _fstat_r
 .text          0x0000000010102c18        0x0 d:/logiciels/altera_lite/16.0/nios2eds/bin/gnu/h-x86_64-mingw32/bin/../lib/gcc/nios2-elf/5.2.0/../../../../../H-x86_64-mingw32/nios2-elf/lib\libc.a(lib_a-fwalk.o)
 .text._fwalk   0x0000000010102c18       0xc4 d:/logiciels/altera_lite/16.0/nios2eds/bin/gnu/h-x86_64-mingw32/bin/../lib/gcc/nios2-elf/5.2.0/../../../../../H-x86_64-mingw32/nios2-elf/lib\libc.a(lib_a-fwalk.o)
                0x0000000010102c18                _fwalk
 .text._fwalk_reent
                0x0000000010102cdc       0xc4 d:/logiciels/altera_lite/16.0/nios2eds/bin/gnu/h-x86_64-mingw32/bin/../lib/gcc/nios2-elf/5.2.0/../../../../../H-x86_64-mingw32/nios2-elf/lib\libc.a(lib_a-fwalk.o)
                0x0000000010102cdc                _fwalk_reent
 .text          0x0000000010102da0        0x0 d:/logiciels/altera_lite/16.0/nios2eds/bin/gnu/h-x86_64-mingw32/bin/../lib/gcc/nios2-elf/5.2.0/../../../../../H-x86_64-mingw32/nios2-elf/lib\libc.a(lib_a-impure.o)
 .text          0x0000000010102da0        0x0 d:/logiciels/altera_lite/16.0/nios2eds/bin/gnu/h-x86_64-mingw32/bin/../lib/gcc/nios2-elf/5.2.0/../../../../../H-x86_64-mingw32/nios2-elf/lib\libc.a(lib_a-int_errno.o)
 .text          0x0000000010102da0        0x0 d:/logiciels/altera_lite/16.0/nios2eds/bin/gnu/h-x86_64-mingw32/bin/../lib/gcc/nios2-elf/5.2.0/../../../../../H-x86_64-mingw32/nios2-elf/lib\libc.a(lib_a-makebuf.o)
 .text.__smakebuf_r
                0x0000000010102da0      0x1bc d:/logiciels/altera_lite/16.0/nios2eds/bin/gnu/h-x86_64-mingw32/bin/../lib/gcc/nios2-elf/5.2.0/../../../../../H-x86_64-mingw32/nios2-elf/lib\libc.a(lib_a-makebuf.o)
                0x0000000010102da0                __smakebuf_r
 .text          0x0000000010102f5c        0x0 d:/logiciels/altera_lite/16.0/nios2eds/bin/gnu/h-x86_64-mingw32/bin/../lib/gcc/nios2-elf/5.2.0/../../../../../H-x86_64-mingw32/nios2-elf/lib\libc.a(lib_a-mallocr.o)
 .text._malloc_r
                0x0000000010102f5c      0x80c d:/logiciels/altera_lite/16.0/nios2eds/bin/gnu/h-x86_64-mingw32/bin/../lib/gcc/nios2-elf/5.2.0/../../../../../H-x86_64-mingw32/nios2-elf/lib\libc.a(lib_a-mallocr.o)
                0x0000000010102f5c                _malloc_r
 .text          0x0000000010103768        0x0 d:/logiciels/altera_lite/16.0/nios2eds/bin/gnu/h-x86_64-mingw32/bin/../lib/gcc/nios2-elf/5.2.0/../../../../../H-x86_64-mingw32/nios2-elf/lib\libc.a(lib_a-memset.o)
 .text.memset   0x0000000010103768      0x128 d:/logiciels/altera_lite/16.0/nios2eds/bin/gnu/h-x86_64-mingw32/bin/../lib/gcc/nios2-elf/5.2.0/../../../../../H-x86_64-mingw32/nios2-elf/lib\libc.a(lib_a-memset.o)
                0x0000000010103768                memset
 .text          0x0000000010103890        0x0 d:/logiciels/altera_lite/16.0/nios2eds/bin/gnu/h-x86_64-mingw32/bin/../lib/gcc/nios2-elf/5.2.0/../../../../../H-x86_64-mingw32/nios2-elf/lib\libc.a(lib_a-openr.o)
 .text._open_r  0x0000000010103890       0x60 d:/logiciels/altera_lite/16.0/nios2eds/bin/gnu/h-x86_64-mingw32/bin/../lib/gcc/nios2-elf/5.2.0/../../../../../H-x86_64-mingw32/nios2-elf/lib\libc.a(lib_a-openr.o)
                0x0000000010103890                _open_r
 .text          0x00000000101038f0        0x0 d:/logiciels/altera_lite/16.0/nios2eds/bin/gnu/h-x86_64-mingw32/bin/../lib/gcc/nios2-elf/5.2.0/../../../../../H-x86_64-mingw32/nios2-elf/lib\libc.a(lib_a-printf.o)
 .text._printf_r
                0x00000000101038f0       0x30 d:/logiciels/altera_lite/16.0/nios2eds/bin/gnu/h-x86_64-mingw32/bin/../lib/gcc/nios2-elf/5.2.0/../../../../../H-x86_64-mingw32/nios2-elf/lib\libc.a(lib_a-printf.o)
                0x00000000101038f0                _printf_r
 .text.printf   0x0000000010103920       0x3c d:/logiciels/altera_lite/16.0/nios2eds/bin/gnu/h-x86_64-mingw32/bin/../lib/gcc/nios2-elf/5.2.0/../../../../../H-x86_64-mingw32/nios2-elf/lib\libc.a(lib_a-printf.o)
                0x0000000010103920                printf
 .text          0x000000001010395c        0x0 d:/logiciels/altera_lite/16.0/nios2eds/bin/gnu/h-x86_64-mingw32/bin/../lib/gcc/nios2-elf/5.2.0/../../../../../H-x86_64-mingw32/nios2-elf/lib\libc.a(lib_a-puts.o)
 .text._puts_r  0x000000001010395c       0xc0 d:/logiciels/altera_lite/16.0/nios2eds/bin/gnu/h-x86_64-mingw32/bin/../lib/gcc/nios2-elf/5.2.0/../../../../../H-x86_64-mingw32/nios2-elf/lib\libc.a(lib_a-puts.o)
                0x000000001010395c                _puts_r
 .text.puts     0x0000000010103a1c       0x14 d:/logiciels/altera_lite/16.0/nios2eds/bin/gnu/h-x86_64-mingw32/bin/../lib/gcc/nios2-elf/5.2.0/../../../../../H-x86_64-mingw32/nios2-elf/lib\libc.a(lib_a-puts.o)
                0x0000000010103a1c                puts
 .text          0x0000000010103a30        0x0 d:/logiciels/altera_lite/16.0/nios2eds/bin/gnu/h-x86_64-mingw32/bin/../lib/gcc/nios2-elf/5.2.0/../../../../../H-x86_64-mingw32/nios2-elf/lib\libc.a(lib_a-refill.o)
 .text.lflush   0x0000000010103a30       0x1c d:/logiciels/altera_lite/16.0/nios2eds/bin/gnu/h-x86_64-mingw32/bin/../lib/gcc/nios2-elf/5.2.0/../../../../../H-x86_64-mingw32/nios2-elf/lib\libc.a(lib_a-refill.o)
 .text.__srefill_r
                0x0000000010103a4c      0x1d4 d:/logiciels/altera_lite/16.0/nios2eds/bin/gnu/h-x86_64-mingw32/bin/../lib/gcc/nios2-elf/5.2.0/../../../../../H-x86_64-mingw32/nios2-elf/lib\libc.a(lib_a-refill.o)
                0x0000000010103a4c                __srefill_r
 .text          0x0000000010103c20        0x0 d:/logiciels/altera_lite/16.0/nios2eds/bin/gnu/h-x86_64-mingw32/bin/../lib/gcc/nios2-elf/5.2.0/../../../../../H-x86_64-mingw32/nios2-elf/lib\libc.a(lib_a-sbrkr.o)
 .text._sbrk_r  0x0000000010103c20       0x54 d:/logiciels/altera_lite/16.0/nios2eds/bin/gnu/h-x86_64-mingw32/bin/../lib/gcc/nios2-elf/5.2.0/../../../../../H-x86_64-mingw32/nios2-elf/lib\libc.a(lib_a-sbrkr.o)
                0x0000000010103c20                _sbrk_r
 .text          0x0000000010103c74        0x0 d:/logiciels/altera_lite/16.0/nios2eds/bin/gnu/h-x86_64-mingw32/bin/../lib/gcc/nios2-elf/5.2.0/../../../../../H-x86_64-mingw32/nios2-elf/lib\libc.a(lib_a-stdio.o)
 .text.__sread  0x0000000010103c74       0x54 d:/logiciels/altera_lite/16.0/nios2eds/bin/gnu/h-x86_64-mingw32/bin/../lib/gcc/nios2-elf/5.2.0/../../../../../H-x86_64-mingw32/nios2-elf/lib\libc.a(lib_a-stdio.o)
                0x0000000010103c74                __sread
 .text.__seofread
                0x0000000010103cc8        0x8 d:/logiciels/altera_lite/16.0/nios2eds/bin/gnu/h-x86_64-mingw32/bin/../lib/gcc/nios2-elf/5.2.0/../../../../../H-x86_64-mingw32/nios2-elf/lib\libc.a(lib_a-stdio.o)
                0x0000000010103cc8                __seofread
 .text.__swrite
                0x0000000010103cd0       0x7c d:/logiciels/altera_lite/16.0/nios2eds/bin/gnu/h-x86_64-mingw32/bin/../lib/gcc/nios2-elf/5.2.0/../../../../../H-x86_64-mingw32/nios2-elf/lib\libc.a(lib_a-stdio.o)
                0x0000000010103cd0                __swrite
 .text.__sseek  0x0000000010103d4c       0x5c d:/logiciels/altera_lite/16.0/nios2eds/bin/gnu/h-x86_64-mingw32/bin/../lib/gcc/nios2-elf/5.2.0/../../../../../H-x86_64-mingw32/nios2-elf/lib\libc.a(lib_a-stdio.o)
                0x0000000010103d4c                __sseek
 .text.__sclose
                0x0000000010103da8        0x8 d:/logiciels/altera_lite/16.0/nios2eds/bin/gnu/h-x86_64-mingw32/bin/../lib/gcc/nios2-elf/5.2.0/../../../../../H-x86_64-mingw32/nios2-elf/lib\libc.a(lib_a-stdio.o)
                0x0000000010103da8                __sclose
 .text          0x0000000010103db0        0x0 d:/logiciels/altera_lite/16.0/nios2eds/bin/gnu/h-x86_64-mingw32/bin/../lib/gcc/nios2-elf/5.2.0/../../../../../H-x86_64-mingw32/nios2-elf/lib\libc.a(lib_a-strlen.o)
 .text.strlen   0x0000000010103db0       0x98 d:/logiciels/altera_lite/16.0/nios2eds/bin/gnu/h-x86_64-mingw32/bin/../lib/gcc/nios2-elf/5.2.0/../../../../../H-x86_64-mingw32/nios2-elf/lib\libc.a(lib_a-strlen.o)
                0x0000000010103db0                strlen
 .text          0x0000000010103e48        0x0 d:/logiciels/altera_lite/16.0/nios2eds/bin/gnu/h-x86_64-mingw32/bin/../lib/gcc/nios2-elf/5.2.0/../../../../../H-x86_64-mingw32/nios2-elf/lib\libc.a(lib_a-vfprintf.o)
 .text.___vfprintf_internal_r
                0x0000000010103e48     0x21f8 d:/logiciels/altera_lite/16.0/nios2eds/bin/gnu/h-x86_64-mingw32/bin/../lib/gcc/nios2-elf/5.2.0/../../../../../H-x86_64-mingw32/nios2-elf/lib\libc.a(lib_a-vfprintf.o)
                0x0000000010103e48                ___vfprintf_internal_r
 .text.__vfprintf_internal
                0x0000000010106040       0x1c d:/logiciels/altera_lite/16.0/nios2eds/bin/gnu/h-x86_64-mingw32/bin/../lib/gcc/nios2-elf/5.2.0/../../../../../H-x86_64-mingw32/nios2-elf/lib\libc.a(lib_a-vfprintf.o)
                0x0000000010106040                __vfprintf_internal
 .text.__sbprintf
                0x000000001010605c       0xbc d:/logiciels/altera_lite/16.0/nios2eds/bin/gnu/h-x86_64-mingw32/bin/../lib/gcc/nios2-elf/5.2.0/../../../../../H-x86_64-mingw32/nios2-elf/lib\libc.a(lib_a-vfprintf.o)
 .text          0x0000000010106118        0x0 d:/logiciels/altera_lite/16.0/nios2eds/bin/gnu/h-x86_64-mingw32/bin/../lib/gcc/nios2-elf/5.2.0/../../../../../H-x86_64-mingw32/nios2-elf/lib\libc.a(lib_a-writer.o)
 .text._write_r
                0x0000000010106118       0x60 d:/logiciels/altera_lite/16.0/nios2eds/bin/gnu/h-x86_64-mingw32/bin/../lib/gcc/nios2-elf/5.2.0/../../../../../H-x86_64-mingw32/nios2-elf/lib\libc.a(lib_a-writer.o)
                0x0000000010106118                _write_r
 .text          0x0000000010106178        0x0 d:/logiciels/altera_lite/16.0/nios2eds/bin/gnu/h-x86_64-mingw32/bin/../lib/gcc/nios2-elf/5.2.0/../../../../../H-x86_64-mingw32/nios2-elf/lib\libc.a(lib_a-wsetup.o)
 .text.__swsetup_r
                0x0000000010106178      0x154 d:/logiciels/altera_lite/16.0/nios2eds/bin/gnu/h-x86_64-mingw32/bin/../lib/gcc/nios2-elf/5.2.0/../../../../../H-x86_64-mingw32/nios2-elf/lib\libc.a(lib_a-wsetup.o)
                0x0000000010106178                __swsetup_r
 .text          0x00000000101062cc        0x0 d:/logiciels/altera_lite/16.0/nios2eds/bin/gnu/h-x86_64-mingw32/bin/../lib/gcc/nios2-elf/5.2.0/../../../../../H-x86_64-mingw32/nios2-elf/lib\libc.a(closer.o)
 .text._close_r
                0x00000000101062cc       0x54 d:/logiciels/altera_lite/16.0/nios2eds/bin/gnu/h-x86_64-mingw32/bin/../lib/gcc/nios2-elf/5.2.0/../../../../../H-x86_64-mingw32/nios2-elf/lib\libc.a(closer.o)
                0x00000000101062cc                _close_r
 .text          0x0000000010106320        0x0 d:/logiciels/altera_lite/16.0/nios2eds/bin/gnu/h-x86_64-mingw32/bin/../lib/gcc/nios2-elf/5.2.0/../../../../../H-x86_64-mingw32/nios2-elf/lib\libc.a(lib_a-dtoa.o)
 .text.quorem   0x0000000010106320      0x200 d:/logiciels/altera_lite/16.0/nios2eds/bin/gnu/h-x86_64-mingw32/bin/../lib/gcc/nios2-elf/5.2.0/../../../../../H-x86_64-mingw32/nios2-elf/lib\libc.a(lib_a-dtoa.o)
 .text._dtoa_r  0x0000000010106520     0x1688 d:/logiciels/altera_lite/16.0/nios2eds/bin/gnu/h-x86_64-mingw32/bin/../lib/gcc/nios2-elf/5.2.0/../../../../../H-x86_64-mingw32/nios2-elf/lib\libc.a(lib_a-dtoa.o)
                0x0000000010106520                _dtoa_r
 .text          0x0000000010107ba8        0x0 d:/logiciels/altera_lite/16.0/nios2eds/bin/gnu/h-x86_64-mingw32/bin/../lib/gcc/nios2-elf/5.2.0/../../../../../H-x86_64-mingw32/nios2-elf/lib\libc.a(lib_a-flags.o)
 .text.__sflags
                0x0000000010107ba8       0xac d:/logiciels/altera_lite/16.0/nios2eds/bin/gnu/h-x86_64-mingw32/bin/../lib/gcc/nios2-elf/5.2.0/../../../../../H-x86_64-mingw32/nios2-elf/lib\libc.a(lib_a-flags.o)
                0x0000000010107ba8                __sflags
 .text          0x0000000010107c54        0x0 d:/logiciels/altera_lite/16.0/nios2eds/bin/gnu/h-x86_64-mingw32/bin/../lib/gcc/nios2-elf/5.2.0/../../../../../H-x86_64-mingw32/nios2-elf/lib\libc.a(lib_a-fvwrite.o)
 .text.__sfvwrite_r
                0x0000000010107c54      0x4bc d:/logiciels/altera_lite/16.0/nios2eds/bin/gnu/h-x86_64-mingw32/bin/../lib/gcc/nios2-elf/5.2.0/../../../../../H-x86_64-mingw32/nios2-elf/lib\libc.a(lib_a-fvwrite.o)
                0x0000000010107c54                __sfvwrite_r
 .text          0x0000000010108110        0x0 d:/logiciels/altera_lite/16.0/nios2eds/bin/gnu/h-x86_64-mingw32/bin/../lib/gcc/nios2-elf/5.2.0/../../../../../H-x86_64-mingw32/nios2-elf/lib\libc.a(lib_a-isattyr.o)
 .text._isatty_r
                0x0000000010108110       0x54 d:/logiciels/altera_lite/16.0/nios2eds/bin/gnu/h-x86_64-mingw32/bin/../lib/gcc/nios2-elf/5.2.0/../../../../../H-x86_64-mingw32/nios2-elf/lib\libc.a(lib_a-isattyr.o)
                0x0000000010108110                _isatty_r
 .text          0x0000000010108164        0x0 d:/logiciels/altera_lite/16.0/nios2eds/bin/gnu/h-x86_64-mingw32/bin/../lib/gcc/nios2-elf/5.2.0/../../../../../H-x86_64-mingw32/nios2-elf/lib\libc.a(lib_a-locale.o)
 .text._setlocale_r
                0x0000000010108164       0x7c d:/logiciels/altera_lite/16.0/nios2eds/bin/gnu/h-x86_64-mingw32/bin/../lib/gcc/nios2-elf/5.2.0/../../../../../H-x86_64-mingw32/nios2-elf/lib\libc.a(lib_a-locale.o)
                0x0000000010108164                _setlocale_r
 .text.__locale_charset
                0x00000000101081e0        0xc d:/logiciels/altera_lite/16.0/nios2eds/bin/gnu/h-x86_64-mingw32/bin/../lib/gcc/nios2-elf/5.2.0/../../../../../H-x86_64-mingw32/nios2-elf/lib\libc.a(lib_a-locale.o)
                0x00000000101081e0                __locale_charset
 .text.__locale_mb_cur_max
                0x00000000101081ec       0x10 d:/logiciels/altera_lite/16.0/nios2eds/bin/gnu/h-x86_64-mingw32/bin/../lib/gcc/nios2-elf/5.2.0/../../../../../H-x86_64-mingw32/nios2-elf/lib\libc.a(lib_a-locale.o)
                0x00000000101081ec                __locale_mb_cur_max
 .text.__locale_msgcharset
                0x00000000101081fc        0xc d:/logiciels/altera_lite/16.0/nios2eds/bin/gnu/h-x86_64-mingw32/bin/../lib/gcc/nios2-elf/5.2.0/../../../../../H-x86_64-mingw32/nios2-elf/lib\libc.a(lib_a-locale.o)
                0x00000000101081fc                __locale_msgcharset
 .text.__locale_cjk_lang
                0x0000000010108208        0x8 d:/logiciels/altera_lite/16.0/nios2eds/bin/gnu/h-x86_64-mingw32/bin/../lib/gcc/nios2-elf/5.2.0/../../../../../H-x86_64-mingw32/nios2-elf/lib\libc.a(lib_a-locale.o)
                0x0000000010108208                __locale_cjk_lang
 .text._localeconv_r
                0x0000000010108210        0xc d:/logiciels/altera_lite/16.0/nios2eds/bin/gnu/h-x86_64-mingw32/bin/../lib/gcc/nios2-elf/5.2.0/../../../../../H-x86_64-mingw32/nios2-elf/lib\libc.a(lib_a-locale.o)
                0x0000000010108210                _localeconv_r
 .text.setlocale
                0x000000001010821c       0x18 d:/logiciels/altera_lite/16.0/nios2eds/bin/gnu/h-x86_64-mingw32/bin/../lib/gcc/nios2-elf/5.2.0/../../../../../H-x86_64-mingw32/nios2-elf/lib\libc.a(lib_a-locale.o)
                0x000000001010821c                setlocale
 .text.localeconv
                0x0000000010108234        0xc d:/logiciels/altera_lite/16.0/nios2eds/bin/gnu/h-x86_64-mingw32/bin/../lib/gcc/nios2-elf/5.2.0/../../../../../H-x86_64-mingw32/nios2-elf/lib\libc.a(lib_a-locale.o)
                0x0000000010108234                localeconv
 .text          0x0000000010108240        0x0 d:/logiciels/altera_lite/16.0/nios2eds/bin/gnu/h-x86_64-mingw32/bin/../lib/gcc/nios2-elf/5.2.0/../../../../../H-x86_64-mingw32/nios2-elf/lib\libc.a(lib_a-lseekr.o)
 .text._lseek_r
                0x0000000010108240       0x60 d:/logiciels/altera_lite/16.0/nios2eds/bin/gnu/h-x86_64-mingw32/bin/../lib/gcc/nios2-elf/5.2.0/../../../../../H-x86_64-mingw32/nios2-elf/lib\libc.a(lib_a-lseekr.o)
                0x0000000010108240                _lseek_r
 .text          0x00000000101082a0        0x0 d:/logiciels/altera_lite/16.0/nios2eds/bin/gnu/h-x86_64-mingw32/bin/../lib/gcc/nios2-elf/5.2.0/../../../../../H-x86_64-mingw32/nios2-elf/lib\libc.a(lib_a-memchr.o)
 .text.memchr   0x00000000101082a0       0xe4 d:/logiciels/altera_lite/16.0/nios2eds/bin/gnu/h-x86_64-mingw32/bin/../lib/gcc/nios2-elf/5.2.0/../../../../../H-x86_64-mingw32/nios2-elf/lib\libc.a(lib_a-memchr.o)
                0x00000000101082a0                memchr
 .text          0x0000000010108384        0x0 d:/logiciels/altera_lite/16.0/nios2eds/bin/gnu/h-x86_64-mingw32/bin/../lib/gcc/nios2-elf/5.2.0/../../../../../H-x86_64-mingw32/nios2-elf/lib\libc.a(lib_a-memcpy.o)
 .text.memcpy   0x0000000010108384      0x148 d:/logiciels/altera_lite/16.0/nios2eds/bin/gnu/h-x86_64-mingw32/bin/../lib/gcc/nios2-elf/5.2.0/../../../../../H-x86_64-mingw32/nios2-elf/lib\libc.a(lib_a-memcpy.o)
                0x0000000010108384                memcpy
 .text          0x00000000101084cc        0x0 d:/logiciels/altera_lite/16.0/nios2eds/bin/gnu/h-x86_64-mingw32/bin/../lib/gcc/nios2-elf/5.2.0/../../../../../H-x86_64-mingw32/nios2-elf/lib\libc.a(lib_a-memmove.o)
 .text.memmove  0x00000000101084cc      0x15c d:/logiciels/altera_lite/16.0/nios2eds/bin/gnu/h-x86_64-mingw32/bin/../lib/gcc/nios2-elf/5.2.0/../../../../../H-x86_64-mingw32/nios2-elf/lib\libc.a(lib_a-memmove.o)
                0x00000000101084cc                memmove
 .text          0x0000000010108628        0x0 d:/logiciels/altera_lite/16.0/nios2eds/bin/gnu/h-x86_64-mingw32/bin/../lib/gcc/nios2-elf/5.2.0/../../../../../H-x86_64-mingw32/nios2-elf/lib\libc.a(lib_a-mprec.o)
 .text._Balloc  0x0000000010108628       0xa8 d:/logiciels/altera_lite/16.0/nios2eds/bin/gnu/h-x86_64-mingw32/bin/../lib/gcc/nios2-elf/5.2.0/../../../../../H-x86_64-mingw32/nios2-elf/lib\libc.a(lib_a-mprec.o)
                0x0000000010108628                _Balloc
 .text._Bfree   0x00000000101086d0       0x28 d:/logiciels/altera_lite/16.0/nios2eds/bin/gnu/h-x86_64-mingw32/bin/../lib/gcc/nios2-elf/5.2.0/../../../../../H-x86_64-mingw32/nios2-elf/lib\libc.a(lib_a-mprec.o)
                0x00000000101086d0                _Bfree
 .text.__multadd
                0x00000000101086f8      0x120 d:/logiciels/altera_lite/16.0/nios2eds/bin/gnu/h-x86_64-mingw32/bin/../lib/gcc/nios2-elf/5.2.0/../../../../../H-x86_64-mingw32/nios2-elf/lib\libc.a(lib_a-mprec.o)
                0x00000000101086f8                __multadd
 .text.__s2b    0x0000000010108818      0x104 d:/logiciels/altera_lite/16.0/nios2eds/bin/gnu/h-x86_64-mingw32/bin/../lib/gcc/nios2-elf/5.2.0/../../../../../H-x86_64-mingw32/nios2-elf/lib\libc.a(lib_a-mprec.o)
                0x0000000010108818                __s2b
 .text.__hi0bits
                0x000000001010891c       0x68 d:/logiciels/altera_lite/16.0/nios2eds/bin/gnu/h-x86_64-mingw32/bin/../lib/gcc/nios2-elf/5.2.0/../../../../../H-x86_64-mingw32/nios2-elf/lib\libc.a(lib_a-mprec.o)
                0x000000001010891c                __hi0bits
 .text.__lo0bits
                0x0000000010108984       0xb0 d:/logiciels/altera_lite/16.0/nios2eds/bin/gnu/h-x86_64-mingw32/bin/../lib/gcc/nios2-elf/5.2.0/../../../../../H-x86_64-mingw32/nios2-elf/lib\libc.a(lib_a-mprec.o)
                0x0000000010108984                __lo0bits
 .text.__i2b    0x0000000010108a34       0x3c d:/logiciels/altera_lite/16.0/nios2eds/bin/gnu/h-x86_64-mingw32/bin/../lib/gcc/nios2-elf/5.2.0/../../../../../H-x86_64-mingw32/nios2-elf/lib\libc.a(lib_a-mprec.o)
                0x0000000010108a34                __i2b
 .text.__multiply
                0x0000000010108a70      0x1f8 d:/logiciels/altera_lite/16.0/nios2eds/bin/gnu/h-x86_64-mingw32/bin/../lib/gcc/nios2-elf/5.2.0/../../../../../H-x86_64-mingw32/nios2-elf/lib\libc.a(lib_a-mprec.o)
                0x0000000010108a70                __multiply
 .text.__pow5mult
                0x0000000010108c68      0x140 d:/logiciels/altera_lite/16.0/nios2eds/bin/gnu/h-x86_64-mingw32/bin/../lib/gcc/nios2-elf/5.2.0/../../../../../H-x86_64-mingw32/nios2-elf/lib\libc.a(lib_a-mprec.o)
                0x0000000010108c68                __pow5mult
 .text.__lshift
                0x0000000010108da8      0x148 d:/logiciels/altera_lite/16.0/nios2eds/bin/gnu/h-x86_64-mingw32/bin/../lib/gcc/nios2-elf/5.2.0/../../../../../H-x86_64-mingw32/nios2-elf/lib\libc.a(lib_a-mprec.o)
                0x0000000010108da8                __lshift
 .text.__mcmp   0x0000000010108ef0       0x60 d:/logiciels/altera_lite/16.0/nios2eds/bin/gnu/h-x86_64-mingw32/bin/../lib/gcc/nios2-elf/5.2.0/../../../../../H-x86_64-mingw32/nios2-elf/lib\libc.a(lib_a-mprec.o)
                0x0000000010108ef0                __mcmp
 .text.__mdiff  0x0000000010108f50      0x1fc d:/logiciels/altera_lite/16.0/nios2eds/bin/gnu/h-x86_64-mingw32/bin/../lib/gcc/nios2-elf/5.2.0/../../../../../H-x86_64-mingw32/nios2-elf/lib\libc.a(lib_a-mprec.o)
                0x0000000010108f50                __mdiff
 .text.__ulp    0x000000001010914c       0x64 d:/logiciels/altera_lite/16.0/nios2eds/bin/gnu/h-x86_64-mingw32/bin/../lib/gcc/nios2-elf/5.2.0/../../../../../H-x86_64-mingw32/nios2-elf/lib\libc.a(lib_a-mprec.o)
                0x000000001010914c                __ulp
 .text.__b2d    0x00000000101091b0      0x10c d:/logiciels/altera_lite/16.0/nios2eds/bin/gnu/h-x86_64-mingw32/bin/../lib/gcc/nios2-elf/5.2.0/../../../../../H-x86_64-mingw32/nios2-elf/lib\libc.a(lib_a-mprec.o)
                0x00000000101091b0                __b2d
 .text.__d2b    0x00000000101092bc      0x14c d:/logiciels/altera_lite/16.0/nios2eds/bin/gnu/h-x86_64-mingw32/bin/../lib/gcc/nios2-elf/5.2.0/../../../../../H-x86_64-mingw32/nios2-elf/lib\libc.a(lib_a-mprec.o)
                0x00000000101092bc                __d2b
 .text.__ratio  0x0000000010109408       0xa4 d:/logiciels/altera_lite/16.0/nios2eds/bin/gnu/h-x86_64-mingw32/bin/../lib/gcc/nios2-elf/5.2.0/../../../../../H-x86_64-mingw32/nios2-elf/lib\libc.a(lib_a-mprec.o)
                0x0000000010109408                __ratio
 .text._mprec_log10
                0x00000000101094ac       0x74 d:/logiciels/altera_lite/16.0/nios2eds/bin/gnu/h-x86_64-mingw32/bin/../lib/gcc/nios2-elf/5.2.0/../../../../../H-x86_64-mingw32/nios2-elf/lib\libc.a(lib_a-mprec.o)
                0x00000000101094ac                _mprec_log10
 .text.__copybits
                0x0000000010109520       0x78 d:/logiciels/altera_lite/16.0/nios2eds/bin/gnu/h-x86_64-mingw32/bin/../lib/gcc/nios2-elf/5.2.0/../../../../../H-x86_64-mingw32/nios2-elf/lib\libc.a(lib_a-mprec.o)
                0x0000000010109520                __copybits
 .text.__any_on
                0x0000000010109598       0x8c d:/logiciels/altera_lite/16.0/nios2eds/bin/gnu/h-x86_64-mingw32/bin/../lib/gcc/nios2-elf/5.2.0/../../../../../H-x86_64-mingw32/nios2-elf/lib\libc.a(lib_a-mprec.o)
                0x0000000010109598                __any_on
 .text          0x0000000010109624        0x0 d:/logiciels/altera_lite/16.0/nios2eds/bin/gnu/h-x86_64-mingw32/bin/../lib/gcc/nios2-elf/5.2.0/../../../../../H-x86_64-mingw32/nios2-elf/lib\libc.a(lib_a-readr.o)
 .text._read_r  0x0000000010109624       0x60 d:/logiciels/altera_lite/16.0/nios2eds/bin/gnu/h-x86_64-mingw32/bin/../lib/gcc/nios2-elf/5.2.0/../../../../../H-x86_64-mingw32/nios2-elf/lib\libc.a(lib_a-readr.o)
                0x0000000010109624                _read_r
 .text          0x0000000010109684        0x0 d:/logiciels/altera_lite/16.0/nios2eds/bin/gnu/h-x86_64-mingw32/bin/../lib/gcc/nios2-elf/5.2.0/../../../../../H-x86_64-mingw32/nios2-elf/lib\libc.a(lib_a-reallocr.o)
 .text._realloc_r
                0x0000000010109684      0x564 d:/logiciels/altera_lite/16.0/nios2eds/bin/gnu/h-x86_64-mingw32/bin/../lib/gcc/nios2-elf/5.2.0/../../../../../H-x86_64-mingw32/nios2-elf/lib\libc.a(lib_a-reallocr.o)
                0x0000000010109684                _realloc_r
 .text          0x0000000010109be8        0x0 d:/logiciels/altera_lite/16.0/nios2eds/bin/gnu/h-x86_64-mingw32/bin/../lib/gcc/nios2-elf/5.2.0/../../../../../H-x86_64-mingw32/nios2-elf/lib\libc.a(lib_a-s_fpclassify.o)
 .text.__fpclassifyd
                0x0000000010109be8       0x74 d:/logiciels/altera_lite/16.0/nios2eds/bin/gnu/h-x86_64-mingw32/bin/../lib/gcc/nios2-elf/5.2.0/../../../../../H-x86_64-mingw32/nios2-elf/lib\libc.a(lib_a-s_fpclassify.o)
                0x0000000010109be8                __fpclassifyd
 .text          0x0000000010109c5c        0x0 d:/logiciels/altera_lite/16.0/nios2eds/bin/gnu/h-x86_64-mingw32/bin/../lib/gcc/nios2-elf/5.2.0/../../../../../H-x86_64-mingw32/nios2-elf/lib\libc.a(lib_a-strcmp.o)
 .text.strcmp   0x0000000010109c5c       0xdc d:/logiciels/altera_lite/16.0/nios2eds/bin/gnu/h-x86_64-mingw32/bin/../lib/gcc/nios2-elf/5.2.0/../../../../../H-x86_64-mingw32/nios2-elf/lib\libc.a(lib_a-strcmp.o)
                0x0000000010109c5c                strcmp
 .text          0x0000000010109d38        0x0 d:/logiciels/altera_lite/16.0/nios2eds/bin/gnu/h-x86_64-mingw32/bin/../lib/gcc/nios2-elf/5.2.0/../../../../../H-x86_64-mingw32/nios2-elf/lib\libc.a(lib_a-vfiprintf.o)
 .text.__sprint_r.part.0
                0x0000000010109d38       0xfc d:/logiciels/altera_lite/16.0/nios2eds/bin/gnu/h-x86_64-mingw32/bin/../lib/gcc/nios2-elf/5.2.0/../../../../../H-x86_64-mingw32/nios2-elf/lib\libc.a(lib_a-vfiprintf.o)
 .text.__sprint_r
                0x0000000010109e34       0x18 d:/logiciels/altera_lite/16.0/nios2eds/bin/gnu/h-x86_64-mingw32/bin/../lib/gcc/nios2-elf/5.2.0/../../../../../H-x86_64-mingw32/nios2-elf/lib\libc.a(lib_a-vfiprintf.o)
                0x0000000010109e34                __sprint_r
 .text.___vfiprintf_internal_r
                0x0000000010109e4c     0x145c d:/logiciels/altera_lite/16.0/nios2eds/bin/gnu/h-x86_64-mingw32/bin/../lib/gcc/nios2-elf/5.2.0/../../../../../H-x86_64-mingw32/nios2-elf/lib\libc.a(lib_a-vfiprintf.o)
                0x0000000010109e4c                ___vfiprintf_internal_r
 .text.__vfiprintf_internal
                0x000000001010b2a8       0x1c d:/logiciels/altera_lite/16.0/nios2eds/bin/gnu/h-x86_64-mingw32/bin/../lib/gcc/nios2-elf/5.2.0/../../../../../H-x86_64-mingw32/nios2-elf/lib\libc.a(lib_a-vfiprintf.o)
                0x000000001010b2a8                __vfiprintf_internal
 .text.__sbprintf
                0x000000001010b2c4       0xbc d:/logiciels/altera_lite/16.0/nios2eds/bin/gnu/h-x86_64-mingw32/bin/../lib/gcc/nios2-elf/5.2.0/../../../../../H-x86_64-mingw32/nios2-elf/lib\libc.a(lib_a-vfiprintf.o)
 .text          0x000000001010b380        0x0 d:/logiciels/altera_lite/16.0/nios2eds/bin/gnu/h-x86_64-mingw32/bin/../lib/gcc/nios2-elf/5.2.0/../../../../../H-x86_64-mingw32/nios2-elf/lib\libc.a(lib_a-callocr.o)
 .text._calloc_r
                0x000000001010b380       0xc4 d:/logiciels/altera_lite/16.0/nios2eds/bin/gnu/h-x86_64-mingw32/bin/../lib/gcc/nios2-elf/5.2.0/../../../../../H-x86_64-mingw32/nios2-elf/lib\libc.a(lib_a-callocr.o)
                0x000000001010b380                _calloc_r
 .text          0x000000001010b444        0x0 d:/logiciels/altera_lite/16.0/nios2eds/bin/gnu/h-x86_64-mingw32/bin/../lib/gcc/nios2-elf/5.2.0/../../../../../H-x86_64-mingw32/nios2-elf/lib\libc.a(lib_a-fputwc.o)
 .text.__fputwc
                0x000000001010b444      0x164 d:/logiciels/altera_lite/16.0/nios2eds/bin/gnu/h-x86_64-mingw32/bin/../lib/gcc/nios2-elf/5.2.0/../../../../../H-x86_64-mingw32/nios2-elf/lib\libc.a(lib_a-fputwc.o)
                0x000000001010b444                __fputwc
 .text._fputwc_r
                0x000000001010b5a8       0x24 d:/logiciels/altera_lite/16.0/nios2eds/bin/gnu/h-x86_64-mingw32/bin/../lib/gcc/nios2-elf/5.2.0/../../../../../H-x86_64-mingw32/nios2-elf/lib\libc.a(lib_a-fputwc.o)
                0x000000001010b5a8                _fputwc_r
 .text.fputwc   0x000000001010b5cc       0x80 d:/logiciels/altera_lite/16.0/nios2eds/bin/gnu/h-x86_64-mingw32/bin/../lib/gcc/nios2-elf/5.2.0/../../../../../H-x86_64-mingw32/nios2-elf/lib\libc.a(lib_a-fputwc.o)
                0x000000001010b5cc                fputwc
 .text          0x000000001010b64c        0x0 d:/logiciels/altera_lite/16.0/nios2eds/bin/gnu/h-x86_64-mingw32/bin/../lib/gcc/nios2-elf/5.2.0/../../../../../H-x86_64-mingw32/nios2-elf/lib\libc.a(lib_a-wbuf.o)
 .text.__swbuf_r
                0x000000001010b64c      0x140 d:/logiciels/altera_lite/16.0/nios2eds/bin/gnu/h-x86_64-mingw32/bin/../lib/gcc/nios2-elf/5.2.0/../../../../../H-x86_64-mingw32/nios2-elf/lib\libc.a(lib_a-wbuf.o)
                0x000000001010b64c                __swbuf_r
 .text.__swbuf  0x000000001010b78c       0x18 d:/logiciels/altera_lite/16.0/nios2eds/bin/gnu/h-x86_64-mingw32/bin/../lib/gcc/nios2-elf/5.2.0/../../../../../H-x86_64-mingw32/nios2-elf/lib\libc.a(lib_a-wbuf.o)
                0x000000001010b78c                __swbuf
 .text          0x000000001010b7a4        0x0 d:/logiciels/altera_lite/16.0/nios2eds/bin/gnu/h-x86_64-mingw32/bin/../lib/gcc/nios2-elf/5.2.0/../../../../../H-x86_64-mingw32/nios2-elf/lib\libc.a(lib_a-wcrtomb.o)
 .text._wcrtomb_r
                0x000000001010b7a4       0x9c d:/logiciels/altera_lite/16.0/nios2eds/bin/gnu/h-x86_64-mingw32/bin/../lib/gcc/nios2-elf/5.2.0/../../../../../H-x86_64-mingw32/nios2-elf/lib\libc.a(lib_a-wcrtomb.o)
                0x000000001010b7a4                _wcrtomb_r
 .text.wcrtomb  0x000000001010b840       0xc0 d:/logiciels/altera_lite/16.0/nios2eds/bin/gnu/h-x86_64-mingw32/bin/../lib/gcc/nios2-elf/5.2.0/../../../../../H-x86_64-mingw32/nios2-elf/lib\libc.a(lib_a-wcrtomb.o)
                0x000000001010b840                wcrtomb
 .text          0x000000001010b900        0x0 d:/logiciels/altera_lite/16.0/nios2eds/bin/gnu/h-x86_64-mingw32/bin/../lib/gcc/nios2-elf/5.2.0/../../../../../H-x86_64-mingw32/nios2-elf/lib\libc.a(lib_a-wctomb_r.o)
 .text.__ascii_wctomb
                0x000000001010b900       0x30 d:/logiciels/altera_lite/16.0/nios2eds/bin/gnu/h-x86_64-mingw32/bin/../lib/gcc/nios2-elf/5.2.0/../../../../../H-x86_64-mingw32/nios2-elf/lib\libc.a(lib_a-wctomb_r.o)
                0x000000001010b900                __ascii_wctomb
 .text._wctomb_r
                0x000000001010b930       0x5c d:/logiciels/altera_lite/16.0/nios2eds/bin/gnu/h-x86_64-mingw32/bin/../lib/gcc/nios2-elf/5.2.0/../../../../../H-x86_64-mingw32/nios2-elf/lib\libc.a(lib_a-wctomb_r.o)
                0x000000001010b930                _wctomb_r
 .text          0x000000001010b98c      0x578 d:/logiciels/altera_lite/16.0/nios2eds/bin/gnu/h-x86_64-mingw32/bin/../lib/gcc/nios2-elf/5.2.0\libgcc.a(_udivdi3.o)
                0x000000001010b98c                __udivdi3
 .text          0x000000001010bf04      0x538 d:/logiciels/altera_lite/16.0/nios2eds/bin/gnu/h-x86_64-mingw32/bin/../lib/gcc/nios2-elf/5.2.0\libgcc.a(_umoddi3.o)
                0x000000001010bf04                __umoddi3
 .text          0x000000001010c43c      0x8ac d:/logiciels/altera_lite/16.0/nios2eds/bin/gnu/h-x86_64-mingw32/bin/../lib/gcc/nios2-elf/5.2.0\libgcc.a(adddf3.o)
                0x000000001010c43c                __adddf3
 .text          0x000000001010cce8      0x8e8 d:/logiciels/altera_lite/16.0/nios2eds/bin/gnu/h-x86_64-mingw32/bin/../lib/gcc/nios2-elf/5.2.0\libgcc.a(divdf3.o)
                0x000000001010cce8                __divdf3
 .text          0x000000001010d5d0       0x88 d:/logiciels/altera_lite/16.0/nios2eds/bin/gnu/h-x86_64-mingw32/bin/../lib/gcc/nios2-elf/5.2.0\libgcc.a(eqdf2.o)
                0x000000001010d5d0                __nedf2
                0x000000001010d5d0                __eqdf2
 .text          0x000000001010d658       0xdc d:/logiciels/altera_lite/16.0/nios2eds/bin/gnu/h-x86_64-mingw32/bin/../lib/gcc/nios2-elf/5.2.0\libgcc.a(gedf2.o)
                0x000000001010d658                __gedf2
                0x000000001010d658                __gtdf2
 .text          0x000000001010d734       0xf4 d:/logiciels/altera_lite/16.0/nios2eds/bin/gnu/h-x86_64-mingw32/bin/../lib/gcc/nios2-elf/5.2.0\libgcc.a(ledf2.o)
                0x000000001010d734                __ledf2
                0x000000001010d734                __ltdf2
 .text          0x000000001010d828      0x718 d:/logiciels/altera_lite/16.0/nios2eds/bin/gnu/h-x86_64-mingw32/bin/../lib/gcc/nios2-elf/5.2.0\libgcc.a(muldf3.o)
                0x000000001010d828                __muldf3
 .text          0x000000001010df40      0x8fc d:/logiciels/altera_lite/16.0/nios2eds/bin/gnu/h-x86_64-mingw32/bin/../lib/gcc/nios2-elf/5.2.0\libgcc.a(subdf3.o)
                0x000000001010df40                __subdf3
 .text          0x000000001010e83c       0x80 d:/logiciels/altera_lite/16.0/nios2eds/bin/gnu/h-x86_64-mingw32/bin/../lib/gcc/nios2-elf/5.2.0\libgcc.a(fixdfsi.o)
                0x000000001010e83c                __fixdfsi
 .text          0x000000001010e8bc       0xdc d:/logiciels/altera_lite/16.0/nios2eds/bin/gnu/h-x86_64-mingw32/bin/../lib/gcc/nios2-elf/5.2.0\libgcc.a(floatsidf.o)
                0x000000001010e8bc                __floatsidf
 .text          0x000000001010e998       0xa8 d:/logiciels/altera_lite/16.0/nios2eds/bin/gnu/h-x86_64-mingw32/bin/../lib/gcc/nios2-elf/5.2.0\libgcc.a(floatunsidf.o)
                0x000000001010e998                __floatunsidf
 .text          0x000000001010ea40        0x0 d:/logiciels/altera_lite/16.0/nios2eds/bin/gnu/h-x86_64-mingw32/bin/../lib/gcc/nios2-elf/5.2.0\libgcc.a(_clz.o)
 .text          0x000000001010ea40       0x64 d:/logiciels/altera_lite/16.0/nios2eds/bin/gnu/h-x86_64-mingw32/bin/../lib/gcc/nios2-elf/5.2.0\libgcc.a(_clzsi2.o)
                0x000000001010ea40                __clzsi2
 .text          0x000000001010eaa4      0x120 D:/Temp/EmbeddedProject_EPFL/Camera/lab_4_project_template/sw/nios/camera_controller_bsp/\libhal_bsp.a(alt_close.o)
                0x000000001010eaf4                close
 .text          0x000000001010ebc4       0x2c D:/Temp/EmbeddedProject_EPFL/Camera/lab_4_project_template/sw/nios/camera_controller_bsp/\libhal_bsp.a(alt_dev.o)
 .text          0x000000001010ebf0        0x0 D:/Temp/EmbeddedProject_EPFL/Camera/lab_4_project_template/sw/nios/camera_controller_bsp/\libhal_bsp.a(alt_errno.o)
 .text          0x000000001010ebf0      0x100 D:/Temp/EmbeddedProject_EPFL/Camera/lab_4_project_template/sw/nios/camera_controller_bsp/\libhal_bsp.a(alt_fstat.o)
                0x000000001010ec40                fstat
 .text          0x000000001010ecf0       0xf4 D:/Temp/EmbeddedProject_EPFL/Camera/lab_4_project_template/sw/nios/camera_controller_bsp/\libhal_bsp.a(alt_isatty.o)
                0x000000001010ed40                isatty
 .text          0x000000001010ede4       0xec D:/Temp/EmbeddedProject_EPFL/Camera/lab_4_project_template/sw/nios/camera_controller_bsp/\libhal_bsp.a(alt_load.o)
                0x000000001010ee4c                alt_load
 .text          0x000000001010eed0      0x124 D:/Temp/EmbeddedProject_EPFL/Camera/lab_4_project_template/sw/nios/camera_controller_bsp/\libhal_bsp.a(alt_lseek.o)
                0x000000001010ef20                lseek
 .text          0x000000001010eff4       0x7c D:/Temp/EmbeddedProject_EPFL/Camera/lab_4_project_template/sw/nios/camera_controller_bsp/\libhal_bsp.a(alt_main.o)
                0x000000001010eff4                alt_main
 .text          0x000000001010f070       0x48 D:/Temp/EmbeddedProject_EPFL/Camera/lab_4_project_template/sw/nios/camera_controller_bsp/\libhal_bsp.a(alt_malloc_lock.o)
                0x000000001010f070                __malloc_lock
                0x000000001010f094                __malloc_unlock
 .text          0x000000001010f0b8      0x274 D:/Temp/EmbeddedProject_EPFL/Camera/lab_4_project_template/sw/nios/camera_controller_bsp/\libhal_bsp.a(alt_open.o)
                0x000000001010f1d4                open
 .text          0x000000001010f32c      0x14c D:/Temp/EmbeddedProject_EPFL/Camera/lab_4_project_template/sw/nios/camera_controller_bsp/\libhal_bsp.a(alt_read.o)
                0x000000001010f37c                read
 .text          0x000000001010f478       0x64 D:/Temp/EmbeddedProject_EPFL/Camera/lab_4_project_template/sw/nios/camera_controller_bsp/\libhal_bsp.a(alt_release_fd.o)
                0x000000001010f478                alt_release_fd
 .text          0x000000001010f4dc       0xb0 D:/Temp/EmbeddedProject_EPFL/Camera/lab_4_project_template/sw/nios/camera_controller_bsp/\libhal_bsp.a(alt_sbrk.o)
                0x000000001010f4dc                sbrk
 .text          0x000000001010f58c       0x30 D:/Temp/EmbeddedProject_EPFL/Camera/lab_4_project_template/sw/nios/camera_controller_bsp/\libhal_bsp.a(alt_usleep.o)
                0x000000001010f58c                usleep
 .text          0x000000001010f5bc      0x148 D:/Temp/EmbeddedProject_EPFL/Camera/lab_4_project_template/sw/nios/camera_controller_bsp/\libhal_bsp.a(alt_write.o)
                0x000000001010f60c                write
 .text          0x000000001010f704       0xc4 D:/Temp/EmbeddedProject_EPFL/Camera/lab_4_project_template/sw/nios/camera_controller_bsp/\libhal_bsp.a(alt_sys_init.o)
                0x000000001010f73c                alt_irq_init
                0x000000001010f774                alt_sys_init
 .text          0x000000001010f7c8      0x164 D:/Temp/EmbeddedProject_EPFL/Camera/lab_4_project_template/sw/nios/camera_controller_bsp/\libhal_bsp.a(altera_avalon_jtag_uart_fd.o)
                0x000000001010f7c8                altera_avalon_jtag_uart_read_fd
                0x000000001010f828                altera_avalon_jtag_uart_write_fd
                0x000000001010f888                altera_avalon_jtag_uart_close_fd
                0x000000001010f8d8                altera_avalon_jtag_uart_ioctl_fd
 .text          0x000000001010f92c      0x3e4 D:/Temp/EmbeddedProject_EPFL/Camera/lab_4_project_template/sw/nios/camera_controller_bsp/\libhal_bsp.a(altera_avalon_jtag_uart_init.o)
                0x000000001010f92c                altera_avalon_jtag_uart_init
                0x000000001010fca8                altera_avalon_jtag_uart_close
 .text          0x000000001010fd10       0xf0 D:/Temp/EmbeddedProject_EPFL/Camera/lab_4_project_template/sw/nios/camera_controller_bsp/\libhal_bsp.a(altera_avalon_jtag_uart_ioctl.o)
                0x000000001010fd10                altera_avalon_jtag_uart_ioctl
 .text          0x000000001010fe00      0x21c D:/Temp/EmbeddedProject_EPFL/Camera/lab_4_project_template/sw/nios/camera_controller_bsp/\libhal_bsp.a(altera_avalon_jtag_uart_read.o)
                0x000000001010fe00                altera_avalon_jtag_uart_read
 .text          0x000000001011001c      0x224 D:/Temp/EmbeddedProject_EPFL/Camera/lab_4_project_template/sw/nios/camera_controller_bsp/\libhal_bsp.a(altera_avalon_jtag_uart_write.o)
                0x000000001011001c                altera_avalon_jtag_uart_write
 .text          0x0000000010110240      0x484 D:/Temp/EmbeddedProject_EPFL/Camera/lab_4_project_template/sw/nios/camera_controller_bsp/\libhal_bsp.a(altera_hostfs.o)
                0x0000000010110240                alt_hostfs_open
                0x000000001011035c                alt_hostfs_close
                0x00000000101103a0                alt_hostfs_read
                0x000000001011040c                alt_hostfs_write
                0x0000000010110478                alt_hostfs_seek
                0x00000000101104e0                alt_hostfs_fstat
 .text          0x00000000101106c4      0x140 D:/Temp/EmbeddedProject_EPFL/Camera/lab_4_project_template/sw/nios/camera_controller_bsp/\libhal_bsp.a(alt_alarm_start.o)
                0x00000000101106c4                alt_alarm_start
 .text          0x0000000010110804      0x158 D:/Temp/EmbeddedProject_EPFL/Camera/lab_4_project_template/sw/nios/camera_controller_bsp/\libhal_bsp.a(alt_busy_sleep.o)
                0x0000000010110804                alt_busy_sleep
 .text          0x000000001011095c       0x48 D:/Temp/EmbeddedProject_EPFL/Camera/lab_4_project_template/sw/nios/camera_controller_bsp/\libhal_bsp.a(alt_dcache_flush_all.o)
                0x000000001011095c                alt_dcache_flush_all
 .text          0x00000000101109a4       0xf4 D:/Temp/EmbeddedProject_EPFL/Camera/lab_4_project_template/sw/nios/camera_controller_bsp/\libhal_bsp.a(alt_dev_llist_insert.o)
                0x00000000101109f4                alt_dev_llist_insert
 .text          0x0000000010110a98       0x60 D:/Temp/EmbeddedProject_EPFL/Camera/lab_4_project_template/sw/nios/camera_controller_bsp/\libhal_bsp.a(alt_do_ctors.o)
                0x0000000010110a98                _do_ctors
 .text          0x0000000010110af8       0x60 D:/Temp/EmbeddedProject_EPFL/Camera/lab_4_project_template/sw/nios/camera_controller_bsp/\libhal_bsp.a(alt_do_dtors.o)
                0x0000000010110af8                _do_dtors
 .text          0x0000000010110b58       0x90 D:/Temp/EmbeddedProject_EPFL/Camera/lab_4_project_template/sw/nios/camera_controller_bsp/\libhal_bsp.a(alt_find_dev.o)
                0x0000000010110b58                alt_find_dev
 .text          0x0000000010110be8      0x114 D:/Temp/EmbeddedProject_EPFL/Camera/lab_4_project_template/sw/nios/camera_controller_bsp/\libhal_bsp.a(alt_find_file.o)
                0x0000000010110be8                alt_find_file
 .text          0x0000000010110cfc       0x84 D:/Temp/EmbeddedProject_EPFL/Camera/lab_4_project_template/sw/nios/camera_controller_bsp/\libhal_bsp.a(alt_fs_reg.o)
                0x0000000010110cfc                alt_fs_reg
 .text          0x0000000010110d80       0xb4 D:/Temp/EmbeddedProject_EPFL/Camera/lab_4_project_template/sw/nios/camera_controller_bsp/\libhal_bsp.a(alt_get_fd.o)
                0x0000000010110d80                alt_get_fd
 .text          0x0000000010110e34       0x34 D:/Temp/EmbeddedProject_EPFL/Camera/lab_4_project_template/sw/nios/camera_controller_bsp/\libhal_bsp.a(alt_icache_flush_all.o)
                0x0000000010110e34                alt_icache_flush_all
 .text          0x0000000010110e68      0x1e0 D:/Temp/EmbeddedProject_EPFL/Camera/lab_4_project_template/sw/nios/camera_controller_bsp/\libhal_bsp.a(alt_iic.o)
                0x0000000010110e68                alt_ic_isr_register
                0x0000000010110eb8                alt_ic_irq_enable
                0x0000000010110f58                alt_ic_irq_disable
                0x0000000010110ffc                alt_ic_irq_enabled
 .text          0x0000000010111048       0xf0 D:/Temp/EmbeddedProject_EPFL/Camera/lab_4_project_template/sw/nios/camera_controller_bsp/\libhal_bsp.a(alt_iic_isr_register.o)
                0x0000000010111048                alt_iic_isr_register
 .text          0x0000000010111138      0x140 D:/Temp/EmbeddedProject_EPFL/Camera/lab_4_project_template/sw/nios/camera_controller_bsp/\libhal_bsp.a(alt_io_redirect.o)
                0x00000000101111fc                alt_io_redirect
 .text          0x0000000010111278        0x0 D:/Temp/EmbeddedProject_EPFL/Camera/lab_4_project_template/sw/nios/camera_controller_bsp/\libhal_bsp.a(alt_irq_entry.o)
 .text          0x0000000010111278        0x0 D:/Temp/EmbeddedProject_EPFL/Camera/lab_4_project_template/sw/nios/camera_controller_bsp/\libhal_bsp.a(alt_irq_handler.o)
 .text          0x0000000010111278        0x0 D:/Temp/EmbeddedProject_EPFL/Camera/lab_4_project_template/sw/nios/camera_controller_bsp/\libhal_bsp.a(alt_irq_vars.o)
 .text          0x0000000010111278      0x1a4 D:/Temp/EmbeddedProject_EPFL/Camera/lab_4_project_template/sw/nios/camera_controller_bsp/\libhal_bsp.a(alt_tick.o)
                0x0000000010111278                alt_alarm_stop
                0x0000000010111314                alt_tick
 .text          0x000000001011141c       0x24 D:/Temp/EmbeddedProject_EPFL/Camera/lab_4_project_template/sw/nios/camera_controller_bsp/\libhal_bsp.a(altera_nios2_gen2_irq.o)
                0x000000001011141c                altera_nios2_gen2_irq_init
 .text          0x0000000010111440        0x0 D:/Temp/EmbeddedProject_EPFL/Camera/lab_4_project_template/sw/nios/camera_controller_bsp/\libhal_bsp.a(alt_exception_entry.o)
 .text          0x0000000010111440       0x90 D:/Temp/EmbeddedProject_EPFL/Camera/lab_4_project_template/sw/nios/camera_controller_bsp/\libhal_bsp.a(alt_icache_flush.o)
                0x0000000010111440                alt_icache_flush
 .text          0x00000000101114d0       0x9c D:/Temp/EmbeddedProject_EPFL/Camera/lab_4_project_template/sw/nios/camera_controller_bsp/\libhal_bsp.a(alt_instruction_exception_entry.o)
                0x00000000101114d0                alt_exception_cause_generated_bad_addr
 .text          0x000000001011156c        0x0 d:/logiciels/altera_lite/16.0/nios2eds/bin/gnu/h-x86_64-mingw32/bin/../lib/gcc/nios2-elf/5.2.0/../../../../../H-x86_64-mingw32/nios2-elf/lib\libc.a(lib_a-atexit.o)
 .text.atexit   0x000000001011156c       0x14 d:/logiciels/altera_lite/16.0/nios2eds/bin/gnu/h-x86_64-mingw32/bin/../lib/gcc/nios2-elf/5.2.0/../../../../../H-x86_64-mingw32/nios2-elf/lib\libc.a(lib_a-atexit.o)
                0x000000001011156c                atexit
 .text          0x0000000010111580        0x0 d:/logiciels/altera_lite/16.0/nios2eds/bin/gnu/h-x86_64-mingw32/bin/../lib/gcc/nios2-elf/5.2.0/../../../../../H-x86_64-mingw32/nios2-elf/lib\libc.a(lib_a-exit.o)
 .text.exit     0x0000000010111580       0x38 d:/logiciels/altera_lite/16.0/nios2eds/bin/gnu/h-x86_64-mingw32/bin/../lib/gcc/nios2-elf/5.2.0/../../../../../H-x86_64-mingw32/nios2-elf/lib\libc.a(lib_a-exit.o)
                0x0000000010111580                exit
 .text          0x00000000101115b8        0x0 d:/logiciels/altera_lite/16.0/nios2eds/bin/gnu/h-x86_64-mingw32/bin/../lib/gcc/nios2-elf/5.2.0/../../../../../H-x86_64-mingw32/nios2-elf/lib\libc.a(lib_a-memcmp.o)
 .text.memcmp   0x00000000101115b8       0x7c d:/logiciels/altera_lite/16.0/nios2eds/bin/gnu/h-x86_64-mingw32/bin/../lib/gcc/nios2-elf/5.2.0/../../../../../H-x86_64-mingw32/nios2-elf/lib\libc.a(lib_a-memcmp.o)
                0x00000000101115b8                memcmp
 .text          0x0000000010111634        0x0 d:/logiciels/altera_lite/16.0/nios2eds/bin/gnu/h-x86_64-mingw32/bin/../lib/gcc/nios2-elf/5.2.0/../../../../../H-x86_64-mingw32/nios2-elf/lib\libc.a(lib_a-__atexit.o)
 .text.__register_exitproc
                0x0000000010111634      0x118 d:/logiciels/altera_lite/16.0/nios2eds/bin/gnu/h-x86_64-mingw32/bin/../lib/gcc/nios2-elf/5.2.0/../../../../../H-x86_64-mingw32/nios2-elf/lib\libc.a(lib_a-__atexit.o)
                0x0000000010111634                __register_exitproc
 .text          0x000000001011174c        0x0 d:/logiciels/altera_lite/16.0/nios2eds/bin/gnu/h-x86_64-mingw32/bin/../lib/gcc/nios2-elf/5.2.0/../../../../../H-x86_64-mingw32/nios2-elf/lib\libc.a(lib_a-__call_atexit.o)
 .text.__call_exitprocs
                0x000000001011174c      0x180 d:/logiciels/altera_lite/16.0/nios2eds/bin/gnu/h-x86_64-mingw32/bin/../lib/gcc/nios2-elf/5.2.0/../../../../../H-x86_64-mingw32/nios2-elf/lib\libc.a(lib_a-__call_atexit.o)
                0x000000001011174c                __call_exitprocs
 .text          0x00000000101118cc       0x34 D:/Temp/EmbeddedProject_EPFL/Camera/lab_4_project_template/sw/nios/camera_controller_bsp/\libhal_bsp.a(alt_exit.o)
                0x00000000101118cc                _exit
 *(.gnu.warning.*)
 *(.fini)
                [!provide]                        PROVIDE (__etext, ABSOLUTE (.))
                [!provide]                        PROVIDE (_etext, ABSOLUTE (.))
                [!provide]                        PROVIDE (etext, ABSOLUTE (.))
 *(.eh_frame_hdr)
                0x0000000010111900                . = ALIGN (0x4)
                [!provide]                        PROVIDE (__preinit_array_start, ABSOLUTE (.))
 *(.preinit_array)
                [!provide]                        PROVIDE (__preinit_array_end, ABSOLUTE (.))
                [!provide]                        PROVIDE (__init_array_start, ABSOLUTE (.))
 *(.init_array)
                [!provide]                        PROVIDE (__init_array_end, ABSOLUTE (.))
                [!provide]                        PROVIDE (__fini_array_start, ABSOLUTE (.))
 *(.fini_array)
                [!provide]                        PROVIDE (__fini_array_end, ABSOLUTE (.))
 *(.eh_frame)
 *(.gcc_except_table .gcc_except_table.*)
 *(.dynamic)
                0x0000000010111900                PROVIDE (__CTOR_LIST__, ABSOLUTE (.))
 *(.ctors)
 *(SORT(.ctors.*))
                0x0000000010111900                PROVIDE (__CTOR_END__, ABSOLUTE (.))
                0x0000000010111900                PROVIDE (__DTOR_LIST__, ABSOLUTE (.))
 *(.dtors)
 *(SORT(.dtors.*))
                0x0000000010111900                PROVIDE (__DTOR_END__, ABSOLUTE (.))
 *(.jcr)
                0x0000000010111900                . = ALIGN (0x4)

.rodata         0x0000000010111900      0x470
                0x0000000010111900                PROVIDE (__ram_rodata_start, ABSOLUTE (.))
                0x0000000010111900                . = ALIGN (0x4)
 *(.rodata .rodata.* .gnu.linkonce.r.*)
 .rodata        0x0000000010111900      0x164 obj/default/hello_world.o
 .rodata.str1.4
                0x0000000010111a64        0x2 d:/logiciels/altera_lite/16.0/nios2eds/bin/gnu/h-x86_64-mingw32/bin/../lib/gcc/nios2-elf/5.2.0/../../../../../H-x86_64-mingw32/nios2-elf/lib\libc.a(lib_a-impure.o)
 *fill*         0x0000000010111a66        0x2 
 .rodata.str1.4
                0x0000000010111a68        0x2 d:/logiciels/altera_lite/16.0/nios2eds/bin/gnu/h-x86_64-mingw32/bin/../lib/gcc/nios2-elf/5.2.0/../../../../../H-x86_64-mingw32/nios2-elf/lib\libc.a(lib_a-puts.o)
 *fill*         0x0000000010111a6a        0x2 
 .rodata.str1.4
                0x0000000010111a6c       0x42 d:/logiciels/altera_lite/16.0/nios2eds/bin/gnu/h-x86_64-mingw32/bin/../lib/gcc/nios2-elf/5.2.0/../../../../../H-x86_64-mingw32/nios2-elf/lib\libc.a(lib_a-vfprintf.o)
 .rodata.zeroes.4404
                0x0000000010111aae       0x10 d:/logiciels/altera_lite/16.0/nios2eds/bin/gnu/h-x86_64-mingw32/bin/../lib/gcc/nios2-elf/5.2.0/../../../../../H-x86_64-mingw32/nios2-elf/lib\libc.a(lib_a-vfprintf.o)
 .rodata.blanks.4403
                0x0000000010111abe       0x10 d:/logiciels/altera_lite/16.0/nios2eds/bin/gnu/h-x86_64-mingw32/bin/../lib/gcc/nios2-elf/5.2.0/../../../../../H-x86_64-mingw32/nios2-elf/lib\libc.a(lib_a-vfprintf.o)
 *fill*         0x0000000010111ace        0x2 
 .rodata.str1.4
                0x0000000010111ad0       0x10 d:/logiciels/altera_lite/16.0/nios2eds/bin/gnu/h-x86_64-mingw32/bin/../lib/gcc/nios2-elf/5.2.0/../../../../../H-x86_64-mingw32/nios2-elf/lib\libc.a(lib_a-dtoa.o)
                                         0x12 (size before relaxing)
 .rodata.str1.4
                0x0000000010111ae0        0xc d:/logiciels/altera_lite/16.0/nios2eds/bin/gnu/h-x86_64-mingw32/bin/../lib/gcc/nios2-elf/5.2.0/../../../../../H-x86_64-mingw32/nios2-elf/lib\libc.a(lib_a-locale.o)
                                         0x12 (size before relaxing)
 .rodata.p05.2768
                0x0000000010111aec        0xc d:/logiciels/altera_lite/16.0/nios2eds/bin/gnu/h-x86_64-mingw32/bin/../lib/gcc/nios2-elf/5.2.0/../../../../../H-x86_64-mingw32/nios2-elf/lib\libc.a(lib_a-mprec.o)
 .rodata.__mprec_tinytens
                0x0000000010111af8       0x28 d:/logiciels/altera_lite/16.0/nios2eds/bin/gnu/h-x86_64-mingw32/bin/../lib/gcc/nios2-elf/5.2.0/../../../../../H-x86_64-mingw32/nios2-elf/lib\libc.a(lib_a-mprec.o)
                0x0000000010111af8                __mprec_tinytens
 .rodata.__mprec_bigtens
                0x0000000010111b20       0x28 d:/logiciels/altera_lite/16.0/nios2eds/bin/gnu/h-x86_64-mingw32/bin/../lib/gcc/nios2-elf/5.2.0/../../../../../H-x86_64-mingw32/nios2-elf/lib\libc.a(lib_a-mprec.o)
                0x0000000010111b20                __mprec_bigtens
 .rodata.__mprec_tens
                0x0000000010111b48       0xc8 d:/logiciels/altera_lite/16.0/nios2eds/bin/gnu/h-x86_64-mingw32/bin/../lib/gcc/nios2-elf/5.2.0/../../../../../H-x86_64-mingw32/nios2-elf/lib\libc.a(lib_a-mprec.o)
                0x0000000010111b48                __mprec_tens
 .rodata.str1.4
                0x0000000010111c10       0x2f d:/logiciels/altera_lite/16.0/nios2eds/bin/gnu/h-x86_64-mingw32/bin/../lib/gcc/nios2-elf/5.2.0/../../../../../H-x86_64-mingw32/nios2-elf/lib\libc.a(lib_a-vfiprintf.o)
 .rodata.zeroes.4349
                0x0000000010111c10       0x10 d:/logiciels/altera_lite/16.0/nios2eds/bin/gnu/h-x86_64-mingw32/bin/../lib/gcc/nios2-elf/5.2.0/../../../../../H-x86_64-mingw32/nios2-elf/lib\libc.a(lib_a-vfiprintf.o)
 .rodata.blanks.4348
                0x0000000010111c20       0x10 d:/logiciels/altera_lite/16.0/nios2eds/bin/gnu/h-x86_64-mingw32/bin/../lib/gcc/nios2-elf/5.2.0/../../../../../H-x86_64-mingw32/nios2-elf/lib\libc.a(lib_a-vfiprintf.o)
 .rodata        0x0000000010111c30      0x100 d:/logiciels/altera_lite/16.0/nios2eds/bin/gnu/h-x86_64-mingw32/bin/../lib/gcc/nios2-elf/5.2.0\libgcc.a(_clz.o)
                0x0000000010111c30                __clz_tab
 .rodata        0x0000000010111d30        0xa D:/Temp/EmbeddedProject_EPFL/Camera/lab_4_project_template/sw/nios/camera_controller_bsp/\libhal_bsp.a(alt_dev.o)
 *fill*         0x0000000010111d3a        0x2 
 .rodata        0x0000000010111d3c       0x11 D:/Temp/EmbeddedProject_EPFL/Camera/lab_4_project_template/sw/nios/camera_controller_bsp/\libhal_bsp.a(alt_main.o)
 *fill*         0x0000000010111d4d        0x3 
 .rodata        0x0000000010111d50       0x1e D:/Temp/EmbeddedProject_EPFL/Camera/lab_4_project_template/sw/nios/camera_controller_bsp/\libhal_bsp.a(alt_sys_init.o)
 *(.rodata1)
                0x0000000010111d70                . = ALIGN (0x4)
 *fill*         0x0000000010111d6e        0x2 
                0x0000000010111d70                PROVIDE (__ram_rodata_end, ABSOLUTE (.))
                0x0000000010111900                PROVIDE (__flash_rodata_start, LOADADDR (.rodata))

.rwdata         0x0000000010111d70     0x1b5c load address 0x00000000101138cc
                0x0000000010111d70                PROVIDE (__ram_rwdata_start, ABSOLUTE (.))
                0x0000000010111d70                . = ALIGN (0x4)
 *(.got.plt)
 *(.got)
 *(.data1)
 *(.data .data.* .gnu.linkonce.d.*)
 .data          0x0000000010111d70        0x0 D:/Temp/EmbeddedProject_EPFL/Camera/lab_4_project_template/sw/nios/camera_controller_bsp//obj/HAL/src/crt0.o
 .data          0x0000000010111d70        0x0 obj/default/cmos_sensor_output_generator/cmos_sensor_output_generator.o
 .data          0x0000000010111d70        0x0 obj/default/hello_world.o
 .data          0x0000000010111d70        0x0 obj/default/i2c/i2c.o
 .data          0x0000000010111d70        0x0 d:/logiciels/altera_lite/16.0/nios2eds/bin/gnu/h-x86_64-mingw32/bin/../lib/gcc/nios2-elf/5.2.0\libgcc.a(lib2-divmod.o)
 .data          0x0000000010111d70        0x0 d:/logiciels/altera_lite/16.0/nios2eds/bin/gnu/h-x86_64-mingw32/bin/../lib/gcc/nios2-elf/5.2.0/../../../../../H-x86_64-mingw32/nios2-elf/lib\libc.a(lib_a-fclose.o)
 .data          0x0000000010111d70        0x0 d:/logiciels/altera_lite/16.0/nios2eds/bin/gnu/h-x86_64-mingw32/bin/../lib/gcc/nios2-elf/5.2.0/../../../../../H-x86_64-mingw32/nios2-elf/lib\libc.a(lib_a-fflush.o)
 .data          0x0000000010111d70        0x0 d:/logiciels/altera_lite/16.0/nios2eds/bin/gnu/h-x86_64-mingw32/bin/../lib/gcc/nios2-elf/5.2.0/../../../../../H-x86_64-mingw32/nios2-elf/lib\libc.a(lib_a-findfp.o)
 .data          0x0000000010111d70        0x0 d:/logiciels/altera_lite/16.0/nios2eds/bin/gnu/h-x86_64-mingw32/bin/../lib/gcc/nios2-elf/5.2.0/../../../../../H-x86_64-mingw32/nios2-elf/lib\libc.a(lib_a-fopen.o)
 .data          0x0000000010111d70        0x0 d:/logiciels/altera_lite/16.0/nios2eds/bin/gnu/h-x86_64-mingw32/bin/../lib/gcc/nios2-elf/5.2.0/../../../../../H-x86_64-mingw32/nios2-elf/lib\libc.a(lib_a-fprintf.o)
 .data          0x0000000010111d70        0x0 d:/logiciels/altera_lite/16.0/nios2eds/bin/gnu/h-x86_64-mingw32/bin/../lib/gcc/nios2-elf/5.2.0/../../../../../H-x86_64-mingw32/nios2-elf/lib\libc.a(lib_a-freer.o)
 .data          0x0000000010111d70        0x0 d:/logiciels/altera_lite/16.0/nios2eds/bin/gnu/h-x86_64-mingw32/bin/../lib/gcc/nios2-elf/5.2.0/../../../../../H-x86_64-mingw32/nios2-elf/lib\libc.a(lib_a-fseek.o)
 .data          0x0000000010111d70        0x0 d:/logiciels/altera_lite/16.0/nios2eds/bin/gnu/h-x86_64-mingw32/bin/../lib/gcc/nios2-elf/5.2.0/../../../../../H-x86_64-mingw32/nios2-elf/lib\libc.a(lib_a-fseeko.o)
 .data          0x0000000010111d70        0x0 d:/logiciels/altera_lite/16.0/nios2eds/bin/gnu/h-x86_64-mingw32/bin/../lib/gcc/nios2-elf/5.2.0/../../../../../H-x86_64-mingw32/nios2-elf/lib\libc.a(lib_a-fstatr.o)
 .data          0x0000000010111d70        0x0 d:/logiciels/altera_lite/16.0/nios2eds/bin/gnu/h-x86_64-mingw32/bin/../lib/gcc/nios2-elf/5.2.0/../../../../../H-x86_64-mingw32/nios2-elf/lib\libc.a(lib_a-fwalk.o)
 .data          0x0000000010111d70        0x0 d:/logiciels/altera_lite/16.0/nios2eds/bin/gnu/h-x86_64-mingw32/bin/../lib/gcc/nios2-elf/5.2.0/../../../../../H-x86_64-mingw32/nios2-elf/lib\libc.a(lib_a-impure.o)
 .data.impure_data
                0x0000000010111d70      0x424 d:/logiciels/altera_lite/16.0/nios2eds/bin/gnu/h-x86_64-mingw32/bin/../lib/gcc/nios2-elf/5.2.0/../../../../../H-x86_64-mingw32/nios2-elf/lib\libc.a(lib_a-impure.o)
 .data          0x0000000010112194        0x0 d:/logiciels/altera_lite/16.0/nios2eds/bin/gnu/h-x86_64-mingw32/bin/../lib/gcc/nios2-elf/5.2.0/../../../../../H-x86_64-mingw32/nios2-elf/lib\libc.a(lib_a-int_errno.o)
 .data          0x0000000010112194        0x0 d:/logiciels/altera_lite/16.0/nios2eds/bin/gnu/h-x86_64-mingw32/bin/../lib/gcc/nios2-elf/5.2.0/../../../../../H-x86_64-mingw32/nios2-elf/lib\libc.a(lib_a-makebuf.o)
 .data          0x0000000010112194        0x0 d:/logiciels/altera_lite/16.0/nios2eds/bin/gnu/h-x86_64-mingw32/bin/../lib/gcc/nios2-elf/5.2.0/../../../../../H-x86_64-mingw32/nios2-elf/lib\libc.a(lib_a-mallocr.o)
 .data.__malloc_av_
                0x0000000010112194      0x408 d:/logiciels/altera_lite/16.0/nios2eds/bin/gnu/h-x86_64-mingw32/bin/../lib/gcc/nios2-elf/5.2.0/../../../../../H-x86_64-mingw32/nios2-elf/lib\libc.a(lib_a-mallocr.o)
                0x0000000010112194                __malloc_av_
 .data          0x000000001011259c        0x0 d:/logiciels/altera_lite/16.0/nios2eds/bin/gnu/h-x86_64-mingw32/bin/../lib/gcc/nios2-elf/5.2.0/../../../../../H-x86_64-mingw32/nios2-elf/lib\libc.a(lib_a-memset.o)
 .data          0x000000001011259c        0x0 d:/logiciels/altera_lite/16.0/nios2eds/bin/gnu/h-x86_64-mingw32/bin/../lib/gcc/nios2-elf/5.2.0/../../../../../H-x86_64-mingw32/nios2-elf/lib\libc.a(lib_a-openr.o)
 .data          0x000000001011259c        0x0 d:/logiciels/altera_lite/16.0/nios2eds/bin/gnu/h-x86_64-mingw32/bin/../lib/gcc/nios2-elf/5.2.0/../../../../../H-x86_64-mingw32/nios2-elf/lib\libc.a(lib_a-printf.o)
 .data          0x000000001011259c        0x0 d:/logiciels/altera_lite/16.0/nios2eds/bin/gnu/h-x86_64-mingw32/bin/../lib/gcc/nios2-elf/5.2.0/../../../../../H-x86_64-mingw32/nios2-elf/lib\libc.a(lib_a-puts.o)
 .data          0x000000001011259c        0x0 d:/logiciels/altera_lite/16.0/nios2eds/bin/gnu/h-x86_64-mingw32/bin/../lib/gcc/nios2-elf/5.2.0/../../../../../H-x86_64-mingw32/nios2-elf/lib\libc.a(lib_a-refill.o)
 .data          0x000000001011259c        0x0 d:/logiciels/altera_lite/16.0/nios2eds/bin/gnu/h-x86_64-mingw32/bin/../lib/gcc/nios2-elf/5.2.0/../../../../../H-x86_64-mingw32/nios2-elf/lib\libc.a(lib_a-sbrkr.o)
 .data          0x000000001011259c        0x0 d:/logiciels/altera_lite/16.0/nios2eds/bin/gnu/h-x86_64-mingw32/bin/../lib/gcc/nios2-elf/5.2.0/../../../../../H-x86_64-mingw32/nios2-elf/lib\libc.a(lib_a-stdio.o)
 .data          0x000000001011259c        0x0 d:/logiciels/altera_lite/16.0/nios2eds/bin/gnu/h-x86_64-mingw32/bin/../lib/gcc/nios2-elf/5.2.0/../../../../../H-x86_64-mingw32/nios2-elf/lib\libc.a(lib_a-strlen.o)
 .data          0x000000001011259c        0x0 d:/logiciels/altera_lite/16.0/nios2eds/bin/gnu/h-x86_64-mingw32/bin/../lib/gcc/nios2-elf/5.2.0/../../../../../H-x86_64-mingw32/nios2-elf/lib\libc.a(lib_a-vfprintf.o)
 .data          0x000000001011259c        0x0 d:/logiciels/altera_lite/16.0/nios2eds/bin/gnu/h-x86_64-mingw32/bin/../lib/gcc/nios2-elf/5.2.0/../../../../../H-x86_64-mingw32/nios2-elf/lib\libc.a(lib_a-writer.o)
 .data          0x000000001011259c        0x0 d:/logiciels/altera_lite/16.0/nios2eds/bin/gnu/h-x86_64-mingw32/bin/../lib/gcc/nios2-elf/5.2.0/../../../../../H-x86_64-mingw32/nios2-elf/lib\libc.a(lib_a-wsetup.o)
 .data          0x000000001011259c        0x0 d:/logiciels/altera_lite/16.0/nios2eds/bin/gnu/h-x86_64-mingw32/bin/../lib/gcc/nios2-elf/5.2.0/../../../../../H-x86_64-mingw32/nios2-elf/lib\libc.a(closer.o)
 .data          0x000000001011259c        0x0 d:/logiciels/altera_lite/16.0/nios2eds/bin/gnu/h-x86_64-mingw32/bin/../lib/gcc/nios2-elf/5.2.0/../../../../../H-x86_64-mingw32/nios2-elf/lib\libc.a(lib_a-dtoa.o)
 .data          0x000000001011259c        0x0 d:/logiciels/altera_lite/16.0/nios2eds/bin/gnu/h-x86_64-mingw32/bin/../lib/gcc/nios2-elf/5.2.0/../../../../../H-x86_64-mingw32/nios2-elf/lib\libc.a(lib_a-flags.o)
 .data          0x000000001011259c        0x0 d:/logiciels/altera_lite/16.0/nios2eds/bin/gnu/h-x86_64-mingw32/bin/../lib/gcc/nios2-elf/5.2.0/../../../../../H-x86_64-mingw32/nios2-elf/lib\libc.a(lib_a-fvwrite.o)
 .data          0x000000001011259c        0x0 d:/logiciels/altera_lite/16.0/nios2eds/bin/gnu/h-x86_64-mingw32/bin/../lib/gcc/nios2-elf/5.2.0/../../../../../H-x86_64-mingw32/nios2-elf/lib\libc.a(lib_a-isattyr.o)
 .data          0x000000001011259c        0x0 d:/logiciels/altera_lite/16.0/nios2eds/bin/gnu/h-x86_64-mingw32/bin/../lib/gcc/nios2-elf/5.2.0/../../../../../H-x86_64-mingw32/nios2-elf/lib\libc.a(lib_a-locale.o)
 .data.lc_message_charset
                0x000000001011259c       0x20 d:/logiciels/altera_lite/16.0/nios2eds/bin/gnu/h-x86_64-mingw32/bin/../lib/gcc/nios2-elf/5.2.0/../../../../../H-x86_64-mingw32/nios2-elf/lib\libc.a(lib_a-locale.o)
 .data.lc_ctype_charset
                0x00000000101125bc       0x20 d:/logiciels/altera_lite/16.0/nios2eds/bin/gnu/h-x86_64-mingw32/bin/../lib/gcc/nios2-elf/5.2.0/../../../../../H-x86_64-mingw32/nios2-elf/lib\libc.a(lib_a-locale.o)
 .data.lconv    0x00000000101125dc       0x38 d:/logiciels/altera_lite/16.0/nios2eds/bin/gnu/h-x86_64-mingw32/bin/../lib/gcc/nios2-elf/5.2.0/../../../../../H-x86_64-mingw32/nios2-elf/lib\libc.a(lib_a-locale.o)
 .data          0x0000000010112614        0x0 d:/logiciels/altera_lite/16.0/nios2eds/bin/gnu/h-x86_64-mingw32/bin/../lib/gcc/nios2-elf/5.2.0/../../../../../H-x86_64-mingw32/nios2-elf/lib\libc.a(lib_a-lseekr.o)
 .data          0x0000000010112614        0x0 d:/logiciels/altera_lite/16.0/nios2eds/bin/gnu/h-x86_64-mingw32/bin/../lib/gcc/nios2-elf/5.2.0/../../../../../H-x86_64-mingw32/nios2-elf/lib\libc.a(lib_a-memchr.o)
 .data          0x0000000010112614        0x0 d:/logiciels/altera_lite/16.0/nios2eds/bin/gnu/h-x86_64-mingw32/bin/../lib/gcc/nios2-elf/5.2.0/../../../../../H-x86_64-mingw32/nios2-elf/lib\libc.a(lib_a-memcpy.o)
 .data          0x0000000010112614        0x0 d:/logiciels/altera_lite/16.0/nios2eds/bin/gnu/h-x86_64-mingw32/bin/../lib/gcc/nios2-elf/5.2.0/../../../../../H-x86_64-mingw32/nios2-elf/lib\libc.a(lib_a-memmove.o)
 .data          0x0000000010112614        0x0 d:/logiciels/altera_lite/16.0/nios2eds/bin/gnu/h-x86_64-mingw32/bin/../lib/gcc/nios2-elf/5.2.0/../../../../../H-x86_64-mingw32/nios2-elf/lib\libc.a(lib_a-mprec.o)
 .data          0x0000000010112614        0x0 d:/logiciels/altera_lite/16.0/nios2eds/bin/gnu/h-x86_64-mingw32/bin/../lib/gcc/nios2-elf/5.2.0/../../../../../H-x86_64-mingw32/nios2-elf/lib\libc.a(lib_a-readr.o)
 .data          0x0000000010112614        0x0 d:/logiciels/altera_lite/16.0/nios2eds/bin/gnu/h-x86_64-mingw32/bin/../lib/gcc/nios2-elf/5.2.0/../../../../../H-x86_64-mingw32/nios2-elf/lib\libc.a(lib_a-reallocr.o)
 .data          0x0000000010112614        0x0 d:/logiciels/altera_lite/16.0/nios2eds/bin/gnu/h-x86_64-mingw32/bin/../lib/gcc/nios2-elf/5.2.0/../../../../../H-x86_64-mingw32/nios2-elf/lib\libc.a(lib_a-s_fpclassify.o)
 .data          0x0000000010112614        0x0 d:/logiciels/altera_lite/16.0/nios2eds/bin/gnu/h-x86_64-mingw32/bin/../lib/gcc/nios2-elf/5.2.0/../../../../../H-x86_64-mingw32/nios2-elf/lib\libc.a(lib_a-strcmp.o)
 .data          0x0000000010112614        0x0 d:/logiciels/altera_lite/16.0/nios2eds/bin/gnu/h-x86_64-mingw32/bin/../lib/gcc/nios2-elf/5.2.0/../../../../../H-x86_64-mingw32/nios2-elf/lib\libc.a(lib_a-vfiprintf.o)
 .data          0x0000000010112614        0x0 d:/logiciels/altera_lite/16.0/nios2eds/bin/gnu/h-x86_64-mingw32/bin/../lib/gcc/nios2-elf/5.2.0/../../../../../H-x86_64-mingw32/nios2-elf/lib\libc.a(lib_a-callocr.o)
 .data          0x0000000010112614        0x0 d:/logiciels/altera_lite/16.0/nios2eds/bin/gnu/h-x86_64-mingw32/bin/../lib/gcc/nios2-elf/5.2.0/../../../../../H-x86_64-mingw32/nios2-elf/lib\libc.a(lib_a-fputwc.o)
 .data          0x0000000010112614        0x0 d:/logiciels/altera_lite/16.0/nios2eds/bin/gnu/h-x86_64-mingw32/bin/../lib/gcc/nios2-elf/5.2.0/../../../../../H-x86_64-mingw32/nios2-elf/lib\libc.a(lib_a-wbuf.o)
 .data          0x0000000010112614        0x0 d:/logiciels/altera_lite/16.0/nios2eds/bin/gnu/h-x86_64-mingw32/bin/../lib/gcc/nios2-elf/5.2.0/../../../../../H-x86_64-mingw32/nios2-elf/lib\libc.a(lib_a-wcrtomb.o)
 .data          0x0000000010112614        0x0 d:/logiciels/altera_lite/16.0/nios2eds/bin/gnu/h-x86_64-mingw32/bin/../lib/gcc/nios2-elf/5.2.0/../../../../../H-x86_64-mingw32/nios2-elf/lib\libc.a(lib_a-wctomb_r.o)
 .data          0x0000000010112614        0x0 d:/logiciels/altera_lite/16.0/nios2eds/bin/gnu/h-x86_64-mingw32/bin/../lib/gcc/nios2-elf/5.2.0\libgcc.a(_udivdi3.o)
 .data          0x0000000010112614        0x0 d:/logiciels/altera_lite/16.0/nios2eds/bin/gnu/h-x86_64-mingw32/bin/../lib/gcc/nios2-elf/5.2.0\libgcc.a(_umoddi3.o)
 .data          0x0000000010112614        0x0 d:/logiciels/altera_lite/16.0/nios2eds/bin/gnu/h-x86_64-mingw32/bin/../lib/gcc/nios2-elf/5.2.0\libgcc.a(adddf3.o)
 .data          0x0000000010112614        0x0 d:/logiciels/altera_lite/16.0/nios2eds/bin/gnu/h-x86_64-mingw32/bin/../lib/gcc/nios2-elf/5.2.0\libgcc.a(divdf3.o)
 .data          0x0000000010112614        0x0 d:/logiciels/altera_lite/16.0/nios2eds/bin/gnu/h-x86_64-mingw32/bin/../lib/gcc/nios2-elf/5.2.0\libgcc.a(eqdf2.o)
 .data          0x0000000010112614        0x0 d:/logiciels/altera_lite/16.0/nios2eds/bin/gnu/h-x86_64-mingw32/bin/../lib/gcc/nios2-elf/5.2.0\libgcc.a(gedf2.o)
 .data          0x0000000010112614        0x0 d:/logiciels/altera_lite/16.0/nios2eds/bin/gnu/h-x86_64-mingw32/bin/../lib/gcc/nios2-elf/5.2.0\libgcc.a(ledf2.o)
 .data          0x0000000010112614        0x0 d:/logiciels/altera_lite/16.0/nios2eds/bin/gnu/h-x86_64-mingw32/bin/../lib/gcc/nios2-elf/5.2.0\libgcc.a(muldf3.o)
 .data          0x0000000010112614        0x0 d:/logiciels/altera_lite/16.0/nios2eds/bin/gnu/h-x86_64-mingw32/bin/../lib/gcc/nios2-elf/5.2.0\libgcc.a(subdf3.o)
 .data          0x0000000010112614        0x0 d:/logiciels/altera_lite/16.0/nios2eds/bin/gnu/h-x86_64-mingw32/bin/../lib/gcc/nios2-elf/5.2.0\libgcc.a(fixdfsi.o)
 .data          0x0000000010112614        0x0 d:/logiciels/altera_lite/16.0/nios2eds/bin/gnu/h-x86_64-mingw32/bin/../lib/gcc/nios2-elf/5.2.0\libgcc.a(floatsidf.o)
 .data          0x0000000010112614        0x0 d:/logiciels/altera_lite/16.0/nios2eds/bin/gnu/h-x86_64-mingw32/bin/../lib/gcc/nios2-elf/5.2.0\libgcc.a(floatunsidf.o)
 .data          0x0000000010112614        0x0 d:/logiciels/altera_lite/16.0/nios2eds/bin/gnu/h-x86_64-mingw32/bin/../lib/gcc/nios2-elf/5.2.0\libgcc.a(_clz.o)
 .data          0x0000000010112614        0x0 d:/logiciels/altera_lite/16.0/nios2eds/bin/gnu/h-x86_64-mingw32/bin/../lib/gcc/nios2-elf/5.2.0\libgcc.a(_clzsi2.o)
 .data          0x0000000010112614        0x0 D:/Temp/EmbeddedProject_EPFL/Camera/lab_4_project_template/sw/nios/camera_controller_bsp/\libhal_bsp.a(alt_close.o)
 .data          0x0000000010112614      0x1a8 D:/Temp/EmbeddedProject_EPFL/Camera/lab_4_project_template/sw/nios/camera_controller_bsp/\libhal_bsp.a(alt_dev.o)
                0x0000000010112614                alt_dev_null
                0x000000001011263c                alt_fd_list
 .data          0x00000000101127bc        0x0 D:/Temp/EmbeddedProject_EPFL/Camera/lab_4_project_template/sw/nios/camera_controller_bsp/\libhal_bsp.a(alt_errno.o)
 .data          0x00000000101127bc        0x0 D:/Temp/EmbeddedProject_EPFL/Camera/lab_4_project_template/sw/nios/camera_controller_bsp/\libhal_bsp.a(alt_fstat.o)
 .data          0x00000000101127bc        0x0 D:/Temp/EmbeddedProject_EPFL/Camera/lab_4_project_template/sw/nios/camera_controller_bsp/\libhal_bsp.a(alt_isatty.o)
 .data          0x00000000101127bc        0x0 D:/Temp/EmbeddedProject_EPFL/Camera/lab_4_project_template/sw/nios/camera_controller_bsp/\libhal_bsp.a(alt_load.o)
 .data          0x00000000101127bc        0x0 D:/Temp/EmbeddedProject_EPFL/Camera/lab_4_project_template/sw/nios/camera_controller_bsp/\libhal_bsp.a(alt_lseek.o)
 .data          0x00000000101127bc        0x0 D:/Temp/EmbeddedProject_EPFL/Camera/lab_4_project_template/sw/nios/camera_controller_bsp/\libhal_bsp.a(alt_main.o)
 .data          0x00000000101127bc        0x0 D:/Temp/EmbeddedProject_EPFL/Camera/lab_4_project_template/sw/nios/camera_controller_bsp/\libhal_bsp.a(alt_malloc_lock.o)
 .data          0x00000000101127bc        0x0 D:/Temp/EmbeddedProject_EPFL/Camera/lab_4_project_template/sw/nios/camera_controller_bsp/\libhal_bsp.a(alt_open.o)
 .data          0x00000000101127bc        0x0 D:/Temp/EmbeddedProject_EPFL/Camera/lab_4_project_template/sw/nios/camera_controller_bsp/\libhal_bsp.a(alt_read.o)
 .data          0x00000000101127bc        0x0 D:/Temp/EmbeddedProject_EPFL/Camera/lab_4_project_template/sw/nios/camera_controller_bsp/\libhal_bsp.a(alt_release_fd.o)
 .data          0x00000000101127bc        0x0 D:/Temp/EmbeddedProject_EPFL/Camera/lab_4_project_template/sw/nios/camera_controller_bsp/\libhal_bsp.a(alt_sbrk.o)
 .data          0x00000000101127bc        0x0 D:/Temp/EmbeddedProject_EPFL/Camera/lab_4_project_template/sw/nios/camera_controller_bsp/\libhal_bsp.a(alt_usleep.o)
 .data          0x00000000101127bc        0x0 D:/Temp/EmbeddedProject_EPFL/Camera/lab_4_project_template/sw/nios/camera_controller_bsp/\libhal_bsp.a(alt_write.o)
 .data          0x00000000101127bc     0x1088 D:/Temp/EmbeddedProject_EPFL/Camera/lab_4_project_template/sw/nios/camera_controller_bsp/\libhal_bsp.a(alt_sys_init.o)
 .data          0x0000000010113844        0x0 D:/Temp/EmbeddedProject_EPFL/Camera/lab_4_project_template/sw/nios/camera_controller_bsp/\libhal_bsp.a(altera_avalon_jtag_uart_fd.o)
 .data          0x0000000010113844        0x0 D:/Temp/EmbeddedProject_EPFL/Camera/lab_4_project_template/sw/nios/camera_controller_bsp/\libhal_bsp.a(altera_avalon_jtag_uart_init.o)
 .data          0x0000000010113844        0x0 D:/Temp/EmbeddedProject_EPFL/Camera/lab_4_project_template/sw/nios/camera_controller_bsp/\libhal_bsp.a(altera_avalon_jtag_uart_ioctl.o)
 .data          0x0000000010113844        0x0 D:/Temp/EmbeddedProject_EPFL/Camera/lab_4_project_template/sw/nios/camera_controller_bsp/\libhal_bsp.a(altera_avalon_jtag_uart_read.o)
 .data          0x0000000010113844        0x0 D:/Temp/EmbeddedProject_EPFL/Camera/lab_4_project_template/sw/nios/camera_controller_bsp/\libhal_bsp.a(altera_avalon_jtag_uart_write.o)
 .data          0x0000000010113844        0x0 D:/Temp/EmbeddedProject_EPFL/Camera/lab_4_project_template/sw/nios/camera_controller_bsp/\libhal_bsp.a(altera_hostfs.o)
 .data          0x0000000010113844        0x0 D:/Temp/EmbeddedProject_EPFL/Camera/lab_4_project_template/sw/nios/camera_controller_bsp/\libhal_bsp.a(alt_alarm_start.o)
 .data          0x0000000010113844        0x0 D:/Temp/EmbeddedProject_EPFL/Camera/lab_4_project_template/sw/nios/camera_controller_bsp/\libhal_bsp.a(alt_busy_sleep.o)
 .data          0x0000000010113844        0x0 D:/Temp/EmbeddedProject_EPFL/Camera/lab_4_project_template/sw/nios/camera_controller_bsp/\libhal_bsp.a(alt_dcache_flush_all.o)
 .data          0x0000000010113844        0x0 D:/Temp/EmbeddedProject_EPFL/Camera/lab_4_project_template/sw/nios/camera_controller_bsp/\libhal_bsp.a(alt_dev_llist_insert.o)
 .data          0x0000000010113844        0x0 D:/Temp/EmbeddedProject_EPFL/Camera/lab_4_project_template/sw/nios/camera_controller_bsp/\libhal_bsp.a(alt_do_ctors.o)
 .data          0x0000000010113844        0x0 D:/Temp/EmbeddedProject_EPFL/Camera/lab_4_project_template/sw/nios/camera_controller_bsp/\libhal_bsp.a(alt_do_dtors.o)
 .data          0x0000000010113844        0x0 D:/Temp/EmbeddedProject_EPFL/Camera/lab_4_project_template/sw/nios/camera_controller_bsp/\libhal_bsp.a(alt_find_dev.o)
 .data          0x0000000010113844        0x0 D:/Temp/EmbeddedProject_EPFL/Camera/lab_4_project_template/sw/nios/camera_controller_bsp/\libhal_bsp.a(alt_find_file.o)
 .data          0x0000000010113844        0x0 D:/Temp/EmbeddedProject_EPFL/Camera/lab_4_project_template/sw/nios/camera_controller_bsp/\libhal_bsp.a(alt_fs_reg.o)
 .data          0x0000000010113844        0x0 D:/Temp/EmbeddedProject_EPFL/Camera/lab_4_project_template/sw/nios/camera_controller_bsp/\libhal_bsp.a(alt_get_fd.o)
 .data          0x0000000010113844        0x0 D:/Temp/EmbeddedProject_EPFL/Camera/lab_4_project_template/sw/nios/camera_controller_bsp/\libhal_bsp.a(alt_icache_flush_all.o)
 .data          0x0000000010113844        0x0 D:/Temp/EmbeddedProject_EPFL/Camera/lab_4_project_template/sw/nios/camera_controller_bsp/\libhal_bsp.a(alt_iic.o)
 .data          0x0000000010113844        0x0 D:/Temp/EmbeddedProject_EPFL/Camera/lab_4_project_template/sw/nios/camera_controller_bsp/\libhal_bsp.a(alt_iic_isr_register.o)
 .data          0x0000000010113844        0x0 D:/Temp/EmbeddedProject_EPFL/Camera/lab_4_project_template/sw/nios/camera_controller_bsp/\libhal_bsp.a(alt_io_redirect.o)
 .data          0x0000000010113844        0x0 D:/Temp/EmbeddedProject_EPFL/Camera/lab_4_project_template/sw/nios/camera_controller_bsp/\libhal_bsp.a(alt_irq_entry.o)
 .data          0x0000000010113844        0x0 D:/Temp/EmbeddedProject_EPFL/Camera/lab_4_project_template/sw/nios/camera_controller_bsp/\libhal_bsp.a(alt_irq_handler.o)
 .data          0x0000000010113844        0x0 D:/Temp/EmbeddedProject_EPFL/Camera/lab_4_project_template/sw/nios/camera_controller_bsp/\libhal_bsp.a(alt_irq_vars.o)
 .data          0x0000000010113844        0x0 D:/Temp/EmbeddedProject_EPFL/Camera/lab_4_project_template/sw/nios/camera_controller_bsp/\libhal_bsp.a(alt_tick.o)
 .data          0x0000000010113844        0x0 D:/Temp/EmbeddedProject_EPFL/Camera/lab_4_project_template/sw/nios/camera_controller_bsp/\libhal_bsp.a(altera_nios2_gen2_irq.o)
 .data          0x0000000010113844        0x0 D:/Temp/EmbeddedProject_EPFL/Camera/lab_4_project_template/sw/nios/camera_controller_bsp/\libhal_bsp.a(alt_exception_entry.o)
 .data          0x0000000010113844        0x0 D:/Temp/EmbeddedProject_EPFL/Camera/lab_4_project_template/sw/nios/camera_controller_bsp/\libhal_bsp.a(alt_icache_flush.o)
 .data          0x0000000010113844        0x0 D:/Temp/EmbeddedProject_EPFL/Camera/lab_4_project_template/sw/nios/camera_controller_bsp/\libhal_bsp.a(alt_instruction_exception_entry.o)
 .data          0x0000000010113844        0x0 d:/logiciels/altera_lite/16.0/nios2eds/bin/gnu/h-x86_64-mingw32/bin/../lib/gcc/nios2-elf/5.2.0/../../../../../H-x86_64-mingw32/nios2-elf/lib\libc.a(lib_a-atexit.o)
 .data          0x0000000010113844        0x0 d:/logiciels/altera_lite/16.0/nios2eds/bin/gnu/h-x86_64-mingw32/bin/../lib/gcc/nios2-elf/5.2.0/../../../../../H-x86_64-mingw32/nios2-elf/lib\libc.a(lib_a-exit.o)