Archive member included to satisfy reference by file (symbol)

c:/altera_lite/16.0/nios2eds/bin/gnu/h-x86_64-mingw32/bin/../lib/gcc/nios2-elf/5.2.0\libgcc.a(lib2-divmod.o)
                              obj/default/i2c/i2c.o (__udivsi3)
c:/altera_lite/16.0/nios2eds/bin/gnu/h-x86_64-mingw32/bin/../lib/gcc/nios2-elf/5.2.0/../../../../../H-x86_64-mingw32/nios2-elf/lib\libc.a(lib_a-fclose.o)
                              obj/default/hello_world.o (fclose)
c:/altera_lite/16.0/nios2eds/bin/gnu/h-x86_64-mingw32/bin/../lib/gcc/nios2-elf/5.2.0/../../../../../H-x86_64-mingw32/nios2-elf/lib\libc.a(lib_a-fflush.o)
                              c:/altera_lite/16.0/nios2eds/bin/gnu/h-x86_64-mingw32/bin/../lib/gcc/nios2-elf/5.2.0/../../../../../H-x86_64-mingw32/nios2-elf/lib\libc.a(lib_a-fclose.o) (__sflush_r)
c:/altera_lite/16.0/nios2eds/bin/gnu/h-x86_64-mingw32/bin/../lib/gcc/nios2-elf/5.2.0/../../../../../H-x86_64-mingw32/nios2-elf/lib\libc.a(lib_a-findfp.o)
                              c:/altera_lite/16.0/nios2eds/bin/gnu/h-x86_64-mingw32/bin/../lib/gcc/nios2-elf/5.2.0/../../../../../H-x86_64-mingw32/nios2-elf/lib\libc.a(lib_a-fclose.o) (__sinit)
c:/altera_lite/16.0/nios2eds/bin/gnu/h-x86_64-mingw32/bin/../lib/gcc/nios2-elf/5.2.0/../../../../../H-x86_64-mingw32/nios2-elf/lib\libc.a(lib_a-fopen.o)
                              obj/default/hello_world.o (fopen)
c:/altera_lite/16.0/nios2eds/bin/gnu/h-x86_64-mingw32/bin/../lib/gcc/nios2-elf/5.2.0/../../../../../H-x86_64-mingw32/nios2-elf/lib\libc.a(lib_a-fprintf.o)
                              obj/default/hello_world.o (fprintf)
c:/altera_lite/16.0/nios2eds/bin/gnu/h-x86_64-mingw32/bin/../lib/gcc/nios2-elf/5.2.0/../../../../../H-x86_64-mingw32/nios2-elf/lib\libc.a(lib_a-freer.o)
                              c:/altera_lite/16.0/nios2eds/bin/gnu/h-x86_64-mingw32/bin/../lib/gcc/nios2-elf/5.2.0/../../../../../H-x86_64-mingw32/nios2-elf/lib\libc.a(lib_a-fclose.o) (_free_r)
c:/altera_lite/16.0/nios2eds/bin/gnu/h-x86_64-mingw32/bin/../lib/gcc/nios2-elf/5.2.0/../../../../../H-x86_64-mingw32/nios2-elf/lib\libc.a(lib_a-fseek.o)
                              c:/altera_lite/16.0/nios2eds/bin/gnu/h-x86_64-mingw32/bin/../lib/gcc/nios2-elf/5.2.0/../../../../../H-x86_64-mingw32/nios2-elf/lib\libc.a(lib_a-fopen.o) (_fseek_r)
c:/altera_lite/16.0/nios2eds/bin/gnu/h-x86_64-mingw32/bin/../lib/gcc/nios2-elf/5.2.0/../../../../../H-x86_64-mingw32/nios2-elf/lib\libc.a(lib_a-fseeko.o)
                              c:/altera_lite/16.0/nios2eds/bin/gnu/h-x86_64-mingw32/bin/../lib/gcc/nios2-elf/5.2.0/../../../../../H-x86_64-mingw32/nios2-elf/lib\libc.a(lib_a-fseek.o) (_fseeko_r)
c:/altera_lite/16.0/nios2eds/bin/gnu/h-x86_64-mingw32/bin/../lib/gcc/nios2-elf/5.2.0/../../../../../H-x86_64-mingw32/nios2-elf/lib\libc.a(lib_a-fstatr.o)
                              c:/altera_lite/16.0/nios2eds/bin/gnu/h-x86_64-mingw32/bin/../lib/gcc/nios2-elf/5.2.0/../../../../../H-x86_64-mingw32/nios2-elf/lib\libc.a(lib_a-fseeko.o) (_fstat_r)
c:/altera_lite/16.0/nios2eds/bin/gnu/h-x86_64-mingw32/bin/../lib/gcc/nios2-elf/5.2.0/../../../../../H-x86_64-mingw32/nios2-elf/lib\libc.a(lib_a-fwalk.o)
                              c:/altera_lite/16.0/nios2eds/bin/gnu/h-x86_64-mingw32/bin/../lib/gcc/nios2-elf/5.2.0/../../../../../H-x86_64-mingw32/nios2-elf/lib\libc.a(lib_a-findfp.o) (_fwalk)
c:/altera_lite/16.0/nios2eds/bin/gnu/h-x86_64-mingw32/bin/../lib/gcc/nios2-elf/5.2.0/../../../../../H-x86_64-mingw32/nios2-elf/lib\libc.a(lib_a-impure.o)
                              c:/altera_lite/16.0/nios2eds/bin/gnu/h-x86_64-mingw32/bin/../lib/gcc/nios2-elf/5.2.0/../../../../../H-x86_64-mingw32/nios2-elf/lib\libc.a(lib_a-fflush.o) (_global_impure_ptr)
c:/altera_lite/16.0/nios2eds/bin/gnu/h-x86_64-mingw32/bin/../lib/gcc/nios2-elf/5.2.0/../../../../../H-x86_64-mingw32/nios2-elf/lib\libc.a(lib_a-int_errno.o)
                              c:/altera_lite/16.0/nios2eds/bin/gnu/h-x86_64-mingw32/bin/../lib/gcc/nios2-elf/5.2.0/../../../../../H-x86_64-mingw32/nios2-elf/lib\libc.a(lib_a-fstatr.o) (errno)
c:/altera_lite/16.0/nios2eds/bin/gnu/h-x86_64-mingw32/bin/../lib/gcc/nios2-elf/5.2.0/../../../../../H-x86_64-mingw32/nios2-elf/lib\libc.a(lib_a-makebuf.o)
                              c:/altera_lite/16.0/nios2eds/bin/gnu/h-x86_64-mingw32/bin/../lib/gcc/nios2-elf/5.2.0/../../../../../H-x86_64-mingw32/nios2-elf/lib\libc.a(lib_a-fseeko.o) (__smakebuf_r)
c:/altera_lite/16.0/nios2eds/bin/gnu/h-x86_64-mingw32/bin/../lib/gcc/nios2-elf/5.2.0/../../../../../H-x86_64-mingw32/nios2-elf/lib\libc.a(lib_a-mallocr.o)
                              c:/altera_lite/16.0/nios2eds/bin/gnu/h-x86_64-mingw32/bin/../lib/gcc/nios2-elf/5.2.0/../../../../../H-x86_64-mingw32/nios2-elf/lib\libc.a(lib_a-findfp.o) (_malloc_r)
c:/altera_lite/16.0/nios2eds/bin/gnu/h-x86_64-mingw32/bin/../lib/gcc/nios2-elf/5.2.0/../../../../../H-x86_64-mingw32/nios2-elf/lib\libc.a(lib_a-memset.o)
[...]
Memory Configuration

Name             Origin             Length             Attributes
reset            0x0000000010100000 0x0000000000000020
onchip_memory2_0 0x0000000010100020 0x000000000001ffe0
*default*        0x0000000000000000 0xffffffffffffffff

Linker script and memory map

LOAD C:/Users/qfrancoi/Desktop/lab_4_project_template/sw/nios/camera_controller_bsp//obj/HAL/src/crt0.o
LOAD obj/default/cmos_sensor_output_generator/cmos_sensor_output_generator.o
LOAD obj/default/hello_world.o
LOAD obj/default/i2c/i2c.o
LOAD c:/altera_lite/16.0/nios2eds/bin/gnu/h-x86_64-mingw32/bin/../lib/gcc/nios2-elf/5.2.0/../../../../../H-x86_64-mingw32/nios2-elf/lib\libstdc++.a
LOAD c:/altera_lite/16.0/nios2eds/bin/gnu/h-x86_64-mingw32/bin/../lib/gcc/nios2-elf/5.2.0/../../../../../H-x86_64-mingw32/nios2-elf/lib\libm.a
LOAD c:/altera_lite/16.0/nios2eds/bin/gnu/h-x86_64-mingw32/bin/../lib/gcc/nios2-elf/5.2.0\libgcc.a
START GROUP
LOAD c:/altera_lite/16.0/nios2eds/bin/gnu/h-x86_64-mingw32/bin/../lib/gcc/nios2-elf/5.2.0/../../../../../H-x86_64-mingw32/nios2-elf/lib\libc.a
LOAD c:/altera_lite/16.0/nios2eds/bin/gnu/h-x86_64-mingw32/bin/../lib/gcc/nios2-elf/5.2.0\libgcc.a
LOAD C:/Users/qfrancoi/Desktop/lab_4_project_template/sw/nios/camera_controller_bsp/\libhal_bsp.a
LOAD c:/altera_lite/16.0/nios2eds/bin/gnu/h-x86_64-mingw32/bin/../lib/gcc/nios2-elf/5.2.0/../../../../../H-x86_64-mingw32/nios2-elf/lib\libm.a
END GROUP
LOAD c:/altera_lite/16.0/nios2eds/bin/gnu/h-x86_64-mingw32/bin/../lib/gcc/nios2-elf/5.2.0\libgcc.a
                0x0000000010100000                __alt_mem_onchip_memory2_0 = 0x10100000

.entry          0x0000000010100000       0x20
 *(.entry)
 .entry         0x0000000010100000       0x20 C:/Users/qfrancoi/Desktop/lab_4_project_template/sw/nios/camera_controller_bsp//obj/HAL/src/crt0.o
                0x0000000010100000                __reset

.exceptions     0x0000000010100020      0x224
                0x0000000010100020                PROVIDE (__ram_exceptions_start, ABSOLUTE (.))
                0x0000000010100020                . = ALIGN (0x20)
 *(.irq)
 *(.exceptions.entry.label)
 .exceptions.entry.label
                0x0000000010100020        0x0 C:/Users/qfrancoi/Desktop/lab_4_project_template/sw/nios/camera_controller_bsp/\libhal_bsp.a(alt_irq_entry.o)
                0x0000000010100020                alt_irq_entry
 .exceptions.entry.label
                0x0000000010100020        0x0 C:/Users/qfrancoi/Desktop/lab_4_project_template/sw/nios/camera_controller_bsp/\libhal_bsp.a(alt_exception_entry.o)
                0x0000000010100020                alt_exception
 *(.exceptions.entry.user)
 *(.exceptions.entry.ecc_fatal)
 *(.exceptions.entry)
 .exceptions.entry
                0x0000000010100020       0x54 C:/Users/qfrancoi/Desktop/lab_4_project_template/sw/nios/camera_controller_bsp/\libhal_bsp.a(alt_exception_entry.o)
 *(.exceptions.irqtest.user)
 *(.exceptions.irqtest)
 .exceptions.irqtest
                0x0000000010100074       0x10 C:/Users/qfrancoi/Desktop/lab_4_project_template/sw/nios/camera_controller_bsp/\libhal_bsp.a(alt_irq_entry.o)
 *(.exceptions.irqhandler.user)
 *(.exceptions.irqhandler)
 .exceptions.irqhandler
                0x0000000010100084        0x4 C:/Users/qfrancoi/Desktop/lab_4_project_template/sw/nios/camera_controller_bsp/\libhal_bsp.a(alt_irq_entry.o)
 *(.exceptions.irqreturn.user)
 *(.exceptions.irqreturn)
 .exceptions.irqreturn
                0x0000000010100088        0x4 C:/Users/qfrancoi/Desktop/lab_4_project_template/sw/nios/camera_controller_bsp/\libhal_bsp.a(alt_irq_entry.o)
 *(.exceptions.notirq.label)
 .exceptions.notirq.label
                0x000000001010008c        0x0 C:/Users/qfrancoi/Desktop/lab_4_project_template/sw/nios/camera_controller_bsp/\libhal_bsp.a(alt_irq_entry.o)
 *(.exceptions.notirq.user)
 *(.exceptions.notirq)
 .exceptions.notirq
                0x000000001010008c        0x8 C:/Users/qfrancoi/Desktop/lab_4_project_template/sw/nios/camera_controller_bsp/\libhal_bsp.a(alt_exception_entry.o)
 *(.exceptions.soft.user)
 *(.exceptions.soft)
 *(.exceptions.unknown.user)
 *(.exceptions.unknown)
 .exceptions.unknown
                0x0000000010100094       0x14 C:/Users/qfrancoi/Desktop/lab_4_project_template/sw/nios/camera_controller_bsp/\libhal_bsp.a(alt_exception_entry.o)
 *(.exceptions.exit.label)
 .exceptions.exit.label
                0x00000000101000a8        0x0 C:/Users/qfrancoi/Desktop/lab_4_project_template/sw/nios/camera_controller_bsp/\libhal_bsp.a(alt_irq_entry.o)
 .exceptions.exit.label
                0x00000000101000a8        0x0 C:/Users/qfrancoi/Desktop/lab_4_project_template/sw/nios/camera_controller_bsp/\libhal_bsp.a(alt_exception_entry.o)
 *(.exceptions.exit.user)
 *(.exceptions.exit)
 .exceptions.exit
                0x00000000101000a8       0x54 C:/Users/qfrancoi/Desktop/lab_4_project_template/sw/nios/camera_controller_bsp/\libhal_bsp.a(alt_exception_entry.o)
 *(.exceptions)
 .exceptions    0x00000000101000fc       0xd4 C:/Users/qfrancoi/Desktop/lab_4_project_template/sw/nios/camera_controller_bsp/\libhal_bsp.a(alt_irq_handler.o)
                0x00000000101000fc                alt_irq_handler
 .exceptions    0x00000000101001d0       0x74 C:/Users/qfrancoi/Desktop/lab_4_project_template/sw/nios/camera_controller_bsp/\libhal_bsp.a(alt_instruction_exception_entry.o)
                0x00000000101001d0                alt_instruction_exception_entry
                0x0000000010100244                PROVIDE (__ram_exceptions_end, ABSOLUTE (.))
                0x0000000010100020                PROVIDE (__flash_exceptions_start, LOADADDR (.exceptions))

.text           0x0000000010100244    0x11260
                [!provide]                        PROVIDE (stext, ABSOLUTE (.))
 *(.interp)
 *(.hash)
 *(.dynsym)
 *(.dynstr)
 *(.gnu.version)
 *(.gnu.version_d)
 *(.gnu.version_r)
 *(.rel.init)
 *(.rela.init)
 *(.rel.text .rel.text.* .rel.gnu.linkonce.t.*)
 *(.rela.text .rela.text.* .rela.gnu.linkonce.t.*)
 *(.rel.fini)
 *(.rela.fini)
 *(.rel.rodata .rel.rodata.* .rel.gnu.linkonce.r.*)
 *(.rela.rodata .rela.rodata.* .rela.gnu.linkonce.r.*)
 *(.rel.data .rel.data.* .rel.gnu.linkonce.d.*)
 *(.rela.data .rela.data.* .rela.gnu.linkonce.d.*)
 *(.rel.tdata .rel.tdata.* .rel.gnu.linkonce.td.*)
 *(.rela.tdata .rela.tdata.* .rela.gnu.linkonce.td.*)
 *(.rel.tbss .rel.tbss.* .rel.gnu.linkonce.tb.*)
 *(.rela.tbss .rela.tbss.* .rela.gnu.linkonce.tb.*)
 *(.rel.ctors)
 *(.rela.ctors)
 *(.rel.dtors)
 *(.rela.dtors)
 *(.rel.got)
 *(.rela.got)
 *(.rel.sdata .rel.sdata.* .rel.gnu.linkonce.s.*)
 *(.rela.sdata .rela.sdata.* .rela.gnu.linkonce.s.*)
 *(.rel.sbss .rel.sbss.* .rel.gnu.linkonce.sb.*)
 *(.rela.sbss .rela.sbss.* .rela.gnu.linkonce.sb.*)
 *(.rel.sdata2 .rel.sdata2.* .rel.gnu.linkonce.s2.*)
 *(.rela.sdata2 .rela.sdata2.* .rela.gnu.linkonce.s2.*)
 *(.rel.sbss2 .rel.sbss2.* .rel.gnu.linkonce.sb2.*)
 *(.rela.sbss2 .rela.sbss2.* .rela.gnu.linkonce.sb2.*)
 *(.rel.bss .rel.bss.* .rel.gnu.linkonce.b.*)
 *(.rela.bss .rela.bss.* .rela.gnu.linkonce.b.*)
 *(.rel.plt)
 *(.rela.plt)
 *(.rel.dyn)
 *(.init)
 *(.plt)
 *(.text .stub .text.* .gnu.linkonce.t.*)
 .text          0x0000000010100244       0x4c C:/Users/qfrancoi/Desktop/lab_4_project_template/sw/nios/camera_controller_bsp//obj/HAL/src/crt0.o
                0x0000000010100244                _start
 .text          0x0000000010100290      0x8b4 obj/default/cmos_sensor_output_generator/cmos_sensor_output_generator.o
                0x00000000101008d8                cmos_sensor_output_generator_inst
                0x0000000010100950                cmos_sensor_output_generator_init
                0x00000000101009cc                cmos_sensor_output_generator_configure
                0x0000000010100ad4                cmos_sensor_output_generator_start
                0x0000000010100b0c                cmos_sensor_output_generator_stop
 .text          0x0000000010100b44      0x1d8 obj/default/hello_world.o
                0x0000000010100b44                main
 .text          0x0000000010100d1c      0x80c obj/default/i2c/i2c.o
                0x0000000010100e68                i2c_inst
                0x0000000010100e94                i2c_init
                0x0000000010100ef8                i2c_configure
                0x0000000010100f78                i2c_write
                0x00000000101010a4                i2c_read
                0x00000000101011ec                i2c_write_array
                0x0000000010101380                i2c_read_array
 .text          0x0000000010101528      0x1b4 c:/altera_lite/16.0/nios2eds/bin/gnu/h-x86_64-mingw32/bin/../lib/gcc/nios2-elf/5.2.0\libgcc.a(lib2-divmod.o)
                0x0000000010101528                __divsi3
                0x00000000101015ac                __modsi3
                0x0000000010101620                __udivsi3
                0x0000000010101684                __umodsi3
 .text          0x00000000101016dc        0x0 c:/altera_lite/16.0/nios2eds/bin/gnu/h-x86_64-mingw32/bin/../lib/gcc/nios2-elf/5.2.0/../../../../../H-x86_64-mingw32/nios2-elf/lib\libc.a(lib_a-fclose.o)
 .text._fclose_r
                0x00000000101016dc       0xf0 c:/altera_lite/16.0/nios2eds/bin/gnu/h-x86_64-mingw32/bin/../lib/gcc/nios2-elf/5.2.0/../../../../../H-x86_64-mingw32/nios2-elf/lib\libc.a(lib_a-fclose.o)
                0x00000000101016dc                _fclose_r
 .text.fclose   0x00000000101017cc       0x14 c:/altera_lite/16.0/nios2eds/bin/gnu/h-x86_64-mingw32/bin/../lib/gcc/nios2-elf/5.2.0/../../../../../H-x86_64-mingw32/nios2-elf/lib\libc.a(lib_a-fclose.o)
                0x00000000101017cc                fclose
 .text          0x00000000101017e0        0x0 c:/altera_lite/16.0/nios2eds/bin/gnu/h-x86_64-mingw32/bin/../lib/gcc/nios2-elf/5.2.0/../../../../../H-x86_64-mingw32/nios2-elf/lib\libc.a(lib_a-fflush.o)
 .text.__sflush_r
                0x00000000101017e0      0x21c c:/altera_lite/16.0/nios2eds/bin/gnu/h-x86_64-mingw32/bin/../lib/gcc/nios2-elf/5.2.0/../../../../../H-x86_64-mingw32/nios2-elf/lib\libc.a(lib_a-fflush.o)
                0x00000000101017e0                __sflush_r
 .text._fflush_r
                0x00000000101019fc       0x5c c:/altera_lite/16.0/nios2eds/bin/gnu/h-x86_64-mingw32/bin/../lib/gcc/nios2-elf/5.2.0/../../../../../H-x86_64-mingw32/nios2-elf/lib\libc.a(lib_a-fflush.o)
                0x00000000101019fc                _fflush_r
 .text.fflush   0x0000000010101a58       0x30 c:/altera_lite/16.0/nios2eds/bin/gnu/h-x86_64-mingw32/bin/../lib/gcc/nios2-elf/5.2.0/../../../../../H-x86_64-mingw32/nios2-elf/lib\libc.a(lib_a-fflush.o)
                0x0000000010101a58                fflush
 .text          0x0000000010101a88        0x0 c:/altera_lite/16.0/nios2eds/bin/gnu/h-x86_64-mingw32/bin/../lib/gcc/nios2-elf/5.2.0/../../../../../H-x86_64-mingw32/nios2-elf/lib\libc.a(lib_a-findfp.o)
 .text.__fp_unlock
                0x0000000010101a88        0x8 c:/altera_lite/16.0/nios2eds/bin/gnu/h-x86_64-mingw32/bin/../lib/gcc/nios2-elf/5.2.0/../../../../../H-x86_64-mingw32/nios2-elf/lib\libc.a(lib_a-findfp.o)
 .text._cleanup_r
                0x0000000010101a90        0xc c:/altera_lite/16.0/nios2eds/bin/gnu/h-x86_64-mingw32/bin/../lib/gcc/nios2-elf/5.2.0/../../../../../H-x86_64-mingw32/nios2-elf/lib\libc.a(lib_a-findfp.o)
                0x0000000010101a90                _cleanup_r
 .text.__sinit.part.1
                0x0000000010101a9c      0x19c c:/altera_lite/16.0/nios2eds/bin/gnu/h-x86_64-mingw32/bin/../lib/gcc/nios2-elf/5.2.0/../../../../../H-x86_64-mingw32/nios2-elf/lib\libc.a(lib_a-findfp.o)
 .text.__fp_lock
                0x0000000010101c38        0x8 c:/altera_lite/16.0/nios2eds/bin/gnu/h-x86_64-mingw32/bin/../lib/gcc/nios2-elf/5.2.0/../../../../../H-x86_64-mingw32/nios2-elf/lib\libc.a(lib_a-findfp.o)
 .text.__sfmoreglue
                0x0000000010101c40       0x68 c:/altera_lite/16.0/nios2eds/bin/gnu/h-x86_64-mingw32/bin/../lib/gcc/nios2-elf/5.2.0/../../../../../H-x86_64-mingw32/nios2-elf/lib\libc.a(lib_a-findfp.o)
                0x0000000010101c40                __sfmoreglue
 .text.__sfp    0x0000000010101ca8      0x118 c:/altera_lite/16.0/nios2eds/bin/gnu/h-x86_64-mingw32/bin/../lib/gcc/nios2-elf/5.2.0/../../../../../H-x86_64-mingw32/nios2-elf/lib\libc.a(lib_a-findfp.o)
                0x0000000010101ca8                __sfp
 .text._cleanup
                0x0000000010101dc0       0x18 c:/altera_lite/16.0/nios2eds/bin/gnu/h-x86_64-mingw32/bin/../lib/gcc/nios2-elf/5.2.0/../../../../../H-x86_64-mingw32/nios2-elf/lib\libc.a(lib_a-findfp.o)
                0x0000000010101dc0                _cleanup
 .text.__sinit  0x0000000010101dd8       0x10 c:/altera_lite/16.0/nios2eds/bin/gnu/h-x86_64-mingw32/bin/../lib/gcc/nios2-elf/5.2.0/../../../../../H-x86_64-mingw32/nios2-elf/lib\libc.a(lib_a-findfp.o)
                0x0000000010101dd8                __sinit
 .text.__sfp_lock_acquire
                0x0000000010101de8        0x4 c:/altera_lite/16.0/nios2eds/bin/gnu/h-x86_64-mingw32/bin/../lib/gcc/nios2-elf/5.2.0/../../../../../H-x86_64-mingw32/nios2-elf/lib\libc.a(lib_a-findfp.o)
                0x0000000010101de8                __sfp_lock_acquire
 .text.__sfp_lock_release
                0x0000000010101dec        0x4 c:/altera_lite/16.0/nios2eds/bin/gnu/h-x86_64-mingw32/bin/../lib/gcc/nios2-elf/5.2.0/../../../../../H-x86_64-mingw32/nios2-elf/lib\libc.a(lib_a-findfp.o)
                0x0000000010101dec                __sfp_lock_release
 .text.__sinit_lock_acquire
                0x0000000010101df0        0x4 c:/altera_lite/16.0/nios2eds/bin/gnu/h-x86_64-mingw32/bin/../lib/gcc/nios2-elf/5.2.0/../../../../../H-x86_64-mingw32/nios2-elf/lib\libc.a(lib_a-findfp.o)
                0x0000000010101df0                __sinit_lock_acquire
 .text.__sinit_lock_release
                0x0000000010101df4        0x4 c:/altera_lite/16.0/nios2eds/bin/gnu/h-x86_64-mingw32/bin/../lib/gcc/nios2-elf/5.2.0/../../../../../H-x86_64-mingw32/nios2-elf/lib\libc.a(lib_a-findfp.o)
                0x0000000010101df4                __sinit_lock_release
 .text.__fp_lock_all
                0x0000000010101df8       0x18 c:/altera_lite/16.0/nios2eds/bin/gnu/h-x86_64-mingw32/bin/../lib/gcc/nios2-elf/5.2.0/../../../../../H-x86_64-mingw32/nios2-elf/lib\libc.a(lib_a-findfp.o)
                0x0000000010101df8                __fp_lock_all
 .text.__fp_unlock_all
                0x0000000010101e10       0x18 c:/altera_lite/16.0/nios2eds/bin/gnu/h-x86_64-mingw32/bin/../lib/gcc/nios2-elf/5.2.0/../../../../../H-x86_64-mingw32/nios2-elf/lib\libc.a(lib_a-findfp.o)
                0x0000000010101e10                __fp_unlock_all
 .text          0x0000000010101e28        0x0 c:/altera_lite/16.0/nios2eds/bin/gnu/h-x86_64-mingw32/bin/../lib/gcc/nios2-elf/5.2.0/../../../../../H-x86_64-mingw32/nios2-elf/lib\libc.a(lib_a-fopen.o)
 .text._fopen_r
                0x0000000010101e28       0xf4 c:/altera_lite/16.0/nios2eds/bin/gnu/h-x86_64-mingw32/bin/../lib/gcc/nios2-elf/5.2.0/../../../../../H-x86_64-mingw32/nios2-elf/lib\libc.a(lib_a-fopen.o)
                0x0000000010101e28                _fopen_r
 .text.fopen    0x0000000010101f1c       0x18 c:/altera_lite/16.0/nios2eds/bin/gnu/h-x86_64-mingw32/bin/../lib/gcc/nios2-elf/5.2.0/../../../../../H-x86_64-mingw32/nios2-elf/lib\libc.a(lib_a-fopen.o)
                0x0000000010101f1c                fopen
 .text          0x0000000010101f34        0x0 c:/altera_lite/16.0/nios2eds/bin/gnu/h-x86_64-mingw32/bin/../lib/gcc/nios2-elf/5.2.0/../../../../../H-x86_64-mingw32/nios2-elf/lib\libc.a(lib_a-fprintf.o)
 .text._fprintf_r
                0x0000000010101f34       0x28 c:/altera_lite/16.0/nios2eds/bin/gnu/h-x86_64-mingw32/bin/../lib/gcc/nios2-elf/5.2.0/../../../../../H-x86_64-mingw32/nios2-elf/lib\libc.a(lib_a-fprintf.o)
                0x0000000010101f34                _fprintf_r
 .text.fprintf  0x0000000010101f5c       0x24 c:/altera_lite/16.0/nios2eds/bin/gnu/h-x86_64-mingw32/bin/../lib/gcc/nios2-elf/5.2.0/../../../../../H-x86_64-mingw32/nios2-elf/lib\libc.a(lib_a-fprintf.o)
                0x0000000010101f5c                fprintf
 .text          0x0000000010101f80        0x0 c:/altera_lite/16.0/nios2eds/bin/gnu/h-x86_64-mingw32/bin/../lib/gcc/nios2-elf/5.2.0/../../../../../H-x86_64-mingw32/nios2-elf/lib\libc.a(lib_a-freer.o)
 .text._malloc_trim_r
                0x0000000010101f80      0x124 c:/altera_lite/16.0/nios2eds/bin/gnu/h-x86_64-mingw32/bin/../lib/gcc/nios2-elf/5.2.0/../../../../../H-x86_64-mingw32/nios2-elf/lib\libc.a(lib_a-freer.o)
                0x0000000010101f80                _malloc_trim_r
 .text._free_r  0x00000000101020a4      0x310 c:/altera_lite/16.0/nios2eds/bin/gnu/h-x86_64-mingw32/bin/../lib/gcc/nios2-elf/5.2.0/../../../../../H-x86_64-mingw32/nios2-elf/lib\libc.a(lib_a-freer.o)
                0x00000000101020a4                _free_r
 .text          0x00000000101023b4        0x0 c:/altera_lite/16.0/nios2eds/bin/gnu/h-x86_64-mingw32/bin/../lib/gcc/nios2-elf/5.2.0/../../../../../H-x86_64-mingw32/nios2-elf/lib\libc.a(lib_a-fseek.o)
 .text._fseek_r
                0x00000000101023b4        0x4 c:/altera_lite/16.0/nios2eds/bin/gnu/h-x86_64-mingw32/bin/../lib/gcc/nios2-elf/5.2.0/../../../../../H-x86_64-mingw32/nios2-elf/lib\libc.a(lib_a-fseek.o)
                0x00000000101023b4                _fseek_r
 .text.fseek    0x00000000101023b8       0x1c c:/altera_lite/16.0/nios2eds/bin/gnu/h-x86_64-mingw32/bin/../lib/gcc/nios2-elf/5.2.0/../../../../../H-x86_64-mingw32/nios2-elf/lib\libc.a(lib_a-fseek.o)
                0x00000000101023b8                fseek
 .text          0x00000000101023d4        0x0 c:/altera_lite/16.0/nios2eds/bin/gnu/h-x86_64-mingw32/bin/../lib/gcc/nios2-elf/5.2.0/../../../../../H-x86_64-mingw32/nios2-elf/lib\libc.a(lib_a-fseeko.o)
 .text._fseeko_r
                0x00000000101023d4      0x444 c:/altera_lite/16.0/nios2eds/bin/gnu/h-x86_64-mingw32/bin/../lib/gcc/nios2-elf/5.2.0/../../../../../H-x86_64-mingw32/nios2-elf/lib\libc.a(lib_a-fseeko.o)
                0x00000000101023d4                _fseeko_r
 .text.fseeko   0x0000000010102818       0x1c c:/altera_lite/16.0/nios2eds/bin/gnu/h-x86_64-mingw32/bin/../lib/gcc/nios2-elf/5.2.0/../../../../../H-x86_64-mingw32/nios2-elf/lib\libc.a(lib_a-fseeko.o)
                0x0000000010102818                fseeko
 .text          0x0000000010102834        0x0 c:/altera_lite/16.0/nios2eds/bin/gnu/h-x86_64-mingw32/bin/../lib/gcc/nios2-elf/5.2.0/../../../../../H-x86_64-mingw32/nios2-elf/lib\libc.a(lib_a-fstatr.o)
 .text._fstat_r
                0x0000000010102834       0x5c c:/altera_lite/16.0/nios2eds/bin/gnu/h-x86_64-mingw32/bin/../lib/gcc/nios2-elf/5.2.0/../../../../../H-x86_64-mingw32/nios2-elf/lib\libc.a(lib_a-fstatr.o)
                0x0000000010102834                _fstat_r
 .text          0x0000000010102890        0x0 c:/altera_lite/16.0/nios2eds/bin/gnu/h-x86_64-mingw32/bin/../lib/gcc/nios2-elf/5.2.0/../../../../../H-x86_64-mingw32/nios2-elf/lib\libc.a(lib_a-fwalk.o)
 .text._fwalk   0x0000000010102890       0xc4 c:/altera_lite/16.0/nios2eds/bin/gnu/h-x86_64-mingw32/bin/../lib/gcc/nios2-elf/5.2.0/../../../../../H-x86_64-mingw32/nios2-elf/lib\libc.a(lib_a-fwalk.o)
                0x0000000010102890                _fwalk
 .text._fwalk_reent
                0x0000000010102954       0xc4 c:/altera_lite/16.0/nios2eds/bin/gnu/h-x86_64-mingw32/bin/../lib/gcc/nios2-elf/5.2.0/../../../../../H-x86_64-mingw32/nios2-elf/lib\libc.a(lib_a-fwalk.o)
                0x0000000010102954                _fwalk_reent
 .text          0x0000000010102a18        0x0 c:/altera_lite/16.0/nios2eds/bin/gnu/h-x86_64-mingw32/bin/../lib/gcc/nios2-elf/5.2.0/../../../../../H-x86_64-mingw32/nios2-elf/lib\libc.a(lib_a-impure.o)
 .text          0x0000000010102a18        0x0 c:/altera_lite/16.0/nios2eds/bin/gnu/h-x86_64-mingw32/bin/../lib/gcc/nios2-elf/5.2.0/../../../../../H-x86_64-mingw32/nios2-elf/lib\libc.a(lib_a-int_errno.o)
 .text          0x0000000010102a18        0x0 c:/altera_lite/16.0/nios2eds/bin/gnu/h-x86_64-mingw32/bin/../lib/gcc/nios2-elf/5.2.0/../../../../../H-x86_64-mingw32/nios2-elf/lib\libc.a(lib_a-makebuf.o)
 .text.__smakebuf_r
                0x0000000010102a18      0x1bc c:/altera_lite/16.0/nios2eds/bin/gnu/h-x86_64-mingw32/bin/../lib/gcc/nios2-elf/5.2.0/../../../../../H-x86_64-mingw32/nios2-elf/lib\libc.a(lib_a-makebuf.o)
                0x0000000010102a18                __smakebuf_r
 .text          0x0000000010102bd4        0x0 c:/altera_lite/16.0/nios2eds/bin/gnu/h-x86_64-mingw32/bin/../lib/gcc/nios2-elf/5.2.0/../../../../../H-x86_64-mingw32/nios2-elf/lib\libc.a(lib_a-mallocr.o)
 .text._malloc_r
                0x0000000010102bd4      0x80c c:/altera_lite/16.0/nios2eds/bin/gnu/h-x86_64-mingw32/bin/../lib/gcc/nios2-elf/5.2.0/../../../../../H-x86_64-mingw32/nios2-elf/lib\libc.a(lib_a-mallocr.o)
                0x0000000010102bd4                _malloc_r
 .text          0x00000000101033e0        0x0 c:/altera_lite/16.0/nios2eds/bin/gnu/h-x86_64-mingw32/bin/../lib/gcc/nios2-elf/5.2.0/../../../../../H-x86_64-mingw32/nios2-elf/lib\libc.a(lib_a-memset.o)
 .text.memset   0x00000000101033e0      0x128 c:/altera_lite/16.0/nios2eds/bin/gnu/h-x86_64-mingw32/bin/../lib/gcc/nios2-elf/5.2.0/../../../../../H-x86_64-mingw32/nios2-elf/lib\libc.a(lib_a-memset.o)
                0x00000000101033e0                memset
 .text          0x0000000010103508        0x0 c:/altera_lite/16.0/nios2eds/bin/gnu/h-x86_64-mingw32/bin/../lib/gcc/nios2-elf/5.2.0/../../../../../H-x86_64-mingw32/nios2-elf/lib\libc.a(lib_a-openr.o)
 .text._open_r  0x0000000010103508       0x60 c:/altera_lite/16.0/nios2eds/bin/gnu/h-x86_64-mingw32/bin/../lib/gcc/nios2-elf/5.2.0/../../../../../H-x86_64-mingw32/nios2-elf/lib\libc.a(lib_a-openr.o)
                0x0000000010103508                _open_r
 .text          0x0000000010103568        0x0 c:/altera_lite/16.0/nios2eds/bin/gnu/h-x86_64-mingw32/bin/../lib/gcc/nios2-elf/5.2.0/../../../../../H-x86_64-mingw32/nios2-elf/lib\libc.a(lib_a-printf.o)
 .text._printf_r
                0x0000000010103568       0x30 c:/altera_lite/16.0/nios2eds/bin/gnu/h-x86_64-mingw32/bin/../lib/gcc/nios2-elf/5.2.0/../../../../../H-x86_64-mingw32/nios2-elf/lib\libc.a(lib_a-printf.o)
                0x0000000010103568                _printf_r
 .text.printf   0x0000000010103598       0x3c c:/altera_lite/16.0/nios2eds/bin/gnu/h-x86_64-mingw32/bin/../lib/gcc/nios2-elf/5.2.0/../../../../../H-x86_64-mingw32/nios2-elf/lib\libc.a(lib_a-printf.o)
                0x0000000010103598                printf
 .text          0x00000000101035d4        0x0 c:/altera_lite/16.0/nios2eds/bin/gnu/h-x86_64-mingw32/bin/../lib/gcc/nios2-elf/5.2.0/../../../../../H-x86_64-mingw32/nios2-elf/lib\libc.a(lib_a-refill.o)
 .text.lflush   0x00000000101035d4       0x1c c:/altera_lite/16.0/nios2eds/bin/gnu/h-x86_64-mingw32/bin/../lib/gcc/nios2-elf/5.2.0/../../../../../H-x86_64-mingw32/nios2-elf/lib\libc.a(lib_a-refill.o)
 .text.__srefill_r
                0x00000000101035f0      0x1d4 c:/altera_lite/16.0/nios2eds/bin/gnu/h-x86_64-mingw32/bin/../lib/gcc/nios2-elf/5.2.0/../../../../../H-x86_64-mingw32/nios2-elf/lib\libc.a(lib_a-refill.o)
                0x00000000101035f0                __srefill_r
 .text          0x00000000101037c4        0x0 c:/altera_lite/16.0/nios2eds/bin/gnu/h-x86_64-mingw32/bin/../lib/gcc/nios2-elf/5.2.0/../../../../../H-x86_64-mingw32/nios2-elf/lib\libc.a(lib_a-sbrkr.o)
 .text._sbrk_r  0x00000000101037c4       0x54 c:/altera_lite/16.0/nios2eds/bin/gnu/h-x86_64-mingw32/bin/../lib/gcc/nios2-elf/5.2.0/../../../../../H-x86_64-mingw32/nios2-elf/lib\libc.a(lib_a-sbrkr.o)
                0x00000000101037c4                _sbrk_r
 .text          0x0000000010103818        0x0 c:/altera_lite/16.0/nios2eds/bin/gnu/h-x86_64-mingw32/bin/../lib/gcc/nios2-elf/5.2.0/../../../../../H-x86_64-mingw32/nios2-elf/lib\libc.a(lib_a-stdio.o)
 .text.__sread  0x0000000010103818       0x54 c:/altera_lite/16.0/nios2eds/bin/gnu/h-x86_64-mingw32/bin/../lib/gcc/nios2-elf/5.2.0/../../../../../H-x86_64-mingw32/nios2-elf/lib\libc.a(lib_a-stdio.o)
                0x0000000010103818                __sread
 .text.__seofread
                0x000000001010386c        0x8 c:/altera_lite/16.0/nios2eds/bin/gnu/h-x86_64-mingw32/bin/../lib/gcc/nios2-elf/5.2.0/../../../../../H-x86_64-mingw32/nios2-elf/lib\libc.a(lib_a-stdio.o)
                0x000000001010386c                __seofread
 .text.__swrite
                0x0000000010103874       0x7c c:/altera_lite/16.0/nios2eds/bin/gnu/h-x86_64-mingw32/bin/../lib/gcc/nios2-elf/5.2.0/../../../../../H-x86_64-mingw32/nios2-elf/lib\libc.a(lib_a-stdio.o)
                0x0000000010103874                __swrite
 .text.__sseek  0x00000000101038f0       0x5c c:/altera_lite/16.0/nios2eds/bin/gnu/h-x86_64-mingw32/bin/../lib/gcc/nios2-elf/5.2.0/../../../../../H-x86_64-mingw32/nios2-elf/lib\libc.a(lib_a-stdio.o)
                0x00000000101038f0                __sseek
 .text.__sclose
                0x000000001010394c        0x8 c:/altera_lite/16.0/nios2eds/bin/gnu/h-x86_64-mingw32/bin/../lib/gcc/nios2-elf/5.2.0/../../../../../H-x86_64-mingw32/nios2-elf/lib\libc.a(lib_a-stdio.o)
                0x000000001010394c                __sclose
 .text          0x0000000010103954        0x0 c:/altera_lite/16.0/nios2eds/bin/gnu/h-x86_64-mingw32/bin/../lib/gcc/nios2-elf/5.2.0/../../../../../H-x86_64-mingw32/nios2-elf/lib\libc.a(lib_a-vfprintf.o)
 .text.___vfprintf_internal_r
                0x0000000010103954     0x21f8 c:/altera_lite/16.0/nios2eds/bin/gnu/h-x86_64-mingw32/bin/../lib/gcc/nios2-elf/5.2.0/../../../../../H-x86_64-mingw32/nios2-elf/lib\libc.a(lib_a-vfprintf.o)
                0x0000000010103954                ___vfprintf_internal_r
 .text.__vfprintf_internal
                0x0000000010105b4c       0x1c c:/altera_lite/16.0/nios2eds/bin/gnu/h-x86_64-mingw32/bin/../lib/gcc/nios2-elf/5.2.0/../../../../../H-x86_64-mingw32/nios2-elf/lib\libc.a(lib_a-vfprintf.o)
                0x0000000010105b4c                __vfprintf_internal
 .text.__sbprintf
                0x0000000010105b68       0xbc c:/altera_lite/16.0/nios2eds/bin/gnu/h-x86_64-mingw32/bin/../lib/gcc/nios2-elf/5.2.0/../../../../../H-x86_64-mingw32/nios2-elf/lib\libc.a(lib_a-vfprintf.o)
 .text          0x0000000010105c24        0x0 c:/altera_lite/16.0/nios2eds/bin/gnu/h-x86_64-mingw32/bin/../lib/gcc/nios2-elf/5.2.0/../../../../../H-x86_64-mingw32/nios2-elf/lib\libc.a(lib_a-writer.o)
 .text._write_r
                0x0000000010105c24       0x60 c:/altera_lite/16.0/nios2eds/bin/gnu/h-x86_64-mingw32/bin/../lib/gcc/nios2-elf/5.2.0/../../../../../H-x86_64-mingw32/nios2-elf/lib\libc.a(lib_a-writer.o)
                0x0000000010105c24                _write_r
 .text          0x0000000010105c84        0x0 c:/altera_lite/16.0/nios2eds/bin/gnu/h-x86_64-mingw32/bin/../lib/gcc/nios2-elf/5.2.0/../../../../../H-x86_64-mingw32/nios2-elf/lib\libc.a(lib_a-wsetup.o)
 .text.__swsetup_r
                0x0000000010105c84      0x154 c:/altera_lite/16.0/nios2eds/bin/gnu/h-x86_64-mingw32/bin/../lib/gcc/nios2-elf/5.2.0/../../../../../H-x86_64-mingw32/nios2-elf/lib\libc.a(lib_a-wsetup.o)
                0x0000000010105c84                __swsetup_r
 .text          0x0000000010105dd8        0x0 c:/altera_lite/16.0/nios2eds/bin/gnu/h-x86_64-mingw32/bin/../lib/gcc/nios2-elf/5.2.0/../../../../../H-x86_64-mingw32/nios2-elf/lib\libc.a(closer.o)
 .text._close_r
                0x0000000010105dd8       0x54 c:/altera_lite/16.0/nios2eds/bin/gnu/h-x86_64-mingw32/bin/../lib/gcc/nios2-elf/5.2.0/../../../../../H-x86_64-mingw32/nios2-elf/lib\libc.a(closer.o)
                0x0000000010105dd8                _close_r
 .text          0x0000000010105e2c        0x0 c:/altera_lite/16.0/nios2eds/bin/gnu/h-x86_64-mingw32/bin/../lib/gcc/nios2-elf/5.2.0/../../../../../H-x86_64-mingw32/nios2-elf/lib\libc.a(lib_a-dtoa.o)
 .text.quorem   0x0000000010105e2c      0x200 c:/altera_lite/16.0/nios2eds/bin/gnu/h-x86_64-mingw32/bin/../lib/gcc/nios2-elf/5.2.0/../../../../../H-x86_64-mingw32/nios2-elf/lib\libc.a(lib_a-dtoa.o)
 .text._dtoa_r  0x000000001010602c     0x1688 c:/altera_lite/16.0/nios2eds/bin/gnu/h-x86_64-mingw32/bin/../lib/gcc/nios2-elf/5.2.0/../../../../../H-x86_64-mingw32/nios2-elf/lib\libc.a(lib_a-dtoa.o)
                0x000000001010602c                _dtoa_r
 .text          0x00000000101076b4        0x0 c:/altera_lite/16.0/nios2eds/bin/gnu/h-x86_64-mingw32/bin/../lib/gcc/nios2-elf/5.2.0/../../../../../H-x86_64-mingw32/nios2-elf/lib\libc.a(lib_a-flags.o)
 .text.__sflags
                0x00000000101076b4       0xac c:/altera_lite/16.0/nios2eds/bin/gnu/h-x86_64-mingw32/bin/../lib/gcc/nios2-elf/5.2.0/../../../../../H-x86_64-mingw32/nios2-elf/lib\libc.a(lib_a-flags.o)
                0x00000000101076b4                __sflags
 .text          0x0000000010107760        0x0 c:/altera_lite/16.0/nios2eds/bin/gnu/h-x86_64-mingw32/bin/../lib/gcc/nios2-elf/5.2.0/../../../../../H-x86_64-mingw32/nios2-elf/lib\libc.a(lib_a-isattyr.o)
 .text._isatty_r
                0x0000000010107760       0x54 c:/altera_lite/16.0/nios2eds/bin/gnu/h-x86_64-mingw32/bin/../lib/gcc/nios2-elf/5.2.0/../../../../../H-x86_64-mingw32/nios2-elf/lib\libc.a(lib_a-isattyr.o)
                0x0000000010107760                _isatty_r
 .text          0x00000000101077b4        0x0 c:/altera_lite/16.0/nios2eds/bin/gnu/h-x86_64-mingw32/bin/../lib/gcc/nios2-elf/5.2.0/../../../../../H-x86_64-mingw32/nios2-elf/lib\libc.a(lib_a-locale.o)
 .text._setlocale_r
                0x00000000101077b4       0x7c c:/altera_lite/16.0/nios2eds/bin/gnu/h-x86_64-mingw32/bin/../lib/gcc/nios2-elf/5.2.0/../../../../../H-x86_64-mingw32/nios2-elf/lib\libc.a(lib_a-locale.o)
                0x00000000101077b4                _setlocale_r
 .text.__locale_charset
                0x0000000010107830        0xc c:/altera_lite/16.0/nios2eds/bin/gnu/h-x86_64-mingw32/bin/../lib/gcc/nios2-elf/5.2.0/../../../../../H-x86_64-mingw32/nios2-elf/lib\libc.a(lib_a-locale.o)
                0x0000000010107830                __locale_charset
 .text.__locale_mb_cur_max
                0x000000001010783c       0x10 c:/altera_lite/16.0/nios2eds/bin/gnu/h-x86_64-mingw32/bin/../lib/gcc/nios2-elf/5.2.0/../../../../../H-x86_64-mingw32/nios2-elf/lib\libc.a(lib_a-locale.o)
                0x000000001010783c                __locale_mb_cur_max
 .text.__locale_msgcharset
                0x000000001010784c        0xc c:/altera_lite/16.0/nios2eds/bin/gnu/h-x86_64-mingw32/bin/../lib/gcc/nios2-elf/5.2.0/../../../../../H-x86_64-mingw32/nios2-elf/lib\libc.a(lib_a-locale.o)
                0x000000001010784c                __locale_msgcharset
 .text.__locale_cjk_lang
                0x0000000010107858        0x8 c:/altera_lite/16.0/nios2eds/bin/gnu/h-x86_64-mingw32/bin/../lib/gcc/nios2-elf/5.2.0/../../../../../H-x86_64-mingw32/nios2-elf/lib\libc.a(lib_a-locale.o)
                0x0000000010107858                __locale_cjk_lang
 .text._localeconv_r
                0x0000000010107860        0xc c:/altera_lite/16.0/nios2eds/bin/gnu/h-x86_64-mingw32/bin/../lib/gcc/nios2-elf/5.2.0/../../../../../H-x86_64-mingw32/nios2-elf/lib\libc.a(lib_a-locale.o)
                0x0000000010107860                _localeconv_r
 .text.setlocale
                0x000000001010786c       0x18 c:/altera_lite/16.0/nios2eds/bin/gnu/h-x86_64-mingw32/bin/../lib/gcc/nios2-elf/5.2.0/../../../../../H-x86_64-mingw32/nios2-elf/lib\libc.a(lib_a-locale.o)
                0x000000001010786c                setlocale
 .text.localeconv
                0x0000000010107884        0xc c:/altera_lite/16.0/nios2eds/bin/gnu/h-x86_64-mingw32/bin/../lib/gcc/nios2-elf/5.2.0/../../../../../H-x86_64-mingw32/nios2-elf/lib\libc.a(lib_a-locale.o)
                0x0000000010107884                localeconv
 .text          0x0000000010107890        0x0 c:/altera_lite/16.0/nios2eds/bin/gnu/h-x86_64-mingw32/bin/../lib/gcc/nios2-elf/5.2.0/../../../../../H-x86_64-mingw32/nios2-elf/lib\libc.a(lib_a-lseekr.o)
 .text._lseek_r
                0x0000000010107890       0x60 c:/altera_lite/16.0/nios2eds/bin/gnu/h-x86_64-mingw32/bin/../lib/gcc/nios2-elf/5.2.0/../../../../../H-x86_64-mingw32/nios2-elf/lib\libc.a(lib_a-lseekr.o)
                0x0000000010107890                _lseek_r
 .text          0x00000000101078f0        0x0 c:/altera_lite/16.0/nios2eds/bin/gnu/h-x86_64-mingw32/bin/../lib/gcc/nios2-elf/5.2.0/../../../../../H-x86_64-mingw32/nios2-elf/lib\libc.a(lib_a-memchr.o)
 .text.memchr   0x00000000101078f0       0xe4 c:/altera_lite/16.0/nios2eds/bin/gnu/h-x86_64-mingw32/bin/../lib/gcc/nios2-elf/5.2.0/../../../../../H-x86_64-mingw32/nios2-elf/lib\libc.a(lib_a-memchr.o)
                0x00000000101078f0                memchr
 .text          0x00000000101079d4        0x0 c:/altera_lite/16.0/nios2eds/bin/gnu/h-x86_64-mingw32/bin/../lib/gcc/nios2-elf/5.2.0/../../../../../H-x86_64-mingw32/nios2-elf/lib\libc.a(lib_a-memcpy.o)
 .text.memcpy   0x00000000101079d4      0x148 c:/altera_lite/16.0/nios2eds/bin/gnu/h-x86_64-mingw32/bin/../lib/gcc/nios2-elf/5.2.0/../../../../../H-x86_64-mingw32/nios2-elf/lib\libc.a(lib_a-memcpy.o)
                0x00000000101079d4                memcpy
 .text          0x0000000010107b1c        0x0 c:/altera_lite/16.0/nios2eds/bin/gnu/h-x86_64-mingw32/bin/../lib/gcc/nios2-elf/5.2.0/../../../../../H-x86_64-mingw32/nios2-elf/lib\libc.a(lib_a-mprec.o)
 .text._Balloc  0x0000000010107b1c       0xa8 c:/altera_lite/16.0/nios2eds/bin/gnu/h-x86_64-mingw32/bin/../lib/gcc/nios2-elf/5.2.0/../../../../../H-x86_64-mingw32/nios2-elf/lib\libc.a(lib_a-mprec.o)
                0x0000000010107b1c                _Balloc
 .text._Bfree   0x0000000010107bc4       0x28 c:/altera_lite/16.0/nios2eds/bin/gnu/h-x86_64-mingw32/bin/../lib/gcc/nios2-elf/5.2.0/../../../../../H-x86_64-mingw32/nios2-elf/lib\libc.a(lib_a-mprec.o)
                0x0000000010107bc4                _Bfree
 .text.__multadd
                0x0000000010107bec      0x120 c:/altera_lite/16.0/nios2eds/bin/gnu/h-x86_64-mingw32/bin/../lib/gcc/nios2-elf/5.2.0/../../../../../H-x86_64-mingw32/nios2-elf/lib\libc.a(lib_a-mprec.o)
                0x0000000010107bec                __multadd
 .text.__s2b    0x0000000010107d0c      0x104 c:/altera_lite/16.0/nios2eds/bin/gnu/h-x86_64-mingw32/bin/../lib/gcc/nios2-elf/5.2.0/../../../../../H-x86_64-mingw32/nios2-elf/lib\libc.a(lib_a-mprec.o)
                0x0000000010107d0c                __s2b
 .text.__hi0bits
                0x0000000010107e10       0x68 c:/altera_lite/16.0/nios2eds/bin/gnu/h-x86_64-mingw32/bin/../lib/gcc/nios2-elf/5.2.0/../../../../../H-x86_64-mingw32/nios2-elf/lib\libc.a(lib_a-mprec.o)
                0x0000000010107e10                __hi0bits
 .text.__lo0bits
                0x0000000010107e78       0xb0 c:/altera_lite/16.0/nios2eds/bin/gnu/h-x86_64-mingw32/bin/../lib/gcc/nios2-elf/5.2.0/../../../../../H-x86_64-mingw32/nios2-elf/lib\libc.a(lib_a-mprec.o)
                0x0000000010107e78                __lo0bits
 .text.__i2b    0x0000000010107f28       0x3c c:/altera_lite/16.0/nios2eds/bin/gnu/h-x86_64-mingw32/bin/../lib/gcc/nios2-elf/5.2.0/../../../../../H-x86_64-mingw32/nios2-elf/lib\libc.a(lib_a-mprec.o)
                0x0000000010107f28                __i2b
 .text.__multiply
                0x0000000010107f64      0x1f8 c:/altera_lite/16.0/nios2eds/bin/gnu/h-x86_64-mingw32/bin/../lib/gcc/nios2-elf/5.2.0/../../../../../H-x86_64-mingw32/nios2-elf/lib\libc.a(lib_a-mprec.o)
                0x0000000010107f64                __multiply
 .text.__pow5mult
                0x000000001010815c      0x140 c:/altera_lite/16.0/nios2eds/bin/gnu/h-x86_64-mingw32/bin/../lib/gcc/nios2-elf/5.2.0/../../../../../H-x86_64-mingw32/nios2-elf/lib\libc.a(lib_a-mprec.o)
                0x000000001010815c                __pow5mult
 .text.__lshift
                0x000000001010829c      0x148 c:/altera_lite/16.0/nios2eds/bin/gnu/h-x86_64-mingw32/bin/../lib/gcc/nios2-elf/5.2.0/../../../../../H-x86_64-mingw32/nios2-elf/lib\libc.a(lib_a-mprec.o)
                0x000000001010829c                __lshift
 .text.__mcmp   0x00000000101083e4       0x60 c:/altera_lite/16.0/nios2eds/bin/gnu/h-x86_64-mingw32/bin/../lib/gcc/nios2-elf/5.2.0/../../../../../H-x86_64-mingw32/nios2-elf/lib\libc.a(lib_a-mprec.o)
                0x00000000101083e4                __mcmp
 .text.__mdiff  0x0000000010108444      0x1fc c:/altera_lite/16.0/nios2eds/bin/gnu/h-x86_64-mingw32/bin/../lib/gcc/nios2-elf/5.2.0/../../../../../H-x86_64-mingw32/nios2-elf/lib\libc.a(lib_a-mprec.o)
                0x0000000010108444                __mdiff
 .text.__ulp    0x0000000010108640       0x64 c:/altera_lite/16.0/nios2eds/bin/gnu/h-x86_64-mingw32/bin/../lib/gcc/nios2-elf/5.2.0/../../../../../H-x86_64-mingw32/nios2-elf/lib\libc.a(lib_a-mprec.o)
                0x0000000010108640                __ulp
 .text.__b2d    0x00000000101086a4      0x10c c:/altera_lite/16.0/nios2eds/bin/gnu/h-x86_64-mingw32/bin/../lib/gcc/nios2-elf/5.2.0/../../../../../H-x86_64-mingw32/nios2-elf/lib\libc.a(lib_a-mprec.o)
                0x00000000101086a4                __b2d
 .text.__d2b    0x00000000101087b0      0x14c c:/altera_lite/16.0/nios2eds/bin/gnu/h-x86_64-mingw32/bin/../lib/gcc/nios2-elf/5.2.0/../../../../../H-x86_64-mingw32/nios2-elf/lib\libc.a(lib_a-mprec.o)
                0x00000000101087b0                __d2b
 .text.__ratio  0x00000000101088fc       0xa4 c:/altera_lite/16.0/nios2eds/bin/gnu/h-x86_64-mingw32/bin/../lib/gcc/nios2-elf/5.2.0/../../../../../H-x86_64-mingw32/nios2-elf/lib\libc.a(lib_a-mprec.o)
                0x00000000101088fc                __ratio
 .text._mprec_log10
                0x00000000101089a0       0x74 c:/altera_lite/16.0/nios2eds/bin/gnu/h-x86_64-mingw32/bin/../lib/gcc/nios2-elf/5.2.0/../../../../../H-x86_64-mingw32/nios2-elf/lib\libc.a(lib_a-mprec.o)
                0x00000000101089a0                _mprec_log10
 .text.__copybits
                0x0000000010108a14       0x78 c:/altera_lite/16.0/nios2eds/bin/gnu/h-x86_64-mingw32/bin/../lib/gcc/nios2-elf/5.2.0/../../../../../H-x86_64-mingw32/nios2-elf/lib\libc.a(lib_a-mprec.o)
                0x0000000010108a14                __copybits
 .text.__any_on
                0x0000000010108a8c       0x8c c:/altera_lite/16.0/nios2eds/bin/gnu/h-x86_64-mingw32/bin/../lib/gcc/nios2-elf/5.2.0/../../../../../H-x86_64-mingw32/nios2-elf/lib\libc.a(lib_a-mprec.o)
                0x0000000010108a8c                __any_on
 .text          0x0000000010108b18        0x0 c:/altera_lite/16.0/nios2eds/bin/gnu/h-x86_64-mingw32/bin/../lib/gcc/nios2-elf/5.2.0/../../../../../H-x86_64-mingw32/nios2-elf/lib\libc.a(lib_a-readr.o)
 .text._read_r  0x0000000010108b18       0x60 c:/altera_lite/16.0/nios2eds/bin/gnu/h-x86_64-mingw32/bin/../lib/gcc/nios2-elf/5.2.0/../../../../../H-x86_64-mingw32/nios2-elf/lib\libc.a(lib_a-readr.o)
                0x0000000010108b18                _read_r
 .text          0x0000000010108b78        0x0 c:/altera_lite/16.0/nios2eds/bin/gnu/h-x86_64-mingw32/bin/../lib/gcc/nios2-elf/5.2.0/../../../../../H-x86_64-mingw32/nios2-elf/lib\libc.a(lib_a-s_fpclassify.o)
 .text.__fpclassifyd
                0x0000000010108b78       0x74 c:/altera_lite/16.0/nios2eds/bin/gnu/h-x86_64-mingw32/bin/../lib/gcc/nios2-elf/5.2.0/../../../../../H-x86_64-mingw32/nios2-elf/lib\libc.a(lib_a-s_fpclassify.o)
                0x0000000010108b78                __fpclassifyd
 .text          0x0000000010108bec        0x0 c:/altera_lite/16.0/nios2eds/bin/gnu/h-x86_64-mingw32/bin/../lib/gcc/nios2-elf/5.2.0/../../../../../H-x86_64-mingw32/nios2-elf/lib\libc.a(lib_a-strcmp.o)
 .text.strcmp   0x0000000010108bec       0xdc c:/altera_lite/16.0/nios2eds/bin/gnu/h-x86_64-mingw32/bin/../lib/gcc/nios2-elf/5.2.0/../../../../../H-x86_64-mingw32/nios2-elf/lib\libc.a(lib_a-strcmp.o)
                0x0000000010108bec                strcmp
 .text          0x0000000010108cc8        0x0 c:/altera_lite/16.0/nios2eds/bin/gnu/h-x86_64-mingw32/bin/../lib/gcc/nios2-elf/5.2.0/../../../../../H-x86_64-mingw32/nios2-elf/lib\libc.a(lib_a-strlen.o)
 .text.strlen   0x0000000010108cc8       0x98 c:/altera_lite/16.0/nios2eds/bin/gnu/h-x86_64-mingw32/bin/../lib/gcc/nios2-elf/5.2.0/../../../../../H-x86_64-mingw32/nios2-elf/lib\libc.a(lib_a-strlen.o)
                0x0000000010108cc8                strlen
 .text          0x0000000010108d60        0x0 c:/altera_lite/16.0/nios2eds/bin/gnu/h-x86_64-mingw32/bin/../lib/gcc/nios2-elf/5.2.0/../../../../../H-x86_64-mingw32/nios2-elf/lib\libc.a(lib_a-vfiprintf.o)
 .text.__sprint_r.part.0
                0x0000000010108d60       0xfc c:/altera_lite/16.0/nios2eds/bin/gnu/h-x86_64-mingw32/bin/../lib/gcc/nios2-elf/5.2.0/../../../../../H-x86_64-mingw32/nios2-elf/lib\libc.a(lib_a-vfiprintf.o)
 .text.__sprint_r
                0x0000000010108e5c       0x18 c:/altera_lite/16.0/nios2eds/bin/gnu/h-x86_64-mingw32/bin/../lib/gcc/nios2-elf/5.2.0/../../../../../H-x86_64-mingw32/nios2-elf/lib\libc.a(lib_a-vfiprintf.o)
                0x0000000010108e5c                __sprint_r
 .text.___vfiprintf_internal_r
                0x0000000010108e74     0x145c c:/altera_lite/16.0/nios2eds/bin/gnu/h-x86_64-mingw32/bin/../lib/gcc/nios2-elf/5.2.0/../../../../../H-x86_64-mingw32/nios2-elf/lib\libc.a(lib_a-vfiprintf.o)
                0x0000000010108e74                ___vfiprintf_internal_r
 .text.__vfiprintf_internal
                0x000000001010a2d0       0x1c c:/altera_lite/16.0/nios2eds/bin/gnu/h-x86_64-mingw32/bin/../lib/gcc/nios2-elf/5.2.0/../../../../../H-x86_64-mingw32/nios2-elf/lib\libc.a(lib_a-vfiprintf.o)
                0x000000001010a2d0                __vfiprintf_internal
 .text.__sbprintf
                0x000000001010a2ec       0xbc c:/altera_lite/16.0/nios2eds/bin/gnu/h-x86_64-mingw32/bin/../lib/gcc/nios2-elf/5.2.0/../../../../../H-x86_64-mingw32/nios2-elf/lib\libc.a(lib_a-vfiprintf.o)
 .text          0x000000001010a3a8        0x0 c:/altera_lite/16.0/nios2eds/bin/gnu/h-x86_64-mingw32/bin/../lib/gcc/nios2-elf/5.2.0/../../../../../H-x86_64-mingw32/nios2-elf/lib\libc.a(lib_a-callocr.o)
 .text._calloc_r
                0x000000001010a3a8       0xc4 c:/altera_lite/16.0/nios2eds/bin/gnu/h-x86_64-mingw32/bin/../lib/gcc/nios2-elf/5.2.0/../../../../../H-x86_64-mingw32/nios2-elf/lib\libc.a(lib_a-callocr.o)
                0x000000001010a3a8                _calloc_r
 .text          0x000000001010a46c        0x0 c:/altera_lite/16.0/nios2eds/bin/gnu/h-x86_64-mingw32/bin/../lib/gcc/nios2-elf/5.2.0/../../../../../H-x86_64-mingw32/nios2-elf/lib\libc.a(lib_a-fputwc.o)
 .text.__fputwc
                0x000000001010a46c      0x164 c:/altera_lite/16.0/nios2eds/bin/gnu/h-x86_64-mingw32/bin/../lib/gcc/nios2-elf/5.2.0/../../../../../H-x86_64-mingw32/nios2-elf/lib\libc.a(lib_a-fputwc.o)
                0x000000001010a46c                __fputwc
 .text._fputwc_r
                0x000000001010a5d0       0x24 c:/altera_lite/16.0/nios2eds/bin/gnu/h-x86_64-mingw32/bin/../lib/gcc/nios2-elf/5.2.0/../../../../../H-x86_64-mingw32/nios2-elf/lib\libc.a(lib_a-fputwc.o)
                0x000000001010a5d0                _fputwc_r
 .text.fputwc   0x000000001010a5f4       0x80 c:/altera_lite/16.0/nios2eds/bin/gnu/h-x86_64-mingw32/bin/../lib/gcc/nios2-elf/5.2.0/../../../../../H-x86_64-mingw32/nios2-elf/lib\libc.a(lib_a-fputwc.o)
                0x000000001010a5f4                fputwc
 .text          0x000000001010a674        0x0 c:/altera_lite/16.0/nios2eds/bin/gnu/h-x86_64-mingw32/bin/../lib/gcc/nios2-elf/5.2.0/../../../../../H-x86_64-mingw32/nios2-elf/lib\libc.a(lib_a-fvwrite.o)
 .text.__sfvwrite_r
                0x000000001010a674      0x4bc c:/altera_lite/16.0/nios2eds/bin/gnu/h-x86_64-mingw32/bin/../lib/gcc/nios2-elf/5.2.0/../../../../../H-x86_64-mingw32/nios2-elf/lib\libc.a(lib_a-fvwrite.o)
                0x000000001010a674                __sfvwrite_r
 .text          0x000000001010ab30        0x0 c:/altera_lite/16.0/nios2eds/bin/gnu/h-x86_64-mingw32/bin/../lib/gcc/nios2-elf/5.2.0/../../../../../H-x86_64-mingw32/nios2-elf/lib\libc.a(lib_a-memmove.o)
 .text.memmove  0x000000001010ab30      0x15c c:/altera_lite/16.0/nios2eds/bin/gnu/h-x86_64-mingw32/bin/../lib/gcc/nios2-elf/5.2.0/../../../../../H-x86_64-mingw32/nios2-elf/lib\libc.a(lib_a-memmove.o)
                0x000000001010ab30                memmove
 .text          0x000000001010ac8c        0x0 c:/altera_lite/16.0/nios2eds/bin/gnu/h-x86_64-mingw32/bin/../lib/gcc/nios2-elf/5.2.0/../../../../../H-x86_64-mingw32/nios2-elf/lib\libc.a(lib_a-reallocr.o)
 .text._realloc_r
                0x000000001010ac8c      0x564 c:/altera_lite/16.0/nios2eds/bin/gnu/h-x86_64-mingw32/bin/../lib/gcc/nios2-elf/5.2.0/../../../../../H-x86_64-mingw32/nios2-elf/lib\libc.a(lib_a-reallocr.o)
                0x000000001010ac8c                _realloc_r
 .text          0x000000001010b1f0        0x0 c:/altera_lite/16.0/nios2eds/bin/gnu/h-x86_64-mingw32/bin/../lib/gcc/nios2-elf/5.2.0/../../../../../H-x86_64-mingw32/nios2-elf/lib\libc.a(lib_a-wbuf.o)
 .text.__swbuf_r
                0x000000001010b1f0      0x140 c:/altera_lite/16.0/nios2eds/bin/gnu/h-x86_64-mingw32/bin/../lib/gcc/nios2-elf/5.2.0/../../../../../H-x86_64-mingw32/nios2-elf/lib\libc.a(lib_a-wbuf.o)
                0x000000001010b1f0                __swbuf_r
 .text.__swbuf  0x000000001010b330       0x18 c:/altera_lite/16.0/nios2eds/bin/gnu/h-x86_64-mingw32/bin/../lib/gcc/nios2-elf/5.2.0/../../../../../H-x86_64-mingw32/nios2-elf/lib\libc.a(lib_a-wbuf.o)
                0x000000001010b330                __swbuf
 .text          0x000000001010b348        0x0 c:/altera_lite/16.0/nios2eds/bin/gnu/h-x86_64-mingw32/bin/../lib/gcc/nios2-elf/5.2.0/../../../../../H-x86_64-mingw32/nios2-elf/lib\libc.a(lib_a-wcrtomb.o)
 .text._wcrtomb_r
                0x000000001010b348       0x9c c:/altera_lite/16.0/nios2eds/bin/gnu/h-x86_64-mingw32/bin/../lib/gcc/nios2-elf/5.2.0/../../../../../H-x86_64-mingw32/nios2-elf/lib\libc.a(lib_a-wcrtomb.o)
                0x000000001010b348                _wcrtomb_r
 .text.wcrtomb  0x000000001010b3e4       0xc0 c:/altera_lite/16.0/nios2eds/bin/gnu/h-x86_64-mingw32/bin/../lib/gcc/nios2-elf/5.2.0/../../../../../H-x86_64-mingw32/nios2-elf/lib\libc.a(lib_a-wcrtomb.o)
                0x000000001010b3e4                wcrtomb
 .text          0x000000001010b4a4        0x0 c:/altera_lite/16.0/nios2eds/bin/gnu/h-x86_64-mingw32/bin/../lib/gcc/nios2-elf/5.2.0/../../../../../H-x86_64-mingw32/nios2-elf/lib\libc.a(lib_a-wctomb_r.o)
 .text.__ascii_wctomb
                0x000000001010b4a4       0x30 c:/altera_lite/16.0/nios2eds/bin/gnu/h-x86_64-mingw32/bin/../lib/gcc/nios2-elf/5.2.0/../../../../../H-x86_64-mingw32/nios2-elf/lib\libc.a(lib_a-wctomb_r.o)
                0x000000001010b4a4                __ascii_wctomb
 .text._wctomb_r
                0x000000001010b4d4       0x5c c:/altera_lite/16.0/nios2eds/bin/gnu/h-x86_64-mingw32/bin/../lib/gcc/nios2-elf/5.2.0/../../../../../H-x86_64-mingw32/nios2-elf/lib\libc.a(lib_a-wctomb_r.o)
                0x000000001010b4d4                _wctomb_r
 .text          0x000000001010b530      0x578 c:/altera_lite/16.0/nios2eds/bin/gnu/h-x86_64-mingw32/bin/../lib/gcc/nios2-elf/5.2.0\libgcc.a(_udivdi3.o)
                0x000000001010b530                __udivdi3
 .text          0x000000001010baa8      0x538 c:/altera_lite/16.0/nios2eds/bin/gnu/h-x86_64-mingw32/bin/../lib/gcc/nios2-elf/5.2.0\libgcc.a(_umoddi3.o)
                0x000000001010baa8                __umoddi3
 .text          0x000000001010bfe0      0x8ac c:/altera_lite/16.0/nios2eds/bin/gnu/h-x86_64-mingw32/bin/../lib/gcc/nios2-elf/5.2.0\libgcc.a(adddf3.o)
                0x000000001010bfe0                __adddf3
 .text          0x000000001010c88c      0x8e8 c:/altera_lite/16.0/nios2eds/bin/gnu/h-x86_64-mingw32/bin/../lib/gcc/nios2-elf/5.2.0\libgcc.a(divdf3.o)
                0x000000001010c88c                __divdf3
 .text          0x000000001010d174       0x88 c:/altera_lite/16.0/nios2eds/bin/gnu/h-x86_64-mingw32/bin/../lib/gcc/nios2-elf/5.2.0\libgcc.a(eqdf2.o)
                0x000000001010d174                __nedf2
                0x000000001010d174                __eqdf2
 .text          0x000000001010d1fc       0xdc c:/altera_lite/16.0/nios2eds/bin/gnu/h-x86_64-mingw32/bin/../lib/gcc/nios2-elf/5.2.0\libgcc.a(gedf2.o)
                0x000000001010d1fc                __gedf2
                0x000000001010d1fc                __gtdf2
 .text          0x000000001010d2d8       0xf4 c:/altera_lite/16.0/nios2eds/bin/gnu/h-x86_64-mingw32/bin/../lib/gcc/nios2-elf/5.2.0\libgcc.a(ledf2.o)
                0x000000001010d2d8                __ledf2
                0x000000001010d2d8                __ltdf2
 .text          0x000000001010d3cc      0x718 c:/altera_lite/16.0/nios2eds/bin/gnu/h-x86_64-mingw32/bin/../lib/gcc/nios2-elf/5.2.0\libgcc.a(muldf3.o)
                0x000000001010d3cc                __muldf3
 .text          0x000000001010dae4      0x8fc c:/altera_lite/16.0/nios2eds/bin/gnu/h-x86_64-mingw32/bin/../lib/gcc/nios2-elf/5.2.0\libgcc.a(subdf3.o)
                0x000000001010dae4                __subdf3
 .text          0x000000001010e3e0       0x80 c:/altera_lite/16.0/nios2eds/bin/gnu/h-x86_64-mingw32/bin/../lib/gcc/nios2-elf/5.2.0\libgcc.a(fixdfsi.o)
                0x000000001010e3e0                __fixdfsi
 .text          0x000000001010e460       0xdc c:/altera_lite/16.0/nios2eds/bin/gnu/h-x86_64-mingw32/bin/../lib/gcc/nios2-elf/5.2.0\libgcc.a(floatsidf.o)
                0x000000001010e460                __floatsidf
 .text          0x000000001010e53c       0xa8 c:/altera_lite/16.0/nios2eds/bin/gnu/h-x86_64-mingw32/bin/../lib/gcc/nios2-elf/5.2.0\libgcc.a(floatunsidf.o)
                0x000000001010e53c                __floatunsidf
 .text          0x000000001010e5e4        0x0 c:/altera_lite/16.0/nios2eds/bin/gnu/h-x86_64-mingw32/bin/../lib/gcc/nios2-elf/5.2.0\libgcc.a(_clz.o)
 .text          0x000000001010e5e4       0x64 c:/altera_lite/16.0/nios2eds/bin/gnu/h-x86_64-mingw32/bin/../lib/gcc/nios2-elf/5.2.0\libgcc.a(_clzsi2.o)
                0x000000001010e5e4                __clzsi2
 .text          0x000000001010e648      0x120 C:/Users/qfrancoi/Desktop/lab_4_project_template/sw/nios/camera_controller_bsp/\libhal_bsp.a(alt_close.o)
                0x000000001010e698                close
 .text          0x000000001010e768       0x2c C:/Users/qfrancoi/Desktop/lab_4_project_template/sw/nios/camera_controller_bsp/\libhal_bsp.a(alt_dev.o)
 .text          0x000000001010e794        0x0 C:/Users/qfrancoi/Desktop/lab_4_project_template/sw/nios/camera_controller_bsp/\libhal_bsp.a(alt_errno.o)
 .text          0x000000001010e794      0x100 C:/Users/qfrancoi/Desktop/lab_4_project_template/sw/nios/camera_controller_bsp/\libhal_bsp.a(alt_fstat.o)
                0x000000001010e7e4                fstat
 .text          0x000000001010e894       0xf4 C:/Users/qfrancoi/Desktop/lab_4_project_template/sw/nios/camera_controller_bsp/\libhal_bsp.a(alt_isatty.o)
                0x000000001010e8e4                isatty
 .text          0x000000001010e988       0xec C:/Users/qfrancoi/Desktop/lab_4_project_template/sw/nios/camera_controller_bsp/\libhal_bsp.a(alt_load.o)
                0x000000001010e9f0                alt_load
 .text          0x000000001010ea74      0x124 C:/Users/qfrancoi/Desktop/lab_4_project_template/sw/nios/camera_controller_bsp/\libhal_bsp.a(alt_lseek.o)
                0x000000001010eac4                lseek
 .text          0x000000001010eb98       0x7c C:/Users/qfrancoi/Desktop/lab_4_project_template/sw/nios/camera_controller_bsp/\libhal_bsp.a(alt_main.o)
                0x000000001010eb98                alt_main
 .text          0x000000001010ec14       0x48 C:/Users/qfrancoi/Desktop/lab_4_project_template/sw/nios/camera_controller_bsp/\libhal_bsp.a(alt_malloc_lock.o)
                0x000000001010ec14                __malloc_lock
                0x000000001010ec38                __malloc_unlock
 .text          0x000000001010ec5c      0x274 C:/Users/qfrancoi/Desktop/lab_4_project_template/sw/nios/camera_controller_bsp/\libhal_bsp.a(alt_open.o)
                0x000000001010ed78                open
 .text          0x000000001010eed0      0x14c C:/Users/qfrancoi/Desktop/lab_4_project_template/sw/nios/camera_controller_bsp/\libhal_bsp.a(alt_read.o)
                0x000000001010ef20                read
 .text          0x000000001010f01c       0x64 C:/Users/qfrancoi/Desktop/lab_4_project_template/sw/nios/camera_controller_bsp/\libhal_bsp.a(alt_release_fd.o)
                0x000000001010f01c                alt_release_fd
 .text          0x000000001010f080       0xb0 C:/Users/qfrancoi/Desktop/lab_4_project_template/sw/nios/camera_controller_bsp/\libhal_bsp.a(alt_sbrk.o)
                0x000000001010f080                sbrk
 .text          0x000000001010f130       0x30 C:/Users/qfrancoi/Desktop/lab_4_project_template/sw/nios/camera_controller_bsp/\libhal_bsp.a(alt_usleep.o)
                0x000000001010f130                usleep
 .text          0x000000001010f160      0x148 C:/Users/qfrancoi/Desktop/lab_4_project_template/sw/nios/camera_controller_bsp/\libhal_bsp.a(alt_write.o)
                0x000000001010f1b0                write
 .text          0x000000001010f2a8       0xc4 C:/Users/qfrancoi/Desktop/lab_4_project_template/sw/nios/camera_controller_bsp/\libhal_bsp.a(alt_sys_init.o)
                0x000000001010f2e0                alt_irq_init
                0x000000001010f318                alt_sys_init
 .text          0x000000001010f36c      0x164 C:/Users/qfrancoi/Desktop/lab_4_project_template/sw/nios/camera_controller_bsp/\libhal_bsp.a(altera_avalon_jtag_uart_fd.o)
                0x000000001010f36c                altera_avalon_jtag_uart_read_fd
                0x000000001010f3cc                altera_avalon_jtag_uart_write_fd
                0x000000001010f42c                altera_avalon_jtag_uart_close_fd
                0x000000001010f47c                altera_avalon_jtag_uart_ioctl_fd
 .text          0x000000001010f4d0      0x3e4 C:/Users/qfrancoi/Desktop/lab_4_project_template/sw/nios/camera_controller_bsp/\libhal_bsp.a(altera_avalon_jtag_uart_init.o)
                0x000000001010f4d0                altera_avalon_jtag_uart_init
                0x000000001010f84c                altera_avalon_jtag_uart_close
 .text          0x000000001010f8b4       0xf0 C:/Users/qfrancoi/Desktop/lab_4_project_template/sw/nios/camera_controller_bsp/\libhal_bsp.a(altera_avalon_jtag_uart_ioctl.o)
                0x000000001010f8b4                altera_avalon_jtag_uart_ioctl
 .text          0x000000001010f9a4      0x21c C:/Users/qfrancoi/Desktop/lab_4_project_template/sw/nios/camera_controller_bsp/\libhal_bsp.a(altera_avalon_jtag_uart_read.o)
                0x000000001010f9a4                altera_avalon_jtag_uart_read
 .text          0x000000001010fbc0      0x224 C:/Users/qfrancoi/Desktop/lab_4_project_template/sw/nios/camera_controller_bsp/\libhal_bsp.a(altera_avalon_jtag_uart_write.o)
                0x000000001010fbc0                altera_avalon_jtag_uart_write
 .text          0x000000001010fde4      0x484 C:/Users/qfrancoi/Desktop/lab_4_project_template/sw/nios/camera_controller_bsp/\libhal_bsp.a(altera_hostfs.o)
                0x000000001010fde4                alt_hostfs_open
                0x000000001010ff00                alt_hostfs_close
                0x000000001010ff44                alt_hostfs_read
                0x000000001010ffb0                alt_hostfs_write
                0x000000001011001c                alt_hostfs_seek
                0x0000000010110084                alt_hostfs_fstat
 .text          0x0000000010110268      0x140 C:/Users/qfrancoi/Desktop/lab_4_project_template/sw/nios/camera_controller_bsp/\libhal_bsp.a(alt_alarm_start.o)
                0x0000000010110268                alt_alarm_start
 .text          0x00000000101103a8      0x158 C:/Users/qfrancoi/Desktop/lab_4_project_template/sw/nios/camera_controller_bsp/\libhal_bsp.a(alt_busy_sleep.o)
                0x00000000101103a8                alt_busy_sleep
 .text          0x0000000010110500       0x48 C:/Users/qfrancoi/Desktop/lab_4_project_template/sw/nios/camera_controller_bsp/\libhal_bsp.a(alt_dcache_flush_all.o)
                0x0000000010110500                alt_dcache_flush_all
 .text          0x0000000010110548       0xf4 C:/Users/qfrancoi/Desktop/lab_4_project_template/sw/nios/camera_controller_bsp/\libhal_bsp.a(alt_dev_llist_insert.o)
                0x0000000010110598                alt_dev_llist_insert
 .text          0x000000001011063c       0x60 C:/Users/qfrancoi/Desktop/lab_4_project_template/sw/nios/camera_controller_bsp/\libhal_bsp.a(alt_do_ctors.o)
                0x000000001011063c                _do_ctors
 .text          0x000000001011069c       0x60 C:/Users/qfrancoi/Desktop/lab_4_project_template/sw/nios/camera_controller_bsp/\libhal_bsp.a(alt_do_dtors.o)
                0x000000001011069c                _do_dtors
 .text          0x00000000101106fc       0x90 C:/Users/qfrancoi/Desktop/lab_4_project_template/sw/nios/camera_controller_bsp/\libhal_bsp.a(alt_find_dev.o)
                0x00000000101106fc                alt_find_dev
 .text          0x000000001011078c      0x114 C:/Users/qfrancoi/Desktop/lab_4_project_template/sw/nios/camera_controller_bsp/\libhal_bsp.a(alt_find_file.o)
                0x000000001011078c                alt_find_file
 .text          0x00000000101108a0       0x84 C:/Users/qfrancoi/Desktop/lab_4_project_template/sw/nios/camera_controller_bsp/\libhal_bsp.a(alt_fs_reg.o)
                0x00000000101108a0                alt_fs_reg
 .text          0x0000000010110924       0xb4 C:/Users/qfrancoi/Desktop/lab_4_project_template/sw/nios/camera_controller_bsp/\libhal_bsp.a(alt_get_fd.o)
                0x0000000010110924                alt_get_fd
 .text          0x00000000101109d8       0x34 C:/Users/qfrancoi/Desktop/lab_4_project_template/sw/nios/camera_controller_bsp/\libhal_bsp.a(alt_icache_flush_all.o)
                0x00000000101109d8                alt_icache_flush_all
 .text          0x0000000010110a0c      0x1e0 C:/Users/qfrancoi/Desktop/lab_4_project_template/sw/nios/camera_controller_bsp/\libhal_bsp.a(alt_iic.o)
                0x0000000010110a0c                alt_ic_isr_register
                0x0000000010110a5c                alt_ic_irq_enable
                0x0000000010110afc                alt_ic_irq_disable
                0x0000000010110ba0                alt_ic_irq_enabled
 .text          0x0000000010110bec       0xf0 C:/Users/qfrancoi/Desktop/lab_4_project_template/sw/nios/camera_controller_bsp/\libhal_bsp.a(alt_iic_isr_register.o)
                0x0000000010110bec                alt_iic_isr_register
 .text          0x0000000010110cdc      0x140 C:/Users/qfrancoi/Desktop/lab_4_project_template/sw/nios/camera_controller_bsp/\libhal_bsp.a(alt_io_redirect.o)
                0x0000000010110da0                alt_io_redirect
 .text          0x0000000010110e1c        0x0 C:/Users/qfrancoi/Desktop/lab_4_project_template/sw/nios/camera_controller_bsp/\libhal_bsp.a(alt_irq_entry.o)
 .text          0x0000000010110e1c        0x0 C:/Users/qfrancoi/Desktop/lab_4_project_template/sw/nios/camera_controller_bsp/\libhal_bsp.a(alt_irq_handler.o)
 .text          0x0000000010110e1c        0x0 C:/Users/qfrancoi/Desktop/lab_4_project_template/sw/nios/camera_controller_bsp/\libhal_bsp.a(alt_irq_vars.o)
 .text          0x0000000010110e1c      0x1a4 C:/Users/qfrancoi/Desktop/lab_4_project_template/sw/nios/camera_controller_bsp/\libhal_bsp.a(alt_tick.o)
                0x0000000010110e1c                alt_alarm_stop
                0x0000000010110eb8                alt_tick
 .text          0x0000000010110fc0       0x24 C:/Users/qfrancoi/Desktop/lab_4_project_template/sw/nios/camera_controller_bsp/\libhal_bsp.a(altera_nios2_gen2_irq.o)
                0x0000000010110fc0                altera_nios2_gen2_irq_init
 .text          0x0000000010110fe4        0x0 C:/Users/qfrancoi/Desktop/lab_4_project_template/sw/nios/camera_controller_bsp/\libhal_bsp.a(alt_exception_entry.o)
 .text          0x0000000010110fe4       0x90 C:/Users/qfrancoi/Desktop/lab_4_project_template/sw/nios/camera_controller_bsp/\libhal_bsp.a(alt_icache_flush.o)
                0x0000000010110fe4                alt_icache_flush
 .text          0x0000000010111074       0x9c C:/Users/qfrancoi/Desktop/lab_4_project_template/sw/nios/camera_controller_bsp/\libhal_bsp.a(alt_instruction_exception_entry.o)
                0x0000000010111074                alt_exception_cause_generated_bad_addr
 .text          0x0000000010111110        0x0 c:/altera_lite/16.0/nios2eds/bin/gnu/h-x86_64-mingw32/bin/../lib/gcc/nios2-elf/5.2.0/../../../../../H-x86_64-mingw32/nios2-elf/lib\libc.a(lib_a-atexit.o)
 .text.atexit   0x0000000010111110       0x14 c:/altera_lite/16.0/nios2eds/bin/gnu/h-x86_64-mingw32/bin/../lib/gcc/nios2-elf/5.2.0/../../../../../H-x86_64-mingw32/nios2-elf/lib\libc.a(lib_a-atexit.o)
                0x0000000010111110                atexit
 .text          0x0000000010111124        0x0 c:/altera_lite/16.0/nios2eds/bin/gnu/h-x86_64-mingw32/bin/../lib/gcc/nios2-elf/5.2.0/../../../../../H-x86_64-mingw32/nios2-elf/lib\libc.a(lib_a-exit.o)
 .text.exit     0x0000000010111124       0x38 c:/altera_lite/16.0/nios2eds/bin/gnu/h-x86_64-mingw32/bin/../lib/gcc/nios2-elf/5.2.0/../../../../../H-x86_64-mingw32/nios2-elf/lib\libc.a(lib_a-exit.o)
                0x0000000010111124                exit
 .text          0x000000001011115c        0x0 c:/altera_lite/16.0/nios2eds/bin/gnu/h-x86_64-mingw32/bin/../lib/gcc/nios2-elf/5.2.0/../../../../../H-x86_64-mingw32/nios2-elf/lib\libc.a(lib_a-memcmp.o)
 .text.memcmp   0x000000001011115c       0x7c c:/altera_lite/16.0/nios2eds/bin/gnu/h-x86_64-mingw32/bin/../lib/gcc/nios2-elf/5.2.0/../../../../../H-x86_64-mingw32/nios2-elf/lib\libc.a(lib_a-memcmp.o)
                0x000000001011115c                memcmp
 .text          0x00000000101111d8        0x0 c:/altera_lite/16.0/nios2eds/bin/gnu/h-x86_64-mingw32/bin/../lib/gcc/nios2-elf/5.2.0/../../../../../H-x86_64-mingw32/nios2-elf/lib\libc.a(lib_a-__atexit.o)
 .text.__register_exitproc
                0x00000000101111d8      0x118 c:/altera_lite/16.0/nios2eds/bin/gnu/h-x86_64-mingw32/bin/../lib/gcc/nios2-elf/5.2.0/../../../../../H-x86_64-mingw32/nios2-elf/lib\libc.a(lib_a-__atexit.o)
                0x00000000101111d8                __register_exitproc
 .text          0x00000000101112f0        0x0 c:/altera_lite/16.0/nios2eds/bin/gnu/h-x86_64-mingw32/bin/../lib/gcc/nios2-elf/5.2.0/../../../../../H-x86_64-mingw32/nios2-elf/lib\libc.a(lib_a-__call_atexit.o)
 .text.__call_exitprocs
                0x00000000101112f0      0x180 c:/altera_lite/16.0/nios2eds/bin/gnu/h-x86_64-mingw32/bin/../lib/gcc/nios2-elf/5.2.0/../../../../../H-x86_64-mingw32/nios2-elf/lib\libc.a(lib_a-__call_atexit.o)
                0x00000000101112f0                __call_exitprocs
 .text          0x0000000010111470       0x34 C:/Users/qfrancoi/Desktop/lab_4_project_template/sw/nios/camera_controller_bsp/\libhal_bsp.a(alt_exit.o)
                0x0000000010111470                _exit
 *(.gnu.warning.*)
 *(.fini)
                [!provide]                        PROVIDE (__etext, ABSOLUTE (.))
                [!provide]                        PROVIDE (_etext, ABSOLUTE (.))
                [!provide]                        PROVIDE (etext, ABSOLUTE (.))
 *(.eh_frame_hdr)
                0x00000000101114a4                . = ALIGN (0x4)
                [!provide]                        PROVIDE (__preinit_array_start, ABSOLUTE (.))
 *(.preinit_array)
                [!provide]                        PROVIDE (__preinit_array_end, ABSOLUTE (.))
                [!provide]                        PROVIDE (__init_array_start, ABSOLUTE (.))
 *(.init_array)
                [!provide]                        PROVIDE (__init_array_end, ABSOLUTE (.))
                [!provide]                        PROVIDE (__fini_array_start, ABSOLUTE (.))
 *(.fini_array)
                [!provide]                        PROVIDE (__fini_array_end, ABSOLUTE (.))
 *(.eh_frame)
 *(.gcc_except_table .gcc_except_table.*)
 *(.dynamic)
                0x00000000101114a4                PROVIDE (__CTOR_LIST__, ABSOLUTE (.))
 *(.ctors)
 *(SORT(.ctors.*))
                0x00000000101114a4                PROVIDE (__CTOR_END__, ABSOLUTE (.))
                0x00000000101114a4                PROVIDE (__DTOR_LIST__, ABSOLUTE (.))
 *(.dtors)
 *(SORT(.dtors.*))
                0x00000000101114a4                PROVIDE (__DTOR_END__, ABSOLUTE (.))
 *(.jcr)
                0x00000000101114a4                . = ALIGN (0x4)

.rodata         0x00000000101114a4      0x340
                0x00000000101114a4                PROVIDE (__ram_rodata_start, ABSOLUTE (.))
                0x00000000101114a4                . = ALIGN (0x4)
 *(.rodata .rodata.* .gnu.linkonce.r.*)
 .rodata        0x00000000101114a4       0x35 obj/default/hello_world.o
 *fill*         0x00000000101114d9        0x3 
 .rodata.str1.4
                0x00000000101114dc        0x2 c:/altera_lite/16.0/nios2eds/bin/gnu/h-x86_64-mingw32/bin/../lib/gcc/nios2-elf/5.2.0/../../../../../H-x86_64-mingw32/nios2-elf/lib\libc.a(lib_a-impure.o)
 *fill*         0x00000000101114de        0x2 
 .rodata.str1.4
                0x00000000101114e0       0x42 c:/altera_lite/16.0/nios2eds/bin/gnu/h-x86_64-mingw32/bin/../lib/gcc/nios2-elf/5.2.0/../../../../../H-x86_64-mingw32/nios2-elf/lib\libc.a(lib_a-vfprintf.o)
 .rodata.zeroes.4404
                0x0000000010111522       0x10 c:/altera_lite/16.0/nios2eds/bin/gnu/h-x86_64-mingw32/bin/../lib/gcc/nios2-elf/5.2.0/../../../../../H-x86_64-mingw32/nios2-elf/lib\libc.a(lib_a-vfprintf.o)
 .rodata.blanks.4403
                0x0000000010111532       0x10 c:/altera_lite/16.0/nios2eds/bin/gnu/h-x86_64-mingw32/bin/../lib/gcc/nios2-elf/5.2.0/../../../../../H-x86_64-mingw32/nios2-elf/lib\libc.a(lib_a-vfprintf.o)
 *fill*         0x0000000010111542        0x2 
 .rodata.str1.4
                0x0000000010111544       0x10 c:/altera_lite/16.0/nios2eds/bin/gnu/h-x86_64-mingw32/bin/../lib/gcc/nios2-elf/5.2.0/../../../../../H-x86_64-mingw32/nios2-elf/lib\libc.a(lib_a-dtoa.o)
                                         0x12 (size before relaxing)
 .rodata.str1.4
                0x0000000010111554        0xc c:/altera_lite/16.0/nios2eds/bin/gnu/h-x86_64-mingw32/bin/../lib/gcc/nios2-elf/5.2.0/../../../../../H-x86_64-mingw32/nios2-elf/lib\libc.a(lib_a-locale.o)
                                         0x12 (size before relaxing)
 .rodata.p05.2768
                0x0000000010111560        0xc c:/altera_lite/16.0/nios2eds/bin/gnu/h-x86_64-mingw32/bin/../lib/gcc/nios2-elf/5.2.0/../../../../../H-x86_64-mingw32/nios2-elf/lib\libc.a(lib_a-mprec.o)
 .rodata.__mprec_tinytens
                0x000000001011156c       0x28 c:/altera_lite/16.0/nios2eds/bin/gnu/h-x86_64-mingw32/bin/../lib/gcc/nios2-elf/5.2.0/../../../../../H-x86_64-mingw32/nios2-elf/lib\libc.a(lib_a-mprec.o)
                0x000000001011156c                __mprec_tinytens
 .rodata.__mprec_bigtens
                0x0000000010111594       0x28 c:/altera_lite/16.0/nios2eds/bin/gnu/h-x86_64-mingw32/bin/../lib/gcc/nios2-elf/5.2.0/../../../../../H-x86_64-mingw32/nios2-elf/lib\libc.a(lib_a-mprec.o)
                0x0000000010111594                __mprec_bigtens
 .rodata.__mprec_tens
                0x00000000101115bc       0xc8 c:/altera_lite/16.0/nios2eds/bin/gnu/h-x86_64-mingw32/bin/../lib/gcc/nios2-elf/5.2.0/../../../../../H-x86_64-mingw32/nios2-elf/lib\libc.a(lib_a-mprec.o)
                0x00000000101115bc                __mprec_tens
 .rodata.str1.4
                0x0000000010111684       0x2f c:/altera_lite/16.0/nios2eds/bin/gnu/h-x86_64-mingw32/bin/../lib/gcc/nios2-elf/5.2.0/../../../../../H-x86_64-mingw32/nios2-elf/lib\libc.a(lib_a-vfiprintf.o)
 .rodata.zeroes.4349
                0x0000000010111684       0x10 c:/altera_lite/16.0/nios2eds/bin/gnu/h-x86_64-mingw32/bin/../lib/gcc/nios2-elf/5.2.0/../../../../../H-x86_64-mingw32/nios2-elf/lib\libc.a(lib_a-vfiprintf.o)
 .rodata.blanks.4348
                0x0000000010111694       0x10 c:/altera_lite/16.0/nios2eds/bin/gnu/h-x86_64-mingw32/bin/../lib/gcc/nios2-elf/5.2.0/../../../../../H-x86_64-mingw32/nios2-elf/lib\libc.a(lib_a-vfiprintf.o)
 .rodata        0x00000000101116a4      0x100 c:/altera_lite/16.0/nios2eds/bin/gnu/h-x86_64-mingw32/bin/../lib/gcc/nios2-elf/5.2.0\libgcc.a(_clz.o)
                0x00000000101116a4                __clz_tab
 .rodata        0x00000000101117a4        0xa C:/Users/qfrancoi/Desktop/lab_4_project_template/sw/nios/camera_controller_bsp/\libhal_bsp.a(alt_dev.o)
 *fill*         0x00000000101117ae        0x2 
 .rodata        0x00000000101117b0       0x11 C:/Users/qfrancoi/Desktop/lab_4_project_template/sw/nios/camera_controller_bsp/\libhal_bsp.a(alt_main.o)
 *fill*         0x00000000101117c1        0x3 
 .rodata        0x00000000101117c4       0x1e C:/Users/qfrancoi/Desktop/lab_4_project_template/sw/nios/camera_controller_bsp/\libhal_bsp.a(alt_sys_init.o)
 *(.rodata1)
                0x00000000101117e4                . = ALIGN (0x4)
 *fill*         0x00000000101117e2        0x2 
                0x00000000101117e4                PROVIDE (__ram_rodata_end, ABSOLUTE (.))
                0x00000000101114a4                PROVIDE (__flash_rodata_start, LOADADDR (.rodata))

.rwdata         0x00000000101117e4     0x1b5c load address 0x0000000010113340
                0x00000000101117e4                PROVIDE (__ram_rwdata_start, ABSOLUTE (.))
                0x00000000101117e4                . = ALIGN (0x4)
 *(.got.plt)
 *(.got)
 *(.data1)
 *(.data .data.* .gnu.linkonce.d.*)
 .data          0x00000000101117e4        0x0 C:/Users/qfrancoi/Desktop/lab_4_project_template/sw/nios/camera_controller_bsp//obj/HAL/src/crt0.o
 .data          0x00000000101117e4        0x0 obj/default/cmos_sensor_output_generator/cmos_sensor_output_generator.o
 .data          0x00000000101117e4        0x0 obj/default/hello_world.o
 .data          0x00000000101117e4        0x0 obj/default/i2c/i2c.o
 .data          0x00000000101117e4        0x0 c:/altera_lite/16.0/nios2eds/bin/gnu/h-x86_64-mingw32/bin/../lib/gcc/nios2-elf/5.2.0\libgcc.a(lib2-divmod.o)
 .data          0x00000000101117e4        0x0 c:/altera_lite/16.0/nios2eds/bin/gnu/h-x86_64-mingw32/bin/../lib/gcc/nios2-elf/5.2.0/../../../../../H-x86_64-mingw32/nios2-elf/lib\libc.a(lib_a-fclose.o)
 .data          0x00000000101117e4        0x0 c:/altera_lite/16.0/nios2eds/bin/gnu/h-x86_64-mingw32/bin/../lib/gcc/nios2-elf/5.2.0/../../../../../H-x86_64-mingw32/nios2-elf/lib\libc.a(lib_a-fflush.o)
 .data          0x00000000101117e4        0x0 c:/altera_lite/16.0/nios2eds/bin/gnu/h-x86_64-mingw32/bin/../lib/gcc/nios2-elf/5.2.0/../../../../../H-x86_64-mingw32/nios2-elf/lib\libc.a(lib_a-findfp.o)
 .data          0x00000000101117e4        0x0 c:/altera_lite/16.0/nios2eds/bin/gnu/h-x86_64-mingw32/bin/../lib/gcc/nios2-elf/5.2.0/../../../../../H-x86_64-mingw32/nios2-elf/lib\libc.a(lib_a-fopen.o)
 .data          0x00000000101117e4        0x0 c:/altera_lite/16.0/nios2eds/bin/gnu/h-x86_64-mingw32/bin/../lib/gcc/nios2-elf/5.2.0/../../../../../H-x86_64-mingw32/nios2-elf/lib\libc.a(lib_a-fprintf.o)
 .data          0x00000000101117e4        0x0 c:/altera_lite/16.0/nios2eds/bin/gnu/h-x86_64-mingw32/bin/../lib/gcc/nios2-elf/5.2.0/../../../../../H-x86_64-mingw32/nios2-elf/lib\libc.a(lib_a-freer.o)
 .data          0x00000000101117e4        0x0 c:/altera_lite/16.0/nios2eds/bin/gnu/h-x86_64-mingw32/bin/../lib/gcc/nios2-elf/5.2.0/../../../../../H-x86_64-mingw32/nios2-elf/lib\libc.a(lib_a-fseek.o)
 .data          0x00000000101117e4        0x0 c:/altera_lite/16.0/nios2eds/bin/gnu/h-x86_64-mingw32/bin/../lib/gcc/nios2-elf/5.2.0/../../../../../H-x86_64-mingw32/nios2-elf/lib\libc.a(lib_a-fseeko.o)
 .data          0x00000000101117e4        0x0 c:/altera_lite/16.0/nios2eds/bin/gnu/h-x86_64-mingw32/bin/../lib/gcc/nios2-elf/5.2.0/../../../../../H-x86_64-mingw32/nios2-elf/lib\libc.a(lib_a-fstatr.o)
 .data          0x00000000101117e4        0x0 c:/altera_lite/16.0/nios2eds/bin/gnu/h-x86_64-mingw32/bin/../lib/gcc/nios2-elf/5.2.0/../../../../../H-x86_64-mingw32/nios2-elf/lib\libc.a(lib_a-fwalk.o)
 .data          0x00000000101117e4        0x0 c:/altera_lite/16.0/nios2eds/bin/gnu/h-x86_64-mingw32/bin/../lib/gcc/nios2-elf/5.2.0/../../../../../H-x86_64-mingw32/nios2-elf/lib\libc.a(lib_a-impure.o)
 .data.impure_data
                0x00000000101117e4      0x424 c:/altera_lite/16.0/nios2eds/bin/gnu/h-x86_64-mingw32/bin/../lib/gcc/nios2-elf/5.2.0/../../../../../H-x86_64-mingw32/nios2-elf/lib\libc.a(lib_a-impure.o)
 .data          0x0000000010111c08        0x0 c:/altera_lite/16.0/nios2eds/bin/gnu/h-x86_64-mingw32/bin/../lib/gcc/nios2-elf/5.2.0/../../../../../H-x86_64-mingw32/nios2-elf/lib\libc.a(lib_a-int_errno.o)
 .data          0x0000000010111c08        0x0 c:/altera_lite/16.0/nios2eds/bin/gnu/h-x86_64-mingw32/bin/../lib/gcc/nios2-elf/5.2.0/../../../../../H-x86_64-mingw32/nios2-elf/lib\libc.a(lib_a-makebuf.o)
 .data          0x0000000010111c08        0x0 c:/altera_lite/16.0/nios2eds/bin/gnu/h-x86_64-mingw32/bin/../lib/gcc/nios2-elf/5.2.0/../../../../../H-x86_64-mingw32/nios2-elf/lib\libc.a(lib_a-mallocr.o)
 .data.__malloc_av_
                0x0000000010111c08      0x408 c:/altera_lite/16.0/nios2eds/bin/gnu/h-x86_64-mingw32/bin/../lib/gcc/nios2-elf/5.2.0/../../../../../H-x86_64-mingw32/nios2-elf/lib\libc.a(lib_a-mallocr.o)
                0x0000000010111c08                __malloc_av_
 .data          0x0000000010112010        0x0 c:/altera_lite/16.0/nios2eds/bin/gnu/h-x86_64-mingw32/bin/../lib/gcc/nios2-elf/5.2.0/../../../../../H-x86_64-mingw32/nios2-elf/lib\libc.a(lib_a-memset.o)
 .data          0x0000000010112010        0x0 c:/altera_lite/16.0/nios2eds/bin/gnu/h-x86_64-mingw32/bin/../lib/gcc/nios2-elf/5.2.0/../../../../../H-x86_64-mingw32/nios2-elf/lib\libc.a(lib_a-openr.o)
 .data          0x0000000010112010        0x0 c:/altera_lite/16.0/nios2eds/bin/gnu/h-x86_64-mingw32/bin/../lib/gcc/nios2-elf/5.2.0/../../../../../H-x86_64-mingw32/nios2-elf/lib\libc.a(lib_a-printf.o)
 .data          0x0000000010112010        0x0 c:/altera_lite/16.0/nios2eds/bin/gnu/h-x86_64-mingw32/bin/../lib/gcc/nios2-elf/5.2.0/../../../../../H-x86_64-mingw32/nios2-elf/lib\libc.a(lib_a-refill.o)
 .data          0x0000000010112010        0x0 c:/altera_lite/16.0/nios2eds/bin/gnu/h-x86_64-mingw32/bin/../lib/gcc/nios2-elf/5.2.0/../../../../../H-x86_64-mingw32/nios2-elf/lib\libc.a(lib_a-sbrkr.o)
 .data          0x0000000010112010        0x0 c:/altera_lite/16.0/nios2eds/bin/gnu/h-x86_64-mingw32/bin/../lib/gcc/nios2-elf/5.2.0/../../../../../H-x86_64-mingw32/nios2-elf/lib\libc.a(lib_a-stdio.o)
 .data          0x0000000010112010        0x0 c:/altera_lite/16.0/nios2eds/bin/gnu/h-x86_64-mingw32/bin/../lib/gcc/nios2-elf/5.2.0/../../../../../H-x86_64-mingw32/nios2-elf/lib\libc.a(lib_a-vfprintf.o)
 .data          0x0000000010112010        0x0 c:/altera_lite/16.0/nios2eds/bin/gnu/h-x86_64-mingw32/bin/../lib/gcc/nios2-elf/5.2.0/../../../../../H-x86_64-mingw32/nios2-elf/lib\libc.a(lib_a-writer.o)
 .data          0x0000000010112010        0x0 c:/altera_lite/16.0/nios2eds/bin/gnu/h-x86_64-mingw32/bin/../lib/gcc/nios2-elf/5.2.0/../../../../../H-x86_64-mingw32/nios2-elf/lib\libc.a(lib_a-wsetup.o)
 .data          0x0000000010112010        0x0 c:/altera_lite/16.0/nios2eds/bin/gnu/h-x86_64-mingw32/bin/../lib/gcc/nios2-elf/5.2.0/../../../../../H-x86_64-mingw32/nios2-elf/lib\libc.a(closer.o)
 .data          0x0000000010112010        0x0 c:/altera_lite/16.0/nios2eds/bin/gnu/h-x86_64-mingw32/bin/../lib/gcc/nios2-elf/5.2.0/../../../../../H-x86_64-mingw32/nios2-elf/lib\libc.a(lib_a-dtoa.o)
 .data          0x0000000010112010        0x0 c:/altera_lite/16.0/nios2eds/bin/gnu/h-x86_64-mingw32/bin/../lib/gcc/nios2-elf/5.2.0/../../../../../H-x86_64-mingw32/nios2-elf/lib\libc.a(lib_a-flags.o)
 .data          0x0000000010112010        0x0 c:/altera_lite/16.0/nios2eds/bin/gnu/h-x86_64-mingw32/bin/../lib/gcc/nios2-elf/5.2.0/../../../../../H-x86_64-mingw32/nios2-elf/lib\libc.a(lib_a-isattyr.o)
 .data          0x0000000010112010        0x0 c:/altera_lite/16.0/nios2eds/bin/gnu/h-x86_64-mingw32/bin/../lib/gcc/nios2-elf/5.2.0/../../../../../H-x86_64-mingw32/nios2-elf/lib\libc.a(lib_a-locale.o)
 .data.lc_message_charset
                0x0000000010112010       0x20 c:/altera_lite/16.0/nios2eds/bin/gnu/h-x86_64-mingw32/bin/../lib/gcc/nios2-elf/5.2.0/../../../../../H-x86_64-mingw32/nios2-elf/lib\libc.a(lib_a-locale.o)
 .data.lc_ctype_charset
                0x0000000010112030       0x20 c:/altera_lite/16.0/nios2eds/bin/gnu/h-x86_64-mingw32/bin/../lib/gcc/nios2-elf/5.2.0/../../../../../H-x86_64-mingw32/nios2-elf/lib\libc.a(lib_a-locale.o)
 .data.lconv    0x0000000010112050       0x38 c:/altera_lite/16.0/nios2eds/bin/gnu/h-x86_64-mingw32/bin/../lib/gcc/nios2-elf/5.2.0/../../../../../H-x86_64-mingw32/nios2-elf/lib\libc.a(lib_a-locale.o)
 .data          0x0000000010112088        0x0 c:/altera_lite/16.0/nios2eds/bin/gnu/h-x86_64-mingw32/bin/../lib/gcc/nios2-elf/5.2.0/../../../../../H-x86_64-mingw32/nios2-elf/lib\libc.a(lib_a-lseekr.o)
 .data          0x0000000010112088        0x0 c:/altera_lite/16.0/nios2eds/bin/gnu/h-x86_64-mingw32/bin/../lib/gcc/nios2-elf/5.2.0/../../../../../H-x86_64-mingw32/nios2-elf/lib\libc.a(lib_a-memchr.o)
 .data          0x0000000010112088        0x0 c:/altera_lite/16.0/nios2eds/bin/gnu/h-x86_64-mingw32/bin/../lib/gcc/nios2-elf/5.2.0/../../../../../H-x86_64-mingw32/nios2-elf/lib\libc.a(lib_a-memcpy.o)
 .data          0x0000000010112088        0x0 c:/altera_lite/16.0/nios2eds/bin/gnu/h-x86_64-mingw32/bin/../lib/gcc/nios2-elf/5.2.0/../../../../../H-x86_64-mingw32/nios2-elf/lib\libc.a(lib_a-mprec.o)
 .data          0x0000000010112088        0x0 c:/altera_lite/16.0/nios2eds/bin/gnu/h-x86_64-mingw32/bin/../lib/gcc/nios2-elf/5.2.0/../../../../../H-x86_64-mingw32/nios2-elf/lib\libc.a(lib_a-readr.o)
 .data          0x0000000010112088        0x0 c:/altera_lite/16.0/nios2eds/bin/gnu/h-x86_64-mingw32/bin/../lib/gcc/nios2-elf/5.2.0/../../../../../H-x86_64-mingw32/nios2-elf/lib\libc.a(lib_a-s_fpclassify.o)
 .data          0x0000000010112088        0x0 c:/altera_lite/16.0/nios2eds/bin/gnu/h-x86_64-mingw32/bin/../lib/gcc/nios2-elf/5.2.0/../../../../../H-x86_64-mingw32/nios2-elf/lib\libc.a(lib_a-strcmp.o)
 .data          0x0000000010112088        0x0 c:/altera_lite/16.0/nios2eds/bin/gnu/h-x86_64-mingw32/bin/../lib/gcc/nios2-elf/5.2.0/../../../../../H-x86_64-mingw32/nios2-elf/lib\libc.a(lib_a-strlen.o)
 .data          0x0000000010112088        0x0 c:/altera_lite/16.0/nios2eds/bin/gnu/h-x86_64-mingw32/bin/../lib/gcc/nios2-elf/5.2.0/../../../../../H-x86_64-mingw32/nios2-elf/lib\libc.a(lib_a-vfiprintf.o)
 .data          0x0000000010112088        0x0 c:/altera_lite/16.0/nios2eds/bin/gnu/h-x86_64-mingw32/bin/../lib/gcc/nios2-elf/5.2.0/../../../../../H-x86_64-mingw32/nios2-elf/lib\libc.a(lib_a-callocr.o)
 .data          0x0000000010112088        0x0 c:/altera_lite/16.0/nios2eds/bin/gnu/h-x86_64-mingw32/bin/../lib/gcc/nios2-elf/5.2.0/../../../../../H-x86_64-mingw32/nios2-elf/lib\libc.a(lib_a-fputwc.o)
 .data          0x0000000010112088        0x0 c:/altera_lite/16.0/nios2eds/bin/gnu/h-x86_64-mingw32/bin/../lib/gcc/nios2-elf/5.2.0/../../../../../H-x86_64-mingw32/nios2-elf/lib\libc.a(lib_a-fvwrite.o)
 .data          0x0000000010112088        0x0 c:/altera_lite/16.0/nios2eds/bin/gnu/h-x86_64-mingw32/bin/../lib/gcc/nios2-elf/5.2.0/../../../../../H-x86_64-mingw32/nios2-elf/lib\libc.a(lib_a-memmove.o)
 .data          0x0000000010112088        0x0 c:/altera_lite/16.0/nios2eds/bin/gnu/h-x86_64-mingw32/bin/../lib/gcc/nios2-elf/5.2.0/../../../../../H-x86_64-mingw32/nios2-elf/lib\libc.a(lib_a-reallocr.o)
 .data          0x0000000010112088        0x0 c:/altera_lite/16.0/nios2eds/bin/gnu/h-x86_64-mingw32/bin/../lib/gcc/nios2-elf/5.2.0/../../../../../H-x86_64-mingw32/nios2-elf/lib\libc.a(lib_a-wbuf.o)
 .data          0x0000000010112088        0x0 c:/altera_lite/16.0/nios2eds/bin/gnu/h-x86_64-mingw32/bin/../lib/gcc/nios2-elf/5.2.0/../../../../../H-x86_64-mingw32/nios2-elf/lib\libc.a(lib_a-wcrtomb.o)
 .data          0x0000000010112088        0x0 c:/altera_lite/16.0/nios2eds/bin/gnu/h-x86_64-mingw32/bin/../lib/gcc/nios2-elf/5.2.0/../../../../../H-x86_64-mingw32/nios2-elf/lib\libc.a(lib_a-wctomb_r.o)
 .data          0x0000000010112088        0x0 c:/altera_lite/16.0/nios2eds/bin/gnu/h-x86_64-mingw32/bin/../lib/gcc/nios2-elf/5.2.0\libgcc.a(_udivdi3.o)
 .data          0x0000000010112088        0x0 c:/altera_lite/16.0/nios2eds/bin/gnu/h-x86_64-mingw32/bin/../lib/gcc/nios2-elf/5.2.0\libgcc.a(_umoddi3.o)
 .data          0x0000000010112088        0x0 c:/altera_lite/16.0/nios2eds/bin/gnu/h-x86_64-mingw32/bin/../lib/gcc/nios2-elf/5.2.0\libgcc.a(adddf3.o)
 .data          0x0000000010112088        0x0 c:/altera_lite/16.0/nios2eds/bin/gnu/h-x86_64-mingw32/bin/../lib/gcc/nios2-elf/5.2.0\libgcc.a(divdf3.o)
 .data          0x0000000010112088        0x0 c:/altera_lite/16.0/nios2eds/bin/gnu/h-x86_64-mingw32/bin/../lib/gcc/nios2-elf/5.2.0\libgcc.a(eqdf2.o)
 .data          0x0000000010112088        0x0 c:/altera_lite/16.0/nios2eds/bin/gnu/h-x86_64-mingw32/bin/../lib/gcc/nios2-elf/5.2.0\libgcc.a(gedf2.o)
 .data          0x0000000010112088        0x0 c:/altera_lite/16.0/nios2eds/bin/gnu/h-x86_64-mingw32/bin/../lib/gcc/nios2-elf/5.2.0\libgcc.a(ledf2.o)
 .data          0x0000000010112088        0x0 c:/altera_lite/16.0/nios2eds/bin/gnu/h-x86_64-mingw32/bin/../lib/gcc/nios2-elf/5.2.0\libgcc.a(muldf3.o)
 .data          0x0000000010112088        0x0 c:/altera_lite/16.0/nios2eds/bin/gnu/h-x86_64-mingw32/bin/../lib/gcc/nios2-elf/5.2.0\libgcc.a(subdf3.o)
 .data          0x0000000010112088        0x0 c:/altera_lite/16.0/nios2eds/bin/gnu/h-x86_64-mingw32/bin/../lib/gcc/nios2-elf/5.2.0\libgcc.a(fixdfsi.o)
 .data          0x0000000010112088        0x0 c:/altera_lite/16.0/nios2eds/bin/gnu/h-x86_64-mingw32/bin/../lib/gcc/nios2-elf/5.2.0\libgcc.a(floatsidf.o)
 .data          0x0000000010112088        0x0 c:/altera_lite/16.0/nios2eds/bin/gnu/h-x86_64-mingw32/bin/../lib/gcc/nios2-elf/5.2.0\libgcc.a(floatunsidf.o)
 .data          0x0000000010112088        0x0 c:/altera_lite/16.0/nios2eds/bin/gnu/h-x86_64-mingw32/bin/../lib/gcc/nios2-elf/5.2.0\libgcc.a(_clz.o)
 .data          0x0000000010112088        0x0 c:/altera_lite/16.0/nios2eds/bin/gnu/h-x86_64-mingw32/bin/../lib/gcc/nios2-elf/5.2.0\libgcc.a(_clzsi2.o)
 .data          0x0000000010112088        0x0 C:/Users/qfrancoi/Desktop/lab_4_project_template/sw/nios/camera_controller_bsp/\libhal_bsp.a(alt_close.o)
 .data          0x0000000010112088      0x1a8 C:/Users/qfrancoi/Desktop/lab_4_project_template/sw/nios/camera_controller_bsp/\libhal_bsp.a(alt_dev.o)
                0x0000000010112088                alt_dev_null
                0x00000000101120b0                alt_fd_list
 .data          0x0000000010112230        0x0 C:/Users/qfrancoi/Desktop/lab_4_project_template/sw/nios/camera_controller_bsp/\libhal_bsp.a(alt_errno.o)
 .data          0x0000000010112230        0x0 C:/Users/qfrancoi/Desktop/lab_4_project_template/sw/nios/camera_controller_bsp/\libhal_bsp.a(alt_fstat.o)
 .data          0x0000000010112230        0x0 C:/Users/qfrancoi/Desktop/lab_4_project_template/sw/nios/camera_controller_bsp/\libhal_bsp.a(alt_isatty.o)
 .data          0x0000000010112230        0x0 C:/Users/qfrancoi/Desktop/lab_4_project_template/sw/nios/camera_controller_bsp/\libhal_bsp.a(alt_load.o)
 .data          0x0000000010112230        0x0 C:/Users/qfrancoi/Desktop/lab_4_project_template/sw/nios/camera_controller_bsp/\libhal_bsp.a(alt_lseek.o)
 .data          0x0000000010112230        0x0 C:/Users/qfrancoi/Desktop/lab_4_project_template/sw/nios/camera_controller_bsp/\libhal_bsp.a(alt_main.o)
 .data          0x0000000010112230        0x0 C:/Users/qfrancoi/Desktop/lab_4_project_template/sw/nios/camera_controller_bsp/\libhal_bsp.a(alt_malloc_lock.o)
 .data          0x0000000010112230        0x0 C:/Users/qfrancoi/Desktop/lab_4_project_template/sw/nios/camera_controller_bsp/\libhal_bsp.a(alt_open.o)
 .data          0x0000000010112230        0x0 C:/Users/qfrancoi/Desktop/lab_4_project_template/sw/nios/camera_controller_bsp/\libhal_bsp.a(alt_read.o)
 .data          0x0000000010112230        0x0 C:/Users/qfrancoi/Desktop/lab_4_project_template/sw/nios/camera_controller_bsp/\libhal_bsp.a(alt_release_fd.o)
 .data          0x0000000010112230        0x0 C:/Users/qfrancoi/Desktop/lab_4_project_template/sw/nios/camera_controller_bsp/\libhal_bsp.a(alt_sbrk.o)
 .data          0x0000000010112230        0x0 C:/Users/qfrancoi/Desktop/lab_4_project_template/sw/nios/camera_controller_bsp/\libhal_bsp.a(alt_usleep.o)
 .data          0x0000000010112230        0x0 C:/Users/qfrancoi/Desktop/lab_4_project_template/sw/nios/camera_controller_bsp/\libhal_bsp.a(alt_write.o)
 .data          0x0000000010112230     0x1088 C:/Users/qfrancoi/Desktop/lab_4_project_template/sw/nios/camera_controller_bsp/\libhal_bsp.a(alt_sys_init.o)
 .data          0x00000000101132b8        0x0 C:/Users/qfrancoi/Desktop/lab_4_project_template/sw/nios/camera_controller_bsp/\libhal_bsp.a(altera_avalon_jtag_uart_fd.o)
 .data          0x00000000101132b8        0x0 C:/Users/qfrancoi/Desktop/lab_4_project_template/sw/nios/camera_controller_bsp/\libhal_bsp.a(altera_avalon_jtag_uart_init.o)
 .data          0x00000000101132b8        0x0 C:/Users/qfrancoi/Desktop/lab_4_project_template/sw/nios/camera_controller_bsp/\libhal_bsp.a(altera_avalon_jtag_uart_ioctl.o)
 .data          0x00000000101132b8        0x0 C:/Users/qfrancoi/Desktop/lab_4_project_template/sw/nios/camera_controller_bsp/\libhal_bsp.a(altera_avalon_jtag_uart_read.o)
 .data          0x00000000101132b8        0x0 C:/Users/qfrancoi/Desktop/lab_4_project_template/sw/nios/camera_controller_bsp/\libhal_bsp.a(altera_avalon_jtag_uart_write.o)
 .data          0x00000000101132b8        0x0 C:/Users/qfrancoi/Desktop/lab_4_project_template/sw/nios/camera_controller_bsp/\libhal_bsp.a(altera_hostfs.o)
 .data          0x00000000101132b8        0x0 C:/Users/qfrancoi/Desktop/lab_4_project_template/sw/nios/camera_controller_bsp/\libhal_bsp.a(alt_alarm_start.o)
 .data          0x00000000101132b8        0x0 C:/Users/qfrancoi/Desktop/lab_4_project_template/sw/nios/camera_controller_bsp/\libhal_bsp.a(alt_busy_sleep.o)
 .data          0x00000000101132b8        0x0 C:/Users/qfrancoi/Desktop/lab_4_project_template/sw/nios/camera_controller_bsp/\libhal_bsp.a(alt_dcache_flush_all.o)
 .data          0x00000000101132b8        0x0 C:/Users/qfrancoi/Desktop/lab_4_project_template/sw/nios/camera_controller_bsp/\libhal_bsp.a(alt_dev_llist_insert.o)
 .data          0x00000000101132b8        0x0 C:/Users/qfrancoi/Desktop/lab_4_project_template/sw/nios/camera_controller_bsp/\libhal_bsp.a(alt_do_ctors.o)
 .data          0x00000000101132b8        0x0 C:/Users/qfrancoi/Desktop/lab_4_project_template/sw/nios/camera_controller_bsp/\libhal_bsp.a(alt_do_dtors.o)
 .data          0x00000000101132b8        0x0 C:/Users/qfrancoi/Desktop/lab_4_project_template/sw/nios/camera_controller_bsp/\libhal_bsp.a(alt_find_dev.o)
 .data          0x00000000101132b8        0x0 C:/Users/qfrancoi/Desktop/lab_4_project_template/sw/nios/camera_controller_bsp/\libhal_bsp.a(alt_find_file.o)
 .data          0x00000000101132b8        0x0 C:/Users/qfrancoi/Desktop/lab_4_project_template/sw/nios/camera_controller_bsp/\libhal_bsp.a(alt_fs_reg.o)
 .data          0x00000000101132b8        0x0 C:/Users/qfrancoi/Desktop/lab_4_project_template/sw/nios/camera_controller_bsp/\libhal_bsp.a(alt_get_fd.o)
 .data          0x00000000101132b8        0x0 C:/Users/qfrancoi/Desktop/lab_4_project_template/sw/nios/camera_controller_bsp/\libhal_bsp.a(alt_icache_flush_all.o)
 .data          0x00000000101132b8        0x0 C:/Users/qfrancoi/Desktop/lab_4_project_template/sw/nios/camera_controller_bsp/\libhal_bsp.a(alt_iic.o)
 .data          0x00000000101132b8        0x0 C:/Users/qfrancoi/Desktop/lab_4_project_template/sw/nios/camera_controller_bsp/\libhal_bsp.a(alt_iic_isr_register.o)
 .data          0x00000000101132b8        0x0 C:/Users/qfrancoi/Desktop/lab_4_project_template/sw/nios/camera_controller_bsp/\libhal_bsp.a(alt_io_redirect.o)
 .data          0x00000000101132b8        0x0 C:/Users/qfrancoi/Desktop/lab_4_project_template/sw/nios/camera_controller_bsp/\libhal_bsp.a(alt_irq_entry.o)
 .data          0x00000000101132b8        0x0 C:/Users/qfrancoi/Desktop/lab_4_project_template/sw/nios/camera_controller_bsp/\libhal_bsp.a(alt_irq_handler.o)
 .data          0x00000000101132b8        0x0 C:/Users/qfrancoi/Desktop/lab_4_project_template/sw/nios/camera_controller_bsp/\libhal_bsp.a(alt_irq_vars.o)
 .data          0x00000000101132b8        0x0 C:/Users/qfrancoi/Desktop/lab_4_project_template/sw/nios/camera_controller_bsp/\libhal_bsp.a(alt_tick.o)
 .data          0x00000000101132b8        0x0 C:/Users/qfrancoi/Desktop/lab_4_project_template/sw/nios/camera_controller_bsp/\libhal_bsp.a(altera_nios2_gen2_irq.o)
 .data          0x00000000101132b8        0x0 C:/Users/qfrancoi/Desktop/lab_4_project_template/sw/nios/camera_controller_bsp/\libhal_bsp.a(alt_exception_entry.o)
 .data          0x00000000101132b8        0x0 C:/Users/qfrancoi/Desktop/lab_4_project_template/sw/nios/camera_controller_bsp/\libhal_bsp.a(alt_icache_flush.o)
 .data          0x00000000101132b8        0x0 C:/Users/qfrancoi/Desktop/lab_4_project_template/sw/nios/camera_controller_bsp/\libhal_bsp.a(alt_instruction_exception_entry.o)
 .data          0x00000000101132b8        0x0 c:/altera_lite/16.0/nios2eds/bin/gnu/h-x86_64-mingw32/bin/../lib/gcc/nios2-elf/5.2.0/../../../../../H-x86_64-mingw32/nios2-elf/lib\libc.a(lib_a-atexit.o)
 .data          0x00000000101132b8        0x0 c:/altera_lite/16.0/nios2eds/bin/gnu/h-x86_64-mingw32/bin/../lib/gcc/nios2-elf/5.2.0/../../../../../H-x86_64-mingw32/nios2-elf/lib\libc.a(lib_a-exit.o)
 .data          0x00000000101132b8        0x0 c:/altera_lite/16.0/nios2eds/bin/gnu/h-x86_64-mingw32/bin/../lib/gcc/nios2-elf/5.2.0/../../../../../H-x86_64-mingw32/nios2-elf/lib\libc.a(lib_a-memcmp.o)
 .data          0x00000000101132b8        0x0 c:/altera_lite/16.0/nios2eds/bin/gnu/h-x86_64-mingw32/bin/../lib/gcc/nios2-elf/5.2.0/../../../../../H-x86_64-mingw32/nios2-elf/lib\libc.a(lib_a-__atexit.o)
 .data          0x00000000101132b8        0x0 c:/altera_lite/16.0/nios2eds/bin/gnu/h-x86_64-mingw32/bin/../lib/gcc/nios2-elf/5.2.0/../../../../../H-x86_64-mingw32/nios2-elf/lib\libc.a(lib_a-__call_atexit.o)
 .data          0x00000000101132b8        0x0 C:/Users/qfrancoi/Desktop/lab_4_project_template/sw/nios/camera_controller_bsp/\libhal_bsp.a(alt_exit.o)
                0x000000001011b2b8                _gp = ABSOLUTE ((. + 0x8000))
                [!provide]                        PROVIDE (gp, _gp)
 *(.rwdata .rwdata.*)
 *(.sdata .sdata.* .gnu.linkonce.s.*)
 .sdata._global_impure_ptr
                0x00000000101132b8        0x4 c:/altera_lite/16.0/nios2eds/bin/gnu/h-x86_64-mingw32/bin/../lib/gcc/nios2-elf/5.2.0/../../../../../H-x86_64-mingw32/nios2-elf/lib\libc.a(lib_a-impure.o)
                0x00000000101132b8                _global_impure_ptr
 .sdata._impure_ptr
                0x00000000101132bc        0x4 c:/altera_lite/16.0/nios2eds/bin/gnu/h-x86_64-mingw32/bin/../lib/gcc/nios2-elf/5.2.0/../../../../../H-x86_64-mingw32/nios2-elf/lib\libc.a(lib_a-impure.o)
                0x00000000101132bc                _impure_ptr
 .sdata.__malloc_sbrk_base
                0x00000000101132c0        0x4 c:/altera_lite/16.0/nios2eds/bin/gnu/h-x86_64-mingw32/bin/../lib/gcc/nios2-elf/5.2.0/../../../../../H-x86_64-mingw32/nios2-elf/lib\libc.a(lib_a-mallocr.o)
                0x00000000101132c0                __malloc_sbrk_base
 .sdata.__malloc_trim_threshold
                0x00000000101132c4        0x4 c:/altera_lite/16.0/nios2eds/bin/gnu/h-x86_64-mingw32/bin/../lib/gcc/nios2-elf/5.2.0/../../../../../H-x86_64-mingw32/nios2-elf/lib\libc.a(lib_a-mallocr.o)
                0x00000000101132c4                __malloc_trim_threshold
 .sdata.__mb_cur_max
                0x00000000101132c8        0x4 c:/altera_lite/16.0/nios2eds/bin/gnu/h-x86_64-mingw32/bin/../lib/gcc/nios2-elf/5.2.0/../../../../../H-x86_64-mingw32/nios2-elf/lib\libc.a(lib_a-locale.o)
                0x00000000101132c8                __mb_cur_max
 .sdata.__wctomb
                0x00000000101132cc        0x4 c:/altera_lite/16.0/nios2eds/bin/gnu/h-x86_64-mingw32/bin/../lib/gcc/nios2-elf/5.2.0/../../../../../H-x86_64-mingw32/nios2-elf/lib\libc.a(lib_a-wctomb_r.o)
                0x00000000101132cc                __wctomb
 .sdata         0x00000000101132d0       0x14 C:/Users/qfrancoi/Desktop/lab_4_project_template/sw/nios/camera_controller_bsp/\libhal_bsp.a(alt_dev.o)
                0x00000000101132d0                alt_fs_list
                0x00000000101132d8                alt_dev_list
                0x00000000101132e0                alt_max_fd
 .sdata         0x00000000101132e4        0x4 C:/Users/qfrancoi/Desktop/lab_4_project_template/sw/nios/camera_controller_bsp/\libhal_bsp.a(alt_errno.o)
                0x00000000101132e4                alt_errno
 .sdata         0x00000000101132e8        0x4 C:/Users/qfrancoi/Desktop/lab_4_project_template/sw/nios/camera_controller_bsp/\libhal_bsp.a(alt_sbrk.o)
 .sdata         0x00000000101132ec       0x46 C:/Users/qfrancoi/Desktop/lab_4_project_template/sw/nios/camera_controller_bsp/\libhal_bsp.a(altera_hostfs.o)
 *fill*         0x0000000010113332        0x2 
 .sdata         0x0000000010113334        0x4 C:/Users/qfrancoi/Desktop/lab_4_project_template/sw/nios/camera_controller_bsp/\libhal_bsp.a(alt_irq_vars.o)
                0x0000000010113334                alt_priority_mask
 .sdata         0x0000000010113338        0x8 C:/Users/qfrancoi/Desktop/lab_4_project_template/sw/nios/camera_controller_bsp/\libhal_bsp.a(alt_tick.o)
                0x0000000010113338                alt_alarm_list
 *(.sdata2 .sdata2.* .gnu.linkonce.s2.*)
                0x0000000010113340                . = ALIGN (0x4)
                0x0000000010113340                _edata = ABSOLUTE (.)
                [!provide]                        PROVIDE (edata, ABSOLUTE (.))
                0x0000000010113340                PROVIDE (__ram_rwdata_end, ABSOLUTE (.))
                0x0000000010113340                PROVIDE (__flash_rwdata_start, LOADADDR (.rwdata))

.bss            0x0000000010114e9c      0x160
                0x0000000010114e9c                __bss_start = ABSOLUTE (.)
                [!provide]                        PROVIDE (__sbss_start, ABSOLUTE (.))
                [!provide]                        PROVIDE (___sbss_start, ABSOLUTE (.))
 *(.dynsbss)
 *(.sbss .sbss.* .gnu.linkonce.sb.*)
 .sbss          0x0000000010114e9c        0x4 c:/altera_lite/16.0/nios2eds/bin/gnu/h-x86_64-mingw32/bin/../lib/gcc/nios2-elf/5.2.0/../../../../../H-x86_64-mingw32/nios2-elf/lib\libc.a(lib_a-int_errno.o)