------------------------------------------------------------
TimeQuest Timing Analyzer Summary
------------------------------------------------------------

Type  : Slow 1100mV 85C Model Setup 'FPGA_CLK1_50'
Slack : -7.346
TNS   : -15.562

Type  : Slow 1100mV 85C Model Setup 'u0|pll_0|altera_pll_i|general[0].gpll~PLL_OUTPUT_COUNTER|divclk'
Slack : -6.000
TNS   : -33521.157

Type  : Slow 1100mV 85C Model Setup 'soc_system:u0|soc_system_hps_0:hps_0|soc_system_hps_0_hps_io:hps_io|soc_system_hps_0_hps_io_border:border|hps_sdram:hps_sdram_inst|hps_sdram_pll:pll|afi_clk_write_clk'
Slack : 1.730
TNS   : 0.000

Type  : Slow 1100mV 85C Model Setup 'altera_reserved_tck'
Slack : 11.613
TNS   : 0.000

Type  : Slow 1100mV 85C Model Hold 'soc_system:u0|soc_system_hps_0:hps_0|soc_system_hps_0_hps_io:hps_io|soc_system_hps_0_hps_io_border:border|hps_sdram:hps_sdram_inst|hps_sdram_pll:pll|afi_clk_write_clk'
Slack : 0.143
TNS   : 0.000

Type  : Slow 1100mV 85C Model Hold 'u0|pll_0|altera_pll_i|general[0].gpll~PLL_OUTPUT_COUNTER|divclk'
Slack : 0.224
TNS   : 0.000

Type  : Slow 1100mV 85C Model Hold 'FPGA_CLK1_50'
Slack : 0.251
TNS   : 0.000

Type  : Slow 1100mV 85C Model Hold 'altera_reserved_tck'
Slack : 0.296
TNS   : 0.000

Type  : Slow 1100mV 85C Model Recovery 'u0|pll_0|altera_pll_i|general[0].gpll~PLL_OUTPUT_COUNTER|divclk'
Slack : -5.355
TNS   : -40940.176

Type  : Slow 1100mV 85C Model Recovery 'soc_system:u0|soc_system_hps_0:hps_0|soc_system_hps_0_hps_io:hps_io|soc_system_hps_0_hps_io_border:border|hps_sdram:hps_sdram_inst|hps_sdram_pll:pll|afi_clk_write_clk'
Slack : 3.463
TNS   : 0.000

Type  : Slow 1100mV 85C Model Recovery 'FPGA_CLK1_50'
Slack : 12.529
TNS   : 0.000

Type  : Slow 1100mV 85C Model Recovery 'altera_reserved_tck'
Slack : 14.531
TNS   : 0.000

Type  : Slow 1100mV 85C Model Removal 'soc_system:u0|soc_system_hps_0:hps_0|soc_system_hps_0_hps_io:hps_io|soc_system_hps_0_hps_io_border:border|hps_sdram:hps_sdram_inst|hps_sdram_pll:pll|afi_clk_write_clk'
Slack : 0.286
TNS   : 0.000

Type  : Slow 1100mV 85C Model Removal 'altera_reserved_tck'
Slack : 0.598
TNS   : 0.000

Type  : Slow 1100mV 85C Model Removal 'FPGA_CLK1_50'
Slack : 0.869
TNS   : 0.000

Type  : Slow 1100mV 85C Model Removal 'u0|pll_0|altera_pll_i|general[0].gpll~PLL_OUTPUT_COUNTER|divclk'
Slack : 0.944
TNS   : 0.000

Type  : Slow 1100mV 85C Model Minimum Pulse Width 'u0|pll_0|altera_pll_i|general[0].gpll~FRACTIONAL_PLL|vcoph[0]'
Slack : 0.563
TNS   : 0.000

Type  : Slow 1100mV 85C Model Minimum Pulse Width 'soc_system:u0|soc_system_hps_0:hps_0|soc_system_hps_0_hps_io:hps_io|soc_system_hps_0_hps_io_border:border|hps_sdram:hps_sdram_inst|hps_sdram_pll:pll|pll_write_clk_dq_write_clk'
Slack : 0.608
TNS   : 0.000

Type  : Slow 1100mV 85C Model Minimum Pulse Width 'soc_system:u0|soc_system_hps_0:hps_0|soc_system_hps_0_hps_io:hps_io|soc_system_hps_0_hps_io_border:border|hps_sdram:hps_sdram_inst|hps_sdram_pll:pll|afi_clk_write_clk'
Slack : 0.623
TNS   : 0.000

Type  : Slow 1100mV 85C Model Minimum Pulse Width 'FPGA_CLK1_50'
Slack : 8.891
TNS   : 0.000

Type  : Slow 1100mV 85C Model Minimum Pulse Width 'altera_reserved_tck'
Slack : 15.300
TNS   : 0.000

Type  : Slow 1100mV 85C Model Minimum Pulse Width 'u0|pll_0|altera_pll_i|general[0].gpll~PLL_OUTPUT_COUNTER|divclk'
Slack : 25.805
TNS   : 0.000

Type  : Slow 1100mV 0C Model Setup 'FPGA_CLK1_50'
Slack : -7.176
TNS   : -15.162

Type  : Slow 1100mV 0C Model Setup 'u0|pll_0|altera_pll_i|general[0].gpll~PLL_OUTPUT_COUNTER|divclk'
Slack : -5.791
TNS   : -32232.922

Type  : Slow 1100mV 0C Model Setup 'soc_system:u0|soc_system_hps_0:hps_0|soc_system_hps_0_hps_io:hps_io|soc_system_hps_0_hps_io_border:border|hps_sdram:hps_sdram_inst|hps_sdram_pll:pll|afi_clk_write_clk'
Slack : 1.727
TNS   : 0.000

Type  : Slow 1100mV 0C Model Setup 'altera_reserved_tck'
Slack : 11.709
TNS   : 0.000

Type  : Slow 1100mV 0C Model Hold 'soc_system:u0|soc_system_hps_0:hps_0|soc_system_hps_0_hps_io:hps_io|soc_system_hps_0_hps_io_border:border|hps_sdram:hps_sdram_inst|hps_sdram_pll:pll|afi_clk_write_clk'
Slack : 0.162
TNS   : 0.000

Type  : Slow 1100mV 0C Model Hold 'FPGA_CLK1_50'
Slack : 0.235
TNS   : 0.000

Type  : Slow 1100mV 0C Model Hold 'altera_reserved_tck'
Slack : 0.291
TNS   : 0.000

Type  : Slow 1100mV 0C Model Hold 'u0|pll_0|altera_pll_i|general[0].gpll~PLL_OUTPUT_COUNTER|divclk'
Slack : 0.291
TNS   : 0.000

Type  : Slow 1100mV 0C Model Recovery 'u0|pll_0|altera_pll_i|general[0].gpll~PLL_OUTPUT_COUNTER|divclk'
Slack : -5.139
TNS   : -39659.846

Type  : Slow 1100mV 0C Model Recovery 'soc_system:u0|soc_system_hps_0:hps_0|soc_system_hps_0_hps_io:hps_io|soc_system_hps_0_hps_io_border:border|hps_sdram:hps_sdram_inst|hps_sdram_pll:pll|afi_clk_write_clk'
Slack : 3.554
TNS   : 0.000

Type  : Slow 1100mV 0C Model Recovery 'FPGA_CLK1_50'
Slack : 12.820
TNS   : 0.000

Type  : Slow 1100mV 0C Model Recovery 'altera_reserved_tck'
Slack : 14.606
TNS   : 0.000

Type  : Slow 1100mV 0C Model Removal 'soc_system:u0|soc_system_hps_0:hps_0|soc_system_hps_0_hps_io:hps_io|soc_system_hps_0_hps_io_border:border|hps_sdram:hps_sdram_inst|hps_sdram_pll:pll|afi_clk_write_clk'
Slack : 0.280
TNS   : 0.000

Type  : Slow 1100mV 0C Model Removal 'altera_reserved_tck'
Slack : 0.578
TNS   : 0.000

Type  : Slow 1100mV 0C Model Removal 'u0|pll_0|altera_pll_i|general[0].gpll~PLL_OUTPUT_COUNTER|divclk'
Slack : 0.732
TNS   : 0.000

Type  : Slow 1100mV 0C Model Removal 'FPGA_CLK1_50'
Slack : 0.813
TNS   : 0.000

Type  : Slow 1100mV 0C Model Minimum Pulse Width 'u0|pll_0|altera_pll_i|general[0].gpll~FRACTIONAL_PLL|vcoph[0]'
Slack : 0.563
TNS   : 0.000

Type  : Slow 1100mV 0C Model Minimum Pulse Width 'soc_system:u0|soc_system_hps_0:hps_0|soc_system_hps_0_hps_io:hps_io|soc_system_hps_0_hps_io_border:border|hps_sdram:hps_sdram_inst|hps_sdram_pll:pll|pll_write_clk_dq_write_clk'
Slack : 0.613
TNS   : 0.000

Type  : Slow 1100mV 0C Model Minimum Pulse Width 'soc_system:u0|soc_system_hps_0:hps_0|soc_system_hps_0_hps_io:hps_io|soc_system_hps_0_hps_io_border:border|hps_sdram:hps_sdram_inst|hps_sdram_pll:pll|afi_clk_write_clk'
Slack : 0.630
TNS   : 0.000

Type  : Slow 1100mV 0C Model Minimum Pulse Width 'FPGA_CLK1_50'
Slack : 8.928
TNS   : 0.000

Type  : Slow 1100mV 0C Model Minimum Pulse Width 'altera_reserved_tck'
Slack : 15.291
TNS   : 0.000

Type  : Slow 1100mV 0C Model Minimum Pulse Width 'u0|pll_0|altera_pll_i|general[0].gpll~PLL_OUTPUT_COUNTER|divclk'
Slack : 25.772
TNS   : 0.000

Type  : Fast 1100mV 85C Model Setup 'u0|pll_0|altera_pll_i|general[0].gpll~PLL_OUTPUT_COUNTER|divclk'
Slack : -4.210
TNS   : -22838.311

Type  : Fast 1100mV 85C Model Setup 'FPGA_CLK1_50'
Slack : -4.053
TNS   : -8.418

Type  : Fast 1100mV 85C Model Setup 'soc_system:u0|soc_system_hps_0:hps_0|soc_system_hps_0_hps_io:hps_io|soc_system_hps_0_hps_io_border:border|hps_sdram:hps_sdram_inst|hps_sdram_pll:pll|afi_clk_write_clk'
Slack : 2.110
TNS   : 0.000

Type  : Fast 1100mV 85C Model Setup 'altera_reserved_tck'
Slack : 13.917
TNS   : 0.000

Type  : Fast 1100mV 85C Model Hold 'soc_system:u0|soc_system_hps_0:hps_0|soc_system_hps_0_hps_io:hps_io|soc_system_hps_0_hps_io_border:border|hps_sdram:hps_sdram_inst|hps_sdram_pll:pll|afi_clk_write_clk'
Slack : 0.084
TNS   : 0.000

Type  : Fast 1100mV 85C Model Hold 'altera_reserved_tck'
Slack : 0.102
TNS   : 0.000

Type  : Fast 1100mV 85C Model Hold 'u0|pll_0|altera_pll_i|general[0].gpll~PLL_OUTPUT_COUNTER|divclk'
Slack : 0.141
TNS   : 0.000

Type  : Fast 1100mV 85C Model Hold 'FPGA_CLK1_50'
Slack : 0.149
TNS   : 0.000

Type  : Fast 1100mV 85C Model Recovery 'u0|pll_0|altera_pll_i|general[0].gpll~PLL_OUTPUT_COUNTER|divclk'
Slack : -3.329
TNS   : -25702.397

Type  : Fast 1100mV 85C Model Recovery 'soc_system:u0|soc_system_hps_0:hps_0|soc_system_hps_0_hps_io:hps_io|soc_system_hps_0_hps_io_border:border|hps_sdram:hps_sdram_inst|hps_sdram_pll:pll|afi_clk_write_clk'
Slack : 3.774
TNS   : 0.000

Type  : Fast 1100mV 85C Model Recovery 'FPGA_CLK1_50'
Slack : 14.872
TNS   : 0.000

Type  : Fast 1100mV 85C Model Recovery 'altera_reserved_tck'
Slack : 15.641
TNS   : 0.000

Type  : Fast 1100mV 85C Model Removal 'altera_reserved_tck'
Slack : 0.318
TNS   : 0.000

Type  : Fast 1100mV 85C Model Removal 'soc_system:u0|soc_system_hps_0:hps_0|soc_system_hps_0_hps_io:hps_io|soc_system_hps_0_hps_io_border:border|hps_sdram:hps_sdram_inst|hps_sdram_pll:pll|afi_clk_write_clk'
Slack : 0.397
TNS   : 0.000

Type  : Fast 1100mV 85C Model Removal 'FPGA_CLK1_50'
Slack : 0.509
TNS   : 0.000

Type  : Fast 1100mV 85C Model Removal 'u0|pll_0|altera_pll_i|general[0].gpll~PLL_OUTPUT_COUNTER|divclk'
Slack : 0.516
TNS   : 0.000

Type  : Fast 1100mV 85C Model Minimum Pulse Width 'u0|pll_0|altera_pll_i|general[0].gpll~FRACTIONAL_PLL|vcoph[0]'
Slack : 0.563
TNS   : 0.000

Type  : Fast 1100mV 85C Model Minimum Pulse Width 'soc_system:u0|soc_system_hps_0:hps_0|soc_system_hps_0_hps_io:hps_io|soc_system_hps_0_hps_io_border:border|hps_sdram:hps_sdram_inst|hps_sdram_pll:pll|pll_write_clk_dq_write_clk'
Slack : 0.883
TNS   : 0.000

Type  : Fast 1100mV 85C Model Minimum Pulse Width 'soc_system:u0|soc_system_hps_0:hps_0|soc_system_hps_0_hps_io:hps_io|soc_system_hps_0_hps_io_border:border|hps_sdram:hps_sdram_inst|hps_sdram_pll:pll|afi_clk_write_clk'
Slack : 0.891
TNS   : 0.000

Type  : Fast 1100mV 85C Model Minimum Pulse Width 'FPGA_CLK1_50'
Slack : 8.486
TNS   : 0.000

Type  : Fast 1100mV 85C Model Minimum Pulse Width 'altera_reserved_tck'
Slack : 15.235
TNS   : 0.000

Type  : Fast 1100mV 85C Model Minimum Pulse Width 'u0|pll_0|altera_pll_i|general[0].gpll~PLL_OUTPUT_COUNTER|divclk'
Slack : 25.925
TNS   : 0.000

Type  : Fast 1100mV 0C Model Setup 'FPGA_CLK1_50'
Slack : -3.767
TNS   : -7.958

Type  : Fast 1100mV 0C Model Setup 'u0|pll_0|altera_pll_i|general[0].gpll~PLL_OUTPUT_COUNTER|divclk'
Slack : -3.575
TNS   : -19134.944

Type  : Fast 1100mV 0C Model Setup 'soc_system:u0|soc_system_hps_0:hps_0|soc_system_hps_0_hps_io:hps_io|soc_system_hps_0_hps_io_border:border|hps_sdram:hps_sdram_inst|hps_sdram_pll:pll|afi_clk_write_clk'
Slack : 2.110
TNS   : 0.000

Type  : Fast 1100mV 0C Model Setup 'altera_reserved_tck'
Slack : 14.283
TNS   : 0.000

Type  : Fast 1100mV 0C Model Hold 'soc_system:u0|soc_system_hps_0:hps_0|soc_system_hps_0_hps_io:hps_io|soc_system_hps_0_hps_io_border:border|hps_sdram:hps_sdram_inst|hps_sdram_pll:pll|afi_clk_write_clk'
Slack : 0.077
TNS   : 0.000

Type  : Fast 1100mV 0C Model Hold 'altera_reserved_tck'
Slack : 0.086
TNS   : 0.000

Type  : Fast 1100mV 0C Model Hold 'FPGA_CLK1_50'
Slack : 0.138
TNS   : 0.000

Type  : Fast 1100mV 0C Model Hold 'u0|pll_0|altera_pll_i|general[0].gpll~PLL_OUTPUT_COUNTER|divclk'
Slack : 0.149
TNS   : 0.000

Type  : Fast 1100mV 0C Model Recovery 'u0|pll_0|altera_pll_i|general[0].gpll~PLL_OUTPUT_COUNTER|divclk'
Slack : -2.992
TNS   : -23072.658

Type  : Fast 1100mV 0C Model Recovery 'soc_system:u0|soc_system_hps_0:hps_0|soc_system_hps_0_hps_io:hps_io|soc_system_hps_0_hps_io_border:border|hps_sdram:hps_sdram_inst|hps_sdram_pll:pll|afi_clk_write_clk'
Slack : 3.872
TNS   : 0.000

Type  : Fast 1100mV 0C Model Recovery 'FPGA_CLK1_50'
Slack : 15.577
TNS   : 0.000

Type  : Fast 1100mV 0C Model Recovery 'altera_reserved_tck'
Slack : 15.851
TNS   : 0.000

Type  : Fast 1100mV 0C Model Removal 'altera_reserved_tck'
Slack : 0.292
TNS   : 0.000

Type  : Fast 1100mV 0C Model Removal 'u0|pll_0|altera_pll_i|general[0].gpll~PLL_OUTPUT_COUNTER|divclk'
Slack : 0.337
TNS   : 0.000

Type  : Fast 1100mV 0C Model Removal 'soc_system:u0|soc_system_hps_0:hps_0|soc_system_hps_0_hps_io:hps_io|soc_system_hps_0_hps_io_border:border|hps_sdram:hps_sdram_inst|hps_sdram_pll:pll|afi_clk_write_clk'
Slack : 0.373
TNS   : 0.000

Type  : Fast 1100mV 0C Model Removal 'FPGA_CLK1_50'
Slack : 0.459
TNS   : 0.000

Type  : Fast 1100mV 0C Model Minimum Pulse Width 'u0|pll_0|altera_pll_i|general[0].gpll~FRACTIONAL_PLL|vcoph[0]'
Slack : 0.563
TNS   : 0.000

Type  : Fast 1100mV 0C Model Minimum Pulse Width 'soc_system:u0|soc_system_hps_0:hps_0|soc_system_hps_0_hps_io:hps_io|soc_system_hps_0_hps_io_border:border|hps_sdram:hps_sdram_inst|hps_sdram_pll:pll|pll_write_clk_dq_write_clk'
Slack : 0.887
TNS   : 0.000

Type  : Fast 1100mV 0C Model Minimum Pulse Width 'soc_system:u0|soc_system_hps_0:hps_0|soc_system_hps_0_hps_io:hps_io|soc_system_hps_0_hps_io_border:border|hps_sdram:hps_sdram_inst|hps_sdram_pll:pll|afi_clk_write_clk'
Slack : 0.894
TNS   : 0.000

Type  : Fast 1100mV 0C Model Minimum Pulse Width 'FPGA_CLK1_50'
Slack : 8.437
TNS   : 0.000

Type  : Fast 1100mV 0C Model Minimum Pulse Width 'altera_reserved_tck'
Slack : 15.256
TNS   : 0.000

Type  : Fast 1100mV 0C Model Minimum Pulse Width 'u0|pll_0|altera_pll_i|general[0].gpll~PLL_OUTPUT_COUNTER|divclk'
Slack : 25.930
TNS   : 0.000

------------------------------------------------------------
Info: see the "DDR report" for DDR timing results
------------------------------------------------------------
------------------------------------------------------------
